PRT1
317
930
4 0 77 (0 72 688 ) (0 72 692 ) (0 128 692 ) (0 128 688 ) 
4 0 75 (64 72 692 ) (0 72 692 ) (0 72 688 ) (64 72 688 ) 
4 0 33 (128 72 688 ) (128 72 692 ) (64 72 692 ) (64 72 688 ) 
4 0 1 (128 72 688 ) (0 72 688 ) (0 128 688 ) (128 128 688 ) 
4 1 79 (0 72 583 ) (0 72 584 ) (0 128 584 ) (0 128 583 ) 
4 1 78 (0 72 584 ) (0 72 688 ) (0 128 688 ) (0 128 584 ) 
4 1 76 (64 72 688 ) (0 72 688 ) (0 72 583 ) (64 72 583 ) 
4 1 34 (128 72 583 ) (128 72 688 ) (64 72 688 ) (64 72 583 ) 
4 1 6 (0 94 583 ) (0 113 583 ) (128 113 583 ) (128 94 583 ) 
4 1 10 (128 72 583 ) (0 72 583 ) (0 94 583 ) (128 94 583 ) 
4 1 4 (28 127 583 ) (28 113 583 ) (4 113 583 ) (4 127 583 ) 
4 1 3 (4 128 583 ) (28 128 583 ) (28 127 583 ) (4 127 583 ) 
4 1 2 (28 128 583 ) (128 128 583 ) (128 113 583 ) (28 113 583 ) 
4 1 5 (0 113 583 ) (0 128 583 ) (4 128 583 ) (4 113 583 ) 
4 2 11 (28 128 543 ) (128 128 543 ) (128 113 543 ) (28 113 543 ) 
4 2 8 (127 113 569 ) (28 113 569 ) (28 113 551 ) (127 113 551 ) 
4 2 7 (128 113 551 ) (128 113 569 ) (127 113 569 ) (127 113 551 ) 
4 2 6 (128 113 569 ) (128 113 583 ) (28 113 583 ) (28 113 569 ) 
4 2 9 (28 113 543 ) (128 113 543 ) (128 113 551 ) (28 113 551 ) 
4 2 4 (28 127 543 ) (28 113 543 ) (28 113 583 ) (28 127 583 ) 
4 2 3 (28 128 543 ) (28 127 543 ) (28 127 583 ) (28 128 583 ) 
4 3 11 (4 128 543 ) (28 128 543 ) (28 127 543 ) (4 127 543 ) 
4 3 5 (4 128 543 ) (4 127 543 ) (4 127 583 ) (4 128 583 ) 
4 3 4 (4 127 583 ) (4 127 543 ) (28 127 543 ) (28 127 583 ) 
4 4 11 (28 127 543 ) (28 113 543 ) (4 113 543 ) (4 127 543 ) 
4 4 8 (28 113 551 ) (28 113 569 ) (4 113 569 ) (4 113 551 ) 
4 4 6 (28 113 569 ) (28 113 583 ) (4 113 583 ) (4 113 569 ) 
4 4 9 (4 113 543 ) (28 113 543 ) (28 113 551 ) (4 113 551 ) 
4 4 5 (4 127 543 ) (4 113 543 ) (4 113 583 ) (4 127 583 ) 
4 5 79 (0 113 583 ) (0 128 583 ) (0 128 543 ) (0 113 543 ) 
4 5 11 (0 113 543 ) (0 128 543 ) (4 128 543 ) (4 113 543 ) 
4 5 8 (4 113 551 ) (4 113 569 ) (0 113 569 ) (0 113 551 ) 
4 5 6 (4 113 569 ) (4 113 583 ) (0 113 583 ) (0 113 569 ) 
4 5 9 (0 113 543 ) (4 113 543 ) (4 113 551 ) (0 113 551 ) 
4 6 79 (0 94 583 ) (0 113 583 ) (0 113 569 ) (0 94 569 ) 
4 6 8 (127 94 569 ) (0 94 569 ) (0 113 569 ) (127 113 569 ) 
4 6 7 (128 94 569 ) (127 94 569 ) (127 113 569 ) (128 113 569 ) 
4 6 10 (128 94 569 ) (128 94 583 ) (0 94 583 ) (0 94 569 ) 
4 7 10 (128 94 551 ) (128 94 569 ) (127 94 569 ) (127 94 551 ) 
4 7 9 (128 94 551 ) (127 94 551 ) (127 113 551 ) (128 113 551 ) 
4 7 8 (127 113 551 ) (127 94 551 ) (127 94 569 ) (127 113 569 ) 
4 8 79 (0 113 569 ) (0 113 551 ) (0 94 551 ) (0 94 569 ) 
4 8 10 (127 94 569 ) (0 94 569 ) (0 94 551 ) (127 94 551 ) 
4 8 9 (127 94 551 ) (0 94 551 ) (0 113 551 ) (127 113 551 ) 
4 9 79 (0 113 551 ) (0 113 543 ) (0 94 543 ) (0 94 551 ) 
4 9 11 (0 94 543 ) (0 113 543 ) (128 113 543 ) (128 94 543 ) 
4 9 10 (0 94 543 ) (128 94 543 ) (128 94 551 ) (0 94 551 ) 
4 10 79 (0 72 543 ) (0 72 583 ) (0 94 583 ) (0 94 543 ) 
4 10 76 (64 72 583 ) (0 72 583 ) (0 72 543 ) (64 72 543 ) 
4 10 35 (128 72 543 ) (128 72 547 ) (64 72 547 ) (64 72 543 ) 
4 10 34 (128 72 547 ) (128 72 583 ) (64 72 583 ) (64 72 547 ) 
4 10 11 (128 72 543 ) (0 72 543 ) (0 94 543 ) (128 94 543 ) 
4 11 79 (0 72 512 ) (0 72 543 ) (0 128 543 ) (0 128 512 ) 
4 11 76 (64 72 543 ) (0 72 543 ) (0 72 512 ) (64 72 512 ) 
4 11 39 (128 72 519 ) (128 72 526 ) (64 72 526 ) (64 72 519 ) 
4 11 37 (128 72 526 ) (128 72 533 ) (64 72 533 ) (64 72 526 ) 
4 11 36 (128 72 533 ) (128 72 540 ) (64 72 540 ) (64 72 533 ) 
4 11 35 (128 72 540 ) (128 72 543 ) (64 72 543 ) (64 72 540 ) 
4 12 84 (0 72 472 ) (0 72 504 ) (0 128 504 ) (0 128 472 ) 
4 12 76 (64 72 504 ) (0 72 504 ) (0 72 472 ) (64 72 472 ) 
4 12 41 (128 72 472 ) (128 72 504 ) (64 72 504 ) (64 72 472 ) 
4 12 15 (12 72 472 ) (0 72 472 ) (0 127 472 ) (12 127 472 ) 
4 12 14 (0 127 472 ) (0 128 472 ) (12 128 472 ) (12 127 472 ) 
4 12 13 (128 72 472 ) (12 72 472 ) (12 128 472 ) (128 128 472 ) 
4 13 76 (64 72 472 ) (12 72 472 ) (12 72 400 ) (64 72 400 ) 
4 13 47 (128 72 407 ) (128 72 414 ) (64 72 414 ) (64 72 407 ) 
4 13 45 (128 72 414 ) (128 72 421 ) (64 72 421 ) (64 72 414 ) 
4 13 44 (128 72 421 ) (128 72 428 ) (64 72 428 ) (64 72 421 ) 
4 13 41 (128 72 428 ) (128 72 472 ) (64 72 472 ) (64 72 428 ) 
4 13 15 (12 72 432 ) (12 72 472 ) (12 127 472 ) (12 127 432 ) 
4 13 14 (12 127 472 ) (12 128 472 ) (12 128 432 ) (12 127 432 ) 
4 13 16 (12 128 400 ) (12 72 400 ) (12 72 432 ) (12 128 432 ) 
4 14 85 (0 127 472 ) (0 128 472 ) (0 128 432 ) (0 127 432 ) 
4 14 16 (0 128 432 ) (12 128 432 ) (12 127 432 ) (0 127 432 ) 
4 14 15 (0 127 432 ) (12 127 432 ) (12 127 472 ) (0 127 472 ) 
4 15 86 (0 72 432 ) (0 72 472 ) (0 127 472 ) (0 127 432 ) 
4 15 76 (12 72 472 ) (0 72 472 ) (0 72 432 ) (12 72 432 ) 
4 15 16 (12 127 432 ) (12 72 432 ) (0 72 432 ) (0 127 432 ) 
4 16 88 (0 72 400 ) (0 72 432 ) (0 128 432 ) (0 128 400 ) 
4 16 76 (0 72 432 ) (0 72 400 ) (12 72 400 ) (12 72 432 ) 
4 17 89 (0 72 360 ) (0 72 392 ) (0 128 392 ) (0 128 360 ) 
4 17 76 (64 72 392 ) (0 72 392 ) (0 72 360 ) (64 72 360 ) 
4 17 49 (128 72 360 ) (128 72 392 ) (64 72 392 ) (64 72 360 ) 
4 17 20 (12 72 360 ) (0 72 360 ) (0 127 360 ) (12 127 360 ) 
4 17 19 (0 127 360 ) (0 128 360 ) (12 128 360 ) (12 127 360 ) 
4 17 18 (128 72 360 ) (12 72 360 ) (12 128 360 ) (128 128 360 ) 
4 18 76 (64 72 360 ) (12 72 360 ) (12 72 288 ) (64 72 288 ) 
4 18 55 (128 72 295 ) (128 72 302 ) (64 72 302 ) (64 72 295 ) 
4 18 53 (128 72 302 ) (128 72 309 ) (64 72 309 ) (64 72 302 ) 
4 18 52 (128 72 309 ) (128 72 316 ) (64 72 316 ) (64 72 309 ) 
4 18 49 (128 72 316 ) (128 72 360 ) (64 72 360 ) (64 72 316 ) 
4 18 20 (12 72 320 ) (12 72 360 ) (12 127 360 ) (12 127 320 ) 
4 18 19 (12 127 360 ) (12 128 360 ) (12 128 320 ) (12 127 320 ) 
4 18 21 (12 128 288 ) (12 72 288 ) (12 72 320 ) (12 128 320 ) 
4 19 90 (0 127 360 ) (0 128 360 ) (0 128 320 ) (0 127 320 ) 
4 19 21 (0 128 320 ) (12 128 320 ) (12 127 320 ) (0 127 320 ) 
4 19 20 (0 127 320 ) (12 127 320 ) (12 127 360 ) (0 127 360 ) 
4 20 91 (0 72 320 ) (0 72 360 ) (0 127 360 ) (0 127 320 ) 
4 20 76 (12 72 360 ) (0 72 360 ) (0 72 320 ) (12 72 320 ) 
4 20 21 (12 127 320 ) (12 72 320 ) (0 72 320 ) (0 127 320 ) 
4 21 93 (0 72 288 ) (0 72 320 ) (0 128 320 ) (0 128 288 ) 
4 21 76 (0 72 320 ) (0 72 288 ) (12 72 288 ) (12 72 320 ) 
4 22 94 (0 72 248 ) (0 72 280 ) (0 128 280 ) (0 128 248 ) 
4 22 76 (64 72 280 ) (0 72 280 ) (0 72 248 ) (64 72 248 ) 
4 22 57 (128 72 248 ) (128 72 280 ) (64 72 280 ) (64 72 248 ) 
4 22 25 (12 72 248 ) (0 72 248 ) (0 127 248 ) (12 127 248 ) 
4 22 24 (0 127 248 ) (0 128 248 ) (12 128 248 ) (12 127 248 ) 
4 22 23 (128 72 248 ) (12 72 248 ) (12 128 248 ) (128 128 248 ) 
4 23 76 (64 72 248 ) (12 72 248 ) (12 72 176 ) (64 72 176 ) 
4 23 63 (128 72 183 ) (128 72 190 ) (64 72 190 ) (64 72 183 ) 
4 23 61 (128 72 190 ) (128 72 197 ) (64 72 197 ) (64 72 190 ) 
4 23 60 (128 72 197 ) (128 72 204 ) (64 72 204 ) (64 72 197 ) 
4 23 57 (128 72 204 ) (128 72 248 ) (64 72 248 ) (64 72 204 ) 
4 23 25 (12 72 208 ) (12 72 248 ) (12 127 248 ) (12 127 208 ) 
4 23 24 (12 127 248 ) (12 128 248 ) (12 128 208 ) (12 127 208 ) 
4 23 26 (12 128 176 ) (12 72 176 ) (12 72 208 ) (12 128 208 ) 
4 24 95 (0 127 248 ) (0 128 248 ) (0 128 208 ) (0 127 208 ) 
4 24 26 (0 128 208 ) (12 128 208 ) (12 127 208 ) (0 127 208 ) 
4 24 25 (0 127 208 ) (12 127 208 ) (12 127 248 ) (0 127 248 ) 
4 25 96 (0 72 208 ) (0 72 248 ) (0 127 248 ) (0 127 208 ) 
4 25 76 (12 72 248 ) (0 72 248 ) (0 72 208 ) (12 72 208 ) 
4 25 26 (12 127 208 ) (12 72 208 ) (0 72 208 ) (0 127 208 ) 
4 26 98 (0 72 176 ) (0 72 208 ) (0 128 208 ) (0 128 176 ) 
4 26 76 (0 72 208 ) (0 72 176 ) (12 72 176 ) (12 72 208 ) 
4 27 76 (64 72 168 ) (12 72 168 ) (12 72 64 ) (64 72 64 ) 
4 27 71 (128 72 71 ) (128 72 78 ) (64 72 78 ) (64 72 71 ) 
4 27 69 (128 72 78 ) (128 72 85 ) (64 72 85 ) (64 72 78 ) 
4 27 68 (128 72 85 ) (128 72 92 ) (64 72 92 ) (64 72 85 ) 
4 27 65 (128 72 92 ) (128 72 168 ) (64 72 168 ) (64 72 92 ) 
4 27 30 (12 72 96 ) (12 72 136 ) (12 127 136 ) (12 127 96 ) 
4 27 29 (12 127 136 ) (12 128 136 ) (12 128 96 ) (12 127 96 ) 
4 27 28 (12 72 136 ) (12 72 168 ) (12 128 168 ) (12 128 136 ) 
4 27 31 (12 128 64 ) (12 72 64 ) (12 72 96 ) (12 128 96 ) 
4 28 99 (0 72 136 ) (0 72 168 ) (0 128 168 ) (0 128 136 ) 
4 28 76 (12 72 168 ) (0 72 168 ) (0 72 136 ) (12 72 136 ) 
4 28 30 (12 127 136 ) (12 72 136 ) (0 72 136 ) (0 127 136 ) 
4 28 29 (0 128 136 ) (12 128 136 ) (12 127 136 ) (0 127 136 ) 
4 29 100 (0 127 136 ) (0 128 136 ) (0 128 96 ) (0 127 96 ) 
4 29 31 (0 128 96 ) (12 128 96 ) (12 127 96 ) (0 127 96 ) 
4 29 30 (0 127 96 ) (12 127 96 ) (12 127 136 ) (0 127 136 ) 
4 30 101 (0 72 96 ) (0 72 136 ) (0 127 136 ) (0 127 96 ) 
4 30 76 (0 72 136 ) (0 72 96 ) (12 72 96 ) (12 72 136 ) 
4 30 31 (12 127 96 ) (12 72 96 ) (0 72 96 ) (0 127 96 ) 
4 31 102 (0 72 64 ) (0 72 96 ) (0 128 96 ) (0 128 64 ) 
4 31 76 (0 72 96 ) (0 72 64 ) (12 72 64 ) (12 72 96 ) 
4 32 104 (0 72 0 ) (0 72 56 ) (0 128 56 ) (0 128 0 ) 
4 32 76 (64 72 56 ) (0 72 56 ) (0 72 0 ) (64 72 0 ) 
4 32 74 (128 72 0 ) (128 72 56 ) (64 72 56 ) (64 72 0 ) 
4 33 153 (128 0 688 ) (128 0 692 ) (64 0 692 ) (64 0 688 ) 
4 33 75 (64 72 692 ) (64 72 688 ) (64 0 688 ) (64 0 692 ) 
4 33 34 (64 0 688 ) (64 72 688 ) (128 72 688 ) (128 0 688 ) 
4 34 158 (128 0 547 ) (128 0 554 ) (64 0 554 ) (64 0 547 ) 
4 34 156 (128 0 554 ) (128 0 561 ) (64 0 561 ) (64 0 554 ) 
4 34 155 (128 0 561 ) (128 0 568 ) (64 0 568 ) (64 0 561 ) 
4 34 154 (128 0 568 ) (128 0 688 ) (64 0 688 ) (64 0 568 ) 
4 34 76 (64 72 688 ) (64 72 547 ) (64 0 547 ) (64 0 688 ) 
4 34 35 (64 8 547 ) (64 72 547 ) (128 72 547 ) (128 8 547 ) 
4 35 76 (64 72 547 ) (64 72 540 ) (64 8 540 ) (64 8 547 ) 
4 35 36 (64 24 540 ) (64 72 540 ) (128 72 540 ) (128 24 540 ) 
4 36 76 (64 72 540 ) (64 72 533 ) (64 24 533 ) (64 24 540 ) 
4 36 37 (64 40 533 ) (64 72 533 ) (128 72 533 ) (128 40 533 ) 
4 37 76 (64 72 533 ) (64 72 526 ) (64 40 526 ) (64 40 533 ) 
4 37 39 (64 56 526 ) (64 72 526 ) (128 72 526 ) (128 56 526 ) 
4 38 161 (128 0 526 ) (128 0 533 ) (64 0 533 ) (64 0 526 ) 
4 38 76 (64 8 526 ) (64 0 526 ) (64 0 533 ) (64 8 533 ) 
4 38 40 (64 0 526 ) (64 8 526 ) (128 8 526 ) (128 0 526 ) 
4 39 76 (64 72 526 ) (64 72 519 ) (64 56 519 ) (64 56 526 ) 
4 40 161 (128 0 519 ) (128 0 526 ) (64 0 526 ) (64 0 519 ) 
4 40 76 (64 24 519 ) (64 0 519 ) (64 0 526 ) (64 24 526 ) 
4 40 43 (64 0 519 ) (64 8 519 ) (128 8 519 ) (128 0 519 ) 
4 40 42 (64 8 519 ) (64 24 519 ) (128 24 519 ) (128 8 519 ) 
4 41 76 (64 72 512 ) (64 72 428 ) (64 40 428 ) (64 40 512 ) 
4 41 44 (64 40 428 ) (64 72 428 ) (128 72 428 ) (128 40 428 ) 
4 41 42 (64 40 428 ) (128 40 428 ) (128 40 512 ) (64 40 512 ) 
4 42 76 (64 40 428 ) (64 8 428 ) (64 8 519 ) (64 40 519 ) 
4 42 44 (64 24 428 ) (64 40 428 ) (128 40 428 ) (128 24 428 ) 
4 42 43 (128 8 435 ) (128 8 519 ) (64 8 519 ) (64 8 435 ) 
4 43 166 (128 0 435 ) (128 0 442 ) (64 0 442 ) (64 0 435 ) 
4 43 164 (128 0 442 ) (128 0 449 ) (64 0 449 ) (64 0 442 ) 
4 43 161 (128 0 449 ) (128 0 519 ) (64 0 519 ) (64 0 449 ) 
4 43 76 (64 0 435 ) (64 0 519 ) (64 8 519 ) (64 8 435 ) 
4 44 76 (64 72 428 ) (64 72 421 ) (64 24 421 ) (64 24 428 ) 
4 44 45 (64 40 421 ) (64 72 421 ) (128 72 421 ) (128 40 421 ) 
4 45 76 (64 72 421 ) (64 72 414 ) (64 40 414 ) (64 40 421 ) 
4 45 47 (64 56 414 ) (64 72 414 ) (128 72 414 ) (128 56 414 ) 
4 46 168 (128 0 414 ) (128 0 421 ) (64 0 421 ) (64 0 414 ) 
4 46 76 (64 8 414 ) (64 0 414 ) (64 0 421 ) (64 8 421 ) 
4 46 48 (64 0 414 ) (64 8 414 ) (128 8 414 ) (128 0 414 ) 
4 47 76 (64 72 414 ) (64 72 407 ) (64 56 407 ) (64 56 414 ) 
4 48 168 (128 0 407 ) (128 0 414 ) (64 0 414 ) (64 0 407 ) 
4 48 76 (64 24 407 ) (64 0 407 ) (64 0 414 ) (64 24 414 ) 
4 48 51 (64 0 407 ) (64 8 407 ) (128 8 407 ) (128 0 407 ) 
4 48 50 (64 8 407 ) (64 24 407 ) (128 24 407 ) (128 8 407 ) 
4 49 76 (64 72 400 ) (64 72 316 ) (64 40 316 ) (64 40 400 ) 
4 49 52 (64 40 316 ) (64 72 316 ) (128 72 316 ) (128 40 316 ) 
4 49 50 (64 40 316 ) (128 40 316 ) (128 40 400 ) (64 40 400 ) 
4 50 76 (64 40 316 ) (64 8 316 ) (64 8 407 ) (64 40 407 ) 
4 50 52 (64 24 316 ) (64 40 316 ) (128 40 316 ) (128 24 316 ) 
4 50 51 (128 8 323 ) (128 8 407 ) (64 8 407 ) (64 8 323 ) 
4 51 173 (128 0 323 ) (128 0 330 ) (64 0 330 ) (64 0 323 ) 
4 51 168 (128 0 330 ) (128 0 407 ) (64 0 407 ) (64 0 330 ) 
4 51 76 (64 0 323 ) (64 0 407 ) (64 8 407 ) (64 8 323 ) 
4 52 76 (64 72 316 ) (64 72 309 ) (64 24 309 ) (64 24 316 ) 
4 52 53 (64 40 309 ) (64 72 309 ) (128 72 309 ) (128 40 309 ) 
4 53 76 (64 72 309 ) (64 72 302 ) (64 40 302 ) (64 40 309 ) 
4 53 55 (64 56 302 ) (64 72 302 ) (128 72 302 ) (128 56 302 ) 
4 54 176 (128 0 302 ) (128 0 309 ) (64 0 309 ) (64 0 302 ) 
4 54 76 (64 8 302 ) (64 0 302 ) (64 0 309 ) (64 8 309 ) 
4 54 56 (64 0 302 ) (64 8 302 ) (128 8 302 ) (128 0 302 ) 
4 55 76 (64 72 302 ) (64 72 295 ) (64 56 295 ) (64 56 302 ) 
4 56 176 (128 0 295 ) (128 0 302 ) (64 0 302 ) (64 0 295 ) 
4 56 76 (64 24 295 ) (64 0 295 ) (64 0 302 ) (64 24 302 ) 
4 56 59 (64 0 295 ) (64 8 295 ) (128 8 295 ) (128 0 295 ) 
4 56 58 (64 8 295 ) (64 24 295 ) (128 24 295 ) (128 8 295 ) 
4 57 76 (64 72 288 ) (64 72 204 ) (64 40 204 ) (64 40 288 ) 
4 57 60 (64 40 204 ) (64 72 204 ) (128 72 204 ) (128 40 204 ) 
4 57 58 (64 40 204 ) (128 40 204 ) (128 40 288 ) (64 40 288 ) 
4 58 76 (64 40 204 ) (64 8 204 ) (64 8 295 ) (64 40 295 ) 
4 58 60 (64 24 204 ) (64 40 204 ) (128 40 204 ) (128 24 204 ) 
4 58 59 (128 8 211 ) (128 8 295 ) (64 8 295 ) (64 8 211 ) 
4 59 181 (128 0 211 ) (128 0 218 ) (64 0 218 ) (64 0 211 ) 
4 59 179 (128 0 218 ) (128 0 225 ) (64 0 225 ) (64 0 218 ) 
4 59 176 (128 0 225 ) (128 0 295 ) (64 0 295 ) (64 0 225 ) 
4 59 76 (64 0 211 ) (64 0 295 ) (64 8 295 ) (64 8 211 ) 
4 60 76 (64 72 204 ) (64 72 197 ) (64 24 197 ) (64 24 204 ) 
4 60 61 (64 40 197 ) (64 72 197 ) (128 72 197 ) (128 40 197 ) 
4 61 76 (64 72 197 ) (64 72 190 ) (64 40 190 ) (64 40 197 ) 
4 61 63 (64 56 190 ) (64 72 190 ) (128 72 190 ) (128 56 190 ) 
4 62 184 (128 0 190 ) (128 0 197 ) (64 0 197 ) (64 0 190 ) 
4 62 76 (64 8 190 ) (64 0 190 ) (64 0 197 ) (64 8 197 ) 
4 62 64 (64 0 190 ) (64 8 190 ) (128 8 190 ) (128 0 190 ) 
4 63 76 (64 72 190 ) (64 72 183 ) (64 56 183 ) (64 56 190 ) 
4 64 184 (128 0 183 ) (128 0 190 ) (64 0 190 ) (64 0 183 ) 
4 64 76 (64 24 183 ) (64 0 183 ) (64 0 190 ) (64 24 190 ) 
4 64 67 (64 0 183 ) (64 8 183 ) (128 8 183 ) (128 0 183 ) 
4 64 66 (64 8 183 ) (64 24 183 ) (128 24 183 ) (128 8 183 ) 
4 65 76 (64 72 176 ) (64 72 92 ) (64 40 92 ) (64 40 176 ) 
4 65 68 (64 40 92 ) (64 72 92 ) (128 72 92 ) (128 40 92 ) 
4 65 66 (64 40 92 ) (128 40 92 ) (128 40 176 ) (64 40 176 ) 
4 66 76 (64 40 92 ) (64 8 92 ) (64 8 183 ) (64 40 183 ) 
4 66 68 (64 24 92 ) (64 40 92 ) (128 40 92 ) (128 24 92 ) 
4 66 67 (128 8 99 ) (128 8 183 ) (64 8 183 ) (64 8 99 ) 
4 67 189 (128 0 99 ) (128 0 106 ) (64 0 106 ) (64 0 99 ) 
4 67 187 (128 0 106 ) (128 0 113 ) (64 0 113 ) (64 0 106 ) 
4 67 184 (128 0 113 ) (128 0 183 ) (64 0 183 ) (64 0 113 ) 
4 67 76 (64 0 99 ) (64 0 183 ) (64 8 183 ) (64 8 99 ) 
4 68 76 (64 72 92 ) (64 72 85 ) (64 24 85 ) (64 24 92 ) 
4 68 69 (64 40 85 ) (64 72 85 ) (128 72 85 ) (128 40 85 ) 
4 69 76 (64 72 85 ) (64 72 78 ) (64 40 78 ) (64 40 85 ) 
4 69 71 (64 56 78 ) (64 72 78 ) (128 72 78 ) (128 56 78 ) 
4 70 192 (128 0 78 ) (128 0 85 ) (64 0 85 ) (64 0 78 ) 
4 70 76 (64 8 78 ) (64 0 78 ) (64 0 85 ) (64 8 85 ) 
4 70 72 (64 0 78 ) (64 8 78 ) (128 8 78 ) (128 0 78 ) 
4 71 76 (64 72 78 ) (64 72 71 ) (64 56 71 ) (64 56 78 ) 
4 72 192 (128 0 71 ) (128 0 78 ) (64 0 78 ) (64 0 71 ) 
4 72 76 (64 24 71 ) (64 0 71 ) (64 0 78 ) (64 24 78 ) 
4 72 73 (64 0 71 ) (64 24 71 ) (128 24 71 ) (128 0 71 ) 
4 73 192 (128 0 64 ) (128 0 71 ) (64 0 71 ) (64 0 64 ) 
4 73 76 (64 40 64 ) (64 0 64 ) (64 0 71 ) (64 40 71 ) 
4 73 74 (64 0 64 ) (64 40 64 ) (128 40 64 ) (128 0 64 ) 
4 74 192 (128 0 0 ) (128 0 64 ) (64 0 64 ) (64 0 0 ) 
4 74 76 (64 72 64 ) (64 72 0 ) (64 0 0 ) (64 0 64 ) 
4 75 194 (64 0 688 ) (64 0 692 ) (0 0 692 ) (0 0 688 ) 
4 75 105 (0 0 688 ) (0 0 692 ) (0 72 692 ) (0 72 688 ) 
4 75 76 (0 72 688 ) (64 72 688 ) (64 0 688 ) (0 0 688 ) 
4 76 195 (64 0 0 ) (64 0 688 ) (0 0 688 ) (0 0 0 ) 
4 76 106 (0 0 0 ) (0 0 688 ) (0 72 688 ) (0 72 0 ) 
4 77 107 (-128 72 692 ) (-128 72 688 ) (-64 72 688 ) (-64 72 692 ) 
4 77 105 (-64 72 688 ) (0 72 688 ) (0 72 692 ) (-64 72 692 ) 
4 77 78 (0 72 688 ) (-128 72 688 ) (-128 128 688 ) (0 128 688 ) 
4 78 108 (-128 72 688 ) (-128 72 584 ) (-64 72 584 ) (-64 72 688 ) 
4 78 106 (-64 72 584 ) (0 72 584 ) (0 72 688 ) (-64 72 688 ) 
4 78 81 (-3 72 584 ) (-27 72 584 ) (-27 127 584 ) (-3 127 584 ) 
4 78 80 (-27 127 584 ) (-27 128 584 ) (-3 128 584 ) (-3 127 584 ) 
4 78 79 (0 72 584 ) (-3 72 584 ) (-3 128 584 ) (0 128 584 ) 
4 78 83 (-27 72 584 ) (-128 72 584 ) (-128 128 584 ) (-27 128 584 ) 
4 79 106 (-3 72 512 ) (0 72 512 ) (0 72 584 ) (-3 72 584 ) 
4 79 81 (-3 72 544 ) (-3 72 584 ) (-3 127 584 ) (-3 127 544 ) 
4 79 80 (-3 127 584 ) (-3 128 584 ) (-3 128 544 ) (-3 127 544 ) 
4 79 82 (-3 128 512 ) (-3 72 512 ) (-3 72 544 ) (-3 128 544 ) 
4 80 82 (-27 127 544 ) (-27 128 544 ) (-3 128 544 ) (-3 127 544 ) 
4 80 83 (-27 127 584 ) (-27 128 584 ) (-27 128 544 ) (-27 127 544 ) 
4 80 81 (-27 127 584 ) (-27 127 544 ) (-3 127 544 ) (-3 127 584 ) 
4 81 106 (-3 72 544 ) (-3 72 584 ) (-27 72 584 ) (-27 72 544 ) 
4 81 82 (-27 72 544 ) (-27 127 544 ) (-3 127 544 ) (-3 72 544 ) 
4 81 83 (-27 72 544 ) (-27 72 584 ) (-27 127 584 ) (-27 127 544 ) 
4 82 106 (-27 72 512 ) (-3 72 512 ) (-3 72 544 ) (-27 72 544 ) 
4 82 83 (-27 128 512 ) (-27 72 512 ) (-27 72 544 ) (-27 128 544 ) 
4 83 108 (-128 72 584 ) (-128 72 512 ) (-64 72 512 ) (-64 72 584 ) 
4 83 106 (-64 72 512 ) (-27 72 512 ) (-27 72 584 ) (-64 72 584 ) 
4 84 115 (-128 72 484 ) (-128 72 472 ) (-64 72 472 ) (-64 72 484 ) 
4 84 114 (-128 72 491 ) (-128 72 484 ) (-64 72 484 ) (-64 72 491 ) 
4 84 112 (-128 72 498 ) (-128 72 491 ) (-64 72 491 ) (-64 72 498 ) 
4 84 110 (-128 72 504 ) (-128 72 498 ) (-64 72 498 ) (-64 72 504 ) 
4 84 106 (-64 72 472 ) (0 72 472 ) (0 72 504 ) (-64 72 504 ) 
4 84 86 (0 72 472 ) (-12 72 472 ) (-12 127 472 ) (0 127 472 ) 
4 84 85 (-12 127 472 ) (-12 128 472 ) (0 128 472 ) (0 127 472 ) 
4 84 87 (-12 72 472 ) (-128 72 472 ) (-128 128 472 ) (-12 128 472 ) 
4 85 88 (-12 127 432 ) (-12 128 432 ) (0 128 432 ) (0 127 432 ) 
4 85 87 (-12 128 432 ) (-12 127 432 ) (-12 127 472 ) (-12 128 472 ) 
4 85 86 (-12 127 472 ) (-12 127 432 ) (0 127 432 ) (0 127 472 ) 
4 86 106 (-12 72 432 ) (0 72 432 ) (0 72 472 ) (-12 72 472 ) 
4 86 88 (0 72 432 ) (-12 72 432 ) (-12 127 432 ) (0 127 432 ) 
4 86 87 (-12 127 432 ) (-12 72 432 ) (-12 72 472 ) (-12 127 472 ) 
4 87 115 (-128 72 472 ) (-128 72 432 ) (-64 72 432 ) (-64 72 472 ) 
4 87 106 (-64 72 432 ) (-12 72 432 ) (-12 72 472 ) (-64 72 472 ) 
4 87 88 (-12 72 432 ) (-128 72 432 ) (-128 128 432 ) (-12 128 432 ) 
4 88 115 (-128 72 432 ) (-128 72 400 ) (-64 72 400 ) (-64 72 432 ) 
4 88 106 (-64 72 400 ) (0 72 400 ) (0 72 432 ) (-64 72 432 ) 
4 89 106 (0 72 360 ) (0 72 392 ) (-12 72 392 ) (-12 72 360 ) 
4 89 91 (0 72 360 ) (-12 72 360 ) (-12 127 360 ) (0 127 360 ) 
4 89 90 (-12 127 360 ) (-12 128 360 ) (0 128 360 ) (0 127 360 ) 
4 89 92 (-12 72 360 ) (-12 72 392 ) (-12 128 392 ) (-12 128 360 ) 
4 90 93 (-12 127 320 ) (-12 128 320 ) (0 128 320 ) (0 127 320 ) 
4 90 92 (-12 128 320 ) (-12 127 320 ) (-12 127 360 ) (-12 128 360 ) 
4 90 91 (0 127 360 ) (-12 127 360 ) (-12 127 320 ) (0 127 320 ) 
4 91 106 (-12 72 320 ) (0 72 320 ) (0 72 360 ) (-12 72 360 ) 
4 91 93 (0 72 320 ) (-12 72 320 ) (-12 127 320 ) (0 127 320 ) 
4 91 92 (-12 127 320 ) (-12 72 320 ) (-12 72 360 ) (-12 127 360 ) 
4 92 123 (-128 72 372 ) (-128 72 320 ) (-64 72 320 ) (-64 72 372 ) 
4 92 122 (-128 72 379 ) (-128 72 372 ) (-64 72 372 ) (-64 72 379 ) 
4 92 120 (-128 72 386 ) (-128 72 379 ) (-64 72 379 ) (-64 72 386 ) 
4 92 118 (-128 72 392 ) (-128 72 386 ) (-64 72 386 ) (-64 72 392 ) 
4 92 106 (-64 72 320 ) (-12 72 320 ) (-12 72 392 ) (-64 72 392 ) 
4 92 93 (-12 72 320 ) (-128 72 320 ) (-128 128 320 ) (-12 128 320 ) 
4 93 123 (-128 72 320 ) (-128 72 288 ) (-64 72 288 ) (-64 72 320 ) 
4 93 106 (-64 72 288 ) (0 72 288 ) (0 72 320 ) (-64 72 320 ) 
4 94 106 (0 72 248 ) (0 72 280 ) (-12 72 280 ) (-12 72 248 ) 
4 94 96 (0 72 248 ) (-12 72 248 ) (-12 127 248 ) (0 127 248 ) 
4 94 95 (-12 127 248 ) (-12 128 248 ) (0 128 248 ) (0 127 248 ) 
4 94 97 (-12 72 248 ) (-12 72 280 ) (-12 128 280 ) (-12 128 248 ) 
4 95 98 (-12 127 208 ) (-12 128 208 ) (0 128 208 ) (0 127 208 ) 
4 95 97 (-12 128 208 ) (-12 127 208 ) (-12 127 248 ) (-12 128 248 ) 
4 95 96 (0 127 248 ) (-12 127 248 ) (-12 127 208 ) (0 127 208 ) 
4 96 106 (-12 72 208 ) (0 72 208 ) (0 72 248 ) (-12 72 248 ) 
4 96 98 (0 72 208 ) (-12 72 208 ) (-12 127 208 ) (0 127 208 ) 
4 96 97 (-12 127 208 ) (-12 72 208 ) (-12 72 248 ) (-12 127 248 ) 
4 97 131 (-128 72 260 ) (-128 72 208 ) (-64 72 208 ) (-64 72 260 ) 
4 97 130 (-128 72 267 ) (-128 72 260 ) (-64 72 260 ) (-64 72 267 ) 
4 97 128 (-128 72 274 ) (-128 72 267 ) (-64 72 267 ) (-64 72 274 ) 
4 97 126 (-128 72 280 ) (-128 72 274 ) (-64 72 274 ) (-64 72 280 ) 
4 97 106 (-64 72 208 ) (-12 72 208 ) (-12 72 280 ) (-64 72 280 ) 
4 97 98 (-12 72 208 ) (-128 72 208 ) (-128 128 208 ) (-12 128 208 ) 
4 98 131 (-128 72 208 ) (-128 72 176 ) (-64 72 176 ) (-64 72 208 ) 
4 98 106 (-64 72 176 ) (0 72 176 ) (0 72 208 ) (-64 72 208 ) 
4 99 106 (0 72 136 ) (0 72 168 ) (-12 72 168 ) (-12 72 136 ) 
4 99 101 (0 72 136 ) (-12 72 136 ) (-12 127 136 ) (0 127 136 ) 
4 99 100 (-12 127 136 ) (-12 128 136 ) (0 128 136 ) (0 127 136 ) 
4 99 103 (-12 72 136 ) (-12 72 168 ) (-12 128 168 ) (-12 128 136 ) 
4 100 103 (-12 127 136 ) (-12 128 136 ) (-12 128 96 ) (-12 127 96 ) 
4 100 102 (-12 127 96 ) (-12 128 96 ) (0 128 96 ) (0 127 96 ) 
4 100 101 (-12 127 96 ) (0 127 96 ) (0 127 136 ) (-12 127 136 ) 
4 101 106 (0 72 96 ) (0 72 136 ) (-12 72 136 ) (-12 72 96 ) 
4 101 103 (-12 72 96 ) (-12 72 136 ) (-12 127 136 ) (-12 127 96 ) 
4 101 102 (0 72 96 ) (-12 72 96 ) (-12 127 96 ) (0 127 96 ) 
4 102 106 (-12 72 64 ) (0 72 64 ) (0 72 96 ) (-12 72 96 ) 
4 102 103 (-12 128 64 ) (-12 72 64 ) (-12 72 96 ) (-12 128 96 ) 
4 103 139 (-128 72 144 ) (-128 72 64 ) (-64 72 64 ) (-64 72 144 ) 
4 103 138 (-128 72 150 ) (-128 72 144 ) (-64 72 144 ) (-64 72 150 ) 
4 103 136 (-128 72 156 ) (-128 72 150 ) (-64 72 150 ) (-64 72 156 ) 
4 103 134 (-128 72 162 ) (-128 72 156 ) (-64 72 156 ) (-64 72 162 ) 
4 103 106 (-64 72 64 ) (-12 72 64 ) (-12 72 168 ) (-64 72 168 ) 
4 104 148 (-128 72 24 ) (-128 72 0 ) (-64 72 0 ) (-64 72 24 ) 
4 104 147 (-128 72 32 ) (-128 72 24 ) (-64 72 24 ) (-64 72 32 ) 
4 104 146 (-128 72 40 ) (-128 72 32 ) (-64 72 32 ) (-64 72 40 ) 
4 104 144 (-128 72 48 ) (-128 72 40 ) (-64 72 40 ) (-64 72 48 ) 
4 104 142 (-128 72 56 ) (-128 72 48 ) (-64 72 48 ) (-64 72 56 ) 
4 104 106 (-64 72 0 ) (0 72 0 ) (0 72 56 ) (-64 72 56 ) 
4 105 231 (0 0 688 ) (0 0 692 ) (-64 0 692 ) (-64 0 688 ) 
4 105 107 (-64 72 692 ) (-64 72 688 ) (-64 0 688 ) (-64 0 692 ) 
4 105 106 (-64 0 688 ) (-64 72 688 ) (0 72 688 ) (0 0 688 ) 
4 106 232 (0 0 0 ) (0 0 688 ) (-64 0 688 ) (-64 0 0 ) 
4 106 148 (-64 72 24 ) (-64 72 0 ) (-64 0 0 ) (-64 0 24 ) 
4 106 147 (-64 72 32 ) (-64 72 24 ) (-64 8 24 ) (-64 8 32 ) 
4 106 146 (-64 72 40 ) (-64 72 32 ) (-64 24 32 ) (-64 24 40 ) 
4 106 144 (-64 72 48 ) (-64 72 40 ) (-64 40 40 ) (-64 40 48 ) 
4 106 145 (-64 8 40 ) (-64 0 40 ) (-64 0 48 ) (-64 8 48 ) 
4 106 142 (-64 72 56 ) (-64 72 48 ) (-64 56 48 ) (-64 56 56 ) 
4 106 143 (-64 24 48 ) (-64 0 48 ) (-64 0 56 ) (-64 24 56 ) 
4 106 141 (-64 8 56 ) (-64 0 56 ) (-64 0 138 ) (-64 8 138 ) 
4 106 140 (-64 40 56 ) (-64 8 56 ) (-64 8 144 ) (-64 40 144 ) 
4 106 139 (-64 72 144 ) (-64 72 64 ) (-64 40 64 ) (-64 40 144 ) 
4 106 138 (-64 72 150 ) (-64 72 144 ) (-64 24 144 ) (-64 24 150 ) 
4 106 136 (-64 72 156 ) (-64 72 150 ) (-64 40 150 ) (-64 40 156 ) 
4 106 137 (-64 8 150 ) (-64 0 150 ) (-64 0 156 ) (-64 8 156 ) 
4 106 134 (-64 72 162 ) (-64 72 156 ) (-64 56 156 ) (-64 56 162 ) 
4 106 135 (-64 24 156 ) (-64 0 156 ) (-64 0 162 ) (-64 24 162 ) 
4 106 133 (-64 8 162 ) (-64 0 162 ) (-64 0 253 ) (-64 8 253 ) 
4 106 132 (-64 40 162 ) (-64 8 162 ) (-64 8 260 ) (-64 40 260 ) 
4 106 131 (-64 72 260 ) (-64 72 168 ) (-64 40 168 ) (-64 40 260 ) 
4 106 130 (-64 72 267 ) (-64 72 260 ) (-64 24 260 ) (-64 24 267 ) 
4 106 128 (-64 72 274 ) (-64 72 267 ) (-64 40 267 ) (-64 40 274 ) 
4 106 129 (-64 8 267 ) (-64 0 267 ) (-64 0 274 ) (-64 8 274 ) 
4 106 126 (-64 72 281 ) (-64 72 274 ) (-64 56 274 ) (-64 56 281 ) 
4 106 127 (-64 24 274 ) (-64 0 274 ) (-64 0 281 ) (-64 24 281 ) 
4 106 125 (-64 8 281 ) (-64 0 281 ) (-64 0 365 ) (-64 8 365 ) 
4 106 123 (-64 72 372 ) (-64 72 288 ) (-64 40 288 ) (-64 40 372 ) 
4 106 124 (-64 40 281 ) (-64 8 281 ) (-64 8 372 ) (-64 40 372 ) 
4 106 122 (-64 72 379 ) (-64 72 372 ) (-64 24 372 ) (-64 24 379 ) 
4 106 120 (-64 72 386 ) (-64 72 379 ) (-64 40 379 ) (-64 40 386 ) 
4 106 121 (-64 8 379 ) (-64 0 379 ) (-64 0 386 ) (-64 8 386 ) 
4 106 118 (-64 72 393 ) (-64 72 386 ) (-64 56 386 ) (-64 56 393 ) 
4 106 119 (-64 24 386 ) (-64 0 386 ) (-64 0 393 ) (-64 24 393 ) 
4 106 117 (-64 8 393 ) (-64 0 393 ) (-64 0 477 ) (-64 8 477 ) 
4 106 115 (-64 72 484 ) (-64 72 400 ) (-64 40 400 ) (-64 40 484 ) 
4 106 116 (-64 40 393 ) (-64 8 393 ) (-64 8 484 ) (-64 40 484 ) 
4 106 114 (-64 72 491 ) (-64 72 484 ) (-64 24 484 ) (-64 24 491 ) 
4 106 112 (-64 72 498 ) (-64 72 491 ) (-64 40 491 ) (-64 40 498 ) 
4 106 113 (-64 8 491 ) (-64 0 491 ) (-64 0 498 ) (-64 8 498 ) 
4 106 110 (-64 72 505 ) (-64 72 498 ) (-64 56 498 ) (-64 56 505 ) 
4 106 111 (-64 24 498 ) (-64 0 498 ) (-64 0 505 ) (-64 24 505 ) 
4 106 109 (-64 40 505 ) (-64 0 505 ) (-64 0 512 ) (-64 40 512 ) 
4 106 108 (-64 72 688 ) (-64 72 512 ) (-64 0 512 ) (-64 0 688 ) 
4 107 233 (-64 0 688 ) (-64 0 692 ) (-128 0 692 ) (-128 0 688 ) 
4 107 108 (-128 0 688 ) (-128 72 688 ) (-64 72 688 ) (-64 0 688 ) 
4 108 234 (-64 0 512 ) (-64 0 688 ) (-128 0 688 ) (-128 0 512 ) 
4 108 109 (-128 0 512 ) (-128 40 512 ) (-64 40 512 ) (-64 0 512 ) 
4 109 234 (-64 0 505 ) (-64 0 512 ) (-128 0 512 ) (-128 0 505 ) 
4 109 111 (-128 0 505 ) (-128 24 505 ) (-64 24 505 ) (-64 0 505 ) 
4 110 112 (-128 56 498 ) (-128 72 498 ) (-64 72 498 ) (-64 56 498 ) 
4 111 234 (-64 0 498 ) (-64 0 505 ) (-128 0 505 ) (-128 0 498 ) 
4 111 113 (-128 0 498 ) (-128 8 498 ) (-64 8 498 ) (-64 0 498 ) 
4 112 114 (-128 40 491 ) (-128 72 491 ) (-64 72 491 ) (-64 40 491 ) 
4 113 234 (-64 0 491 ) (-64 0 498 ) (-128 0 498 ) (-128 0 491 ) 
4 114 115 (-128 40 484 ) (-128 72 484 ) (-64 72 484 ) (-64 40 484 ) 
4 114 116 (-128 24 484 ) (-128 40 484 ) (-64 40 484 ) (-64 24 484 ) 
4 115 116 (-64 40 400 ) (-64 40 484 ) (-128 40 484 ) (-128 40 400 ) 
4 116 119 (-128 8 393 ) (-128 24 393 ) (-64 24 393 ) (-64 8 393 ) 
4 116 117 (-128 8 393 ) (-64 8 393 ) (-64 8 477 ) (-128 8 477 ) 
4 117 241 (-64 0 393 ) (-64 0 463 ) (-128 0 463 ) (-128 0 393 ) 
4 117 239 (-64 0 463 ) (-64 0 470 ) (-128 0 470 ) (-128 0 463 ) 
4 117 237 (-64 0 470 ) (-64 0 477 ) (-128 0 477 ) (-128 0 470 ) 
4 117 119 (-128 0 393 ) (-128 8 393 ) (-64 8 393 ) (-64 0 393 ) 
4 118 120 (-128 56 386 ) (-128 72 386 ) (-64 72 386 ) (-64 56 386 ) 
4 119 241 (-64 0 386 ) (-64 0 393 ) (-128 0 393 ) (-128 0 386 ) 
4 119 121 (-128 0 386 ) (-128 8 386 ) (-64 8 386 ) (-64 0 386 ) 
4 120 122 (-128 40 379 ) (-128 72 379 ) (-64 72 379 ) (-64 40 379 ) 
4 121 241 (-64 0 379 ) (-64 0 386 ) (-128 0 386 ) (-128 0 379 ) 
4 122 123 (-128 40 372 ) (-128 72 372 ) (-64 72 372 ) (-64 40 372 ) 
4 122 124 (-128 24 372 ) (-128 40 372 ) (-64 40 372 ) (-64 24 372 ) 
4 123 124 (-64 40 288 ) (-64 40 372 ) (-128 40 372 ) (-128 40 288 ) 
4 124 127 (-128 8 281 ) (-128 24 281 ) (-64 24 281 ) (-64 8 281 ) 
4 124 125 (-128 8 281 ) (-64 8 281 ) (-64 8 365 ) (-128 8 365 ) 
4 125 247 (-64 0 281 ) (-64 0 358 ) (-128 0 358 ) (-128 0 281 ) 
4 125 245 (-64 0 358 ) (-64 0 365 ) (-128 0 365 ) (-128 0 358 ) 
4 125 127 (-128 0 281 ) (-128 8 281 ) (-64 8 281 ) (-64 0 281 ) 
4 126 128 (-128 56 274 ) (-128 72 274 ) (-64 72 274 ) (-64 56 274 ) 
4 127 247 (-64 0 274 ) (-64 0 281 ) (-128 0 281 ) (-128 0 274 ) 
4 127 129 (-128 0 274 ) (-128 8 274 ) (-64 8 274 ) (-64 0 274 ) 
4 128 130 (-128 40 267 ) (-128 72 267 ) (-64 72 267 ) (-64 40 267 ) 
4 129 247 (-64 0 267 ) (-64 0 274 ) (-128 0 274 ) (-128 0 267 ) 
4 130 132 (-128 24 260 ) (-128 40 260 ) (-64 40 260 ) (-64 24 260 ) 
4 130 131 (-128 40 260 ) (-128 72 260 ) (-64 72 260 ) (-64 40 260 ) 
4 131 132 (-64 40 168 ) (-64 40 260 ) (-128 40 260 ) (-128 40 168 ) 
4 132 135 (-128 8 162 ) (-128 24 162 ) (-64 24 162 ) (-64 8 162 ) 
4 132 133 (-128 8 162 ) (-64 8 162 ) (-64 8 253 ) (-128 8 253 ) 
4 133 256 (-64 0 162 ) (-64 0 239 ) (-128 0 239 ) (-128 0 162 ) 
4 133 254 (-64 0 239 ) (-64 0 246 ) (-128 0 246 ) (-128 0 239 ) 
4 133 252 (-64 0 246 ) (-64 0 253 ) (-128 0 253 ) (-128 0 246 ) 
4 133 135 (-128 0 162 ) (-128 8 162 ) (-64 8 162 ) (-64 0 162 ) 
4 134 136 (-128 56 156 ) (-128 72 156 ) (-64 72 156 ) (-64 56 156 ) 
4 135 256 (-64 0 156 ) (-64 0 162 ) (-128 0 162 ) (-128 0 156 ) 
4 135 137 (-128 0 156 ) (-128 8 156 ) (-64 8 156 ) (-64 0 156 ) 
4 136 138 (-128 40 150 ) (-128 72 150 ) (-64 72 150 ) (-64 40 150 ) 
4 137 256 (-64 0 150 ) (-64 0 156 ) (-128 0 156 ) (-128 0 150 ) 
4 138 140 (-128 24 144 ) (-128 40 144 ) (-64 40 144 ) (-64 24 144 ) 
4 138 139 (-128 40 144 ) (-128 72 144 ) (-64 72 144 ) (-64 40 144 ) 
4 139 140 (-64 40 64 ) (-64 40 144 ) (-128 40 144 ) (-128 40 64 ) 
4 140 143 (-128 8 56 ) (-128 24 56 ) (-64 24 56 ) (-64 8 56 ) 
4 140 141 (-128 8 56 ) (-64 8 56 ) (-64 8 138 ) (-128 8 138 ) 
4 141 264 (-64 0 56 ) (-64 0 126 ) (-128 0 126 ) (-128 0 56 ) 
4 141 262 (-64 0 126 ) (-64 0 132 ) (-128 0 132 ) (-128 0 126 ) 
4 141 260 (-64 0 132 ) (-64 0 138 ) (-128 0 138 ) (-128 0 132 ) 
4 141 143 (-128 0 56 ) (-128 8 56 ) (-64 8 56 ) (-64 0 56 ) 
4 142 144 (-128 56 48 ) (-128 72 48 ) (-64 72 48 ) (-64 56 48 ) 
4 143 264 (-64 0 48 ) (-64 0 56 ) (-128 0 56 ) (-128 0 48 ) 
4 143 145 (-128 0 48 ) (-128 8 48 ) (-64 8 48 ) (-64 0 48 ) 
4 144 146 (-128 40 40 ) (-128 72 40 ) (-64 72 40 ) (-64 40 40 ) 
4 145 264 (-64 0 40 ) (-64 0 48 ) (-128 0 48 ) (-128 0 40 ) 
4 146 147 (-128 24 32 ) (-128 72 32 ) (-64 72 32 ) (-64 24 32 ) 
4 147 148 (-128 8 24 ) (-128 72 24 ) (-64 72 24 ) (-64 8 24 ) 
4 148 272 (-64 0 0 ) (-64 0 8 ) (-128 0 8 ) (-128 0 0 ) 
4 148 270 (-64 0 8 ) (-64 0 16 ) (-128 0 16 ) (-128 0 8 ) 
4 148 268 (-64 0 16 ) (-64 0 24 ) (-128 0 24 ) (-128 0 16 ) 
4 149 206 (128 -704 692 ) (128 -232 692 ) (128 -232 664.896973 ) (128 -704 664.896973 ) 
3 149 152 (166 -556.869019 664.896973 ) (128 -566.013306 664.896973 ) (128 -429.505585 664.896973 ) 
5 149 151 (128 -232 664.896973 ) (320 -232 664.896973 ) (320 -519.810608 664.896973 ) (166 -556.869019 664.896973 ) (128 -429.505585 664.896973 ) 
4 149 150 (320 -519.810608 664.896973 ) (320 -704 664.896973 ) (128 -704 664.896973 ) (128 -566.013306 664.896973 ) 
4 150 207 (128 -566.013306 568 ) (128 -704 568 ) (128 -704 664.896973 ) (128 -566.013306 664.896973 ) 
4 150 152 (128 -566.013000 664.896973 ) (166 -556.868774 664.896973 ) (166 -556.868774 568 ) (128 -566.013000 568 ) 
4 150 151 (166 -556.868774 664.896973 ) (320 -519.810547 664.896973 ) (320 -519.810547 568 ) (166 -556.868774 568 ) 
4 151 209 (128 -422.532898 568 ) (128 -429.505554 568 ) (128 -429.505585 664.896973 ) (128 -422.532898 664.896973 ) 
4 151 208 (128 -232 664.896973 ) (128 -232 568 ) (128 -422.532898 568 ) (128 -422.532898 664.896973 ) 
4 151 152 (166 -556.871094 568 ) (166 -556.871094 664.896973 ) (128 -429.507629 664.896973 ) (128 -429.507660 568 ) 
4 152 210 (128 -429.505554 568 ) (128 -566.013306 568 ) (128 -566.013306 664.896973 ) (128 -429.505585 664.896973 ) 
4 153 196 (128 -72 688 ) (128 -72 692 ) (64 -72 692 ) (64 -72 688 ) 
4 153 194 (64 -72 688 ) (64 -72 692 ) (64 0 692 ) (64 0 688 ) 
4 153 154 (128 -72 688 ) (64 -72 688 ) (64 0 688 ) (128 0 688 ) 
4 154 198 (80 -72 688 ) (64 -72 688 ) (64 -72 568 ) (80 -72 568 ) 
4 154 197 (128 -72 568 ) (128 -72 688 ) (80 -72 688 ) (80 -72 568 ) 
4 154 195 (64 -72 568 ) (64 -72 688 ) (64 0 688 ) (64 0 568 ) 
4 154 155 (64 -40 568 ) (64 0 568 ) (128 0 568 ) (128 -40 568 ) 
4 155 195 (64 -40 568 ) (64 0 568 ) (64 0 561 ) (64 -40 561 ) 
4 155 156 (64 -24 561 ) (64 0 561 ) (128 0 561 ) (128 -24 561 ) 
4 156 195 (64 -24 561 ) (64 0 561 ) (64 0 554 ) (64 -24 554 ) 
4 156 158 (64 -8 554 ) (64 0 554 ) (128 0 554 ) (128 -8 554 ) 
4 157 212 (128 -72 554 ) (128 -72 560 ) (64 -72 560 ) (64 -72 554 ) 
4 157 195 (64 -72 554 ) (64 -72 561 ) (64 -56 561 ) (64 -56 554 ) 
4 157 159 (128 -72 554 ) (64 -72 554 ) (64 -56 554 ) (128 -56 554 ) 
4 158 195 (64 -8 554 ) (64 0 554 ) (64 0 547 ) (64 -8 547 ) 
4 159 212 (128 -72 547 ) (128 -72 554 ) (64 -72 554 ) (64 -72 547 ) 
4 159 195 (64 -72 547 ) (64 -72 554 ) (64 -40 554 ) (64 -40 547 ) 
4 159 160 (128 -72 547 ) (64 -72 547 ) (64 -40 547 ) (128 -40 547 ) 
4 160 212 (128 -72 540 ) (128 -72 547 ) (64 -72 547 ) (64 -72 540 ) 
4 160 195 (64 -72 540 ) (64 -72 547 ) (64 -24 547 ) (64 -24 540 ) 
4 160 163 (128 -72 540 ) (64 -72 540 ) (64 -40 540 ) (128 -40 540 ) 
4 160 162 (64 -40 540 ) (64 -24 540 ) (128 -24 540 ) (128 -40 540 ) 
4 161 195 (64 0 533 ) (64 0 449 ) (64 -8 449 ) (64 -8 533 ) 
4 161 164 (64 -8 449 ) (64 0 449 ) (128 0 449 ) (128 -8 449 ) 
4 161 162 (64 -8 449 ) (128 -8 449 ) (128 -8 533 ) (64 -8 533 ) 
4 162 195 (64 -40 540 ) (64 -8 540 ) (64 -8 449 ) (64 -40 449 ) 
4 162 164 (64 -24 449 ) (64 -8 449 ) (128 -8 449 ) (128 -24 449 ) 
4 162 163 (128 -40 456 ) (128 -40 540 ) (64 -40 540 ) (64 -40 456 ) 
4 163 212 (128 -72 456 ) (128 -72 540 ) (64 -72 540 ) (64 -72 456 ) 
4 163 195 (64 -72 456 ) (64 -72 540 ) (64 -40 540 ) (64 -40 456 ) 
4 164 195 (64 -24 449 ) (64 0 449 ) (64 0 442 ) (64 -24 442 ) 
4 164 166 (64 -8 442 ) (64 0 442 ) (128 0 442 ) (128 -8 442 ) 
4 165 213 (128 -72 442 ) (128 -72 448 ) (64 -72 448 ) (64 -72 442 ) 
4 165 195 (64 -72 442 ) (64 -72 449 ) (64 -56 449 ) (64 -56 442 ) 
4 165 167 (128 -72 442 ) (64 -72 442 ) (64 -56 442 ) (128 -56 442 ) 
4 166 195 (64 -8 442 ) (64 0 442 ) (64 0 435 ) (64 -8 435 ) 
4 167 213 (128 -72 435 ) (128 -72 442 ) (64 -72 442 ) (64 -72 435 ) 
4 167 195 (64 -72 435 ) (64 -72 442 ) (64 -40 442 ) (64 -40 435 ) 
4 167 171 (128 -72 435 ) (64 -72 435 ) (64 -40 435 ) (128 -40 435 ) 
4 168 195 (64 0 421 ) (64 0 330 ) (64 -8 330 ) (64 -8 421 ) 
4 168 173 (64 -8 330 ) (64 0 330 ) (128 0 330 ) (128 -8 330 ) 
4 168 169 (64 -8 330 ) (128 -8 330 ) (128 -8 421 ) (64 -8 421 ) 
4 169 195 (64 -8 330 ) (64 -24 330 ) (64 -24 428 ) (64 -8 428 ) 
4 169 170 (128 -24 337 ) (128 -24 428 ) (64 -24 428 ) (64 -24 337 ) 
4 170 195 (64 -40 435 ) (64 -24 435 ) (64 -24 337 ) (64 -40 337 ) 
4 170 171 (128 -40 344 ) (128 -40 435 ) (64 -40 435 ) (64 -40 344 ) 
4 171 217 (128 -72 344 ) (128 -72 376 ) (64 -72 376 ) (64 -72 344 ) 
4 171 213 (128 -72 376 ) (128 -72 435 ) (64 -72 435 ) (64 -72 376 ) 
4 171 195 (64 -72 344 ) (64 -72 435 ) (64 -40 435 ) (64 -40 344 ) 
4 172 218 (128 -72 330 ) (128 -72 336 ) (64 -72 336 ) (64 -72 330 ) 
4 172 195 (64 -72 330 ) (64 -72 337 ) (64 -56 337 ) (64 -56 330 ) 
4 172 174 (128 -72 330 ) (64 -72 330 ) (64 -56 330 ) (128 -56 330 ) 
4 173 195 (64 -8 330 ) (64 0 330 ) (64 0 323 ) (64 -8 323 ) 
4 174 218 (128 -72 323 ) (128 -72 330 ) (64 -72 330 ) (64 -72 323 ) 
4 174 195 (64 -72 323 ) (64 -72 330 ) (64 -40 330 ) (64 -40 323 ) 
4 174 175 (128 -72 323 ) (64 -72 323 ) (64 -40 323 ) (128 -40 323 ) 
4 175 218 (128 -72 316 ) (128 -72 323 ) (64 -72 323 ) (64 -72 316 ) 
4 175 195 (64 -72 316 ) (64 -72 323 ) (64 -24 323 ) (64 -24 316 ) 
4 175 178 (128 -72 316 ) (64 -72 316 ) (64 -40 316 ) (128 -40 316 ) 
4 175 177 (64 -40 316 ) (64 -24 316 ) (128 -24 316 ) (128 -40 316 ) 
4 176 195 (64 0 309 ) (64 0 225 ) (64 -8 225 ) (64 -8 309 ) 
4 176 179 (64 -8 225 ) (64 0 225 ) (128 0 225 ) (128 -8 225 ) 
4 176 177 (64 -8 225 ) (128 -8 225 ) (128 -8 309 ) (64 -8 309 ) 
4 177 195 (64 -40 316 ) (64 -8 316 ) (64 -8 225 ) (64 -40 225 ) 
4 177 179 (64 -24 225 ) (64 -8 225 ) (128 -8 225 ) (128 -24 225 ) 
4 177 178 (128 -40 232 ) (128 -40 316 ) (64 -40 316 ) (64 -40 232 ) 
4 178 218 (128 -72 232 ) (128 -72 316 ) (64 -72 316 ) (64 -72 232 ) 
4 178 195 (64 -72 232 ) (64 -72 316 ) (64 -40 316 ) (64 -40 232 ) 
4 179 195 (64 -24 225 ) (64 0 225 ) (64 0 218 ) (64 -24 218 ) 
4 179 181 (64 -8 218 ) (64 0 218 ) (128 0 218 ) (128 -8 218 ) 
4 180 223 (128 -72 218 ) (128 -72 224 ) (64 -72 224 ) (64 -72 218 ) 
4 180 195 (64 -72 218 ) (64 -72 225 ) (64 -56 225 ) (64 -56 218 ) 
4 180 182 (128 -72 218 ) (64 -72 218 ) (64 -56 218 ) (128 -56 218 ) 
4 181 195 (64 -8 218 ) (64 0 218 ) (64 0 211 ) (64 -8 211 ) 
4 182 223 (128 -72 211 ) (128 -72 218 ) (64 -72 218 ) (64 -72 211 ) 
4 182 195 (64 -72 211 ) (64 -72 218 ) (64 -40 218 ) (64 -40 211 ) 
4 182 183 (128 -72 211 ) (64 -72 211 ) (64 -40 211 ) (128 -40 211 ) 
4 183 223 (128 -72 204 ) (128 -72 211 ) (64 -72 211 ) (64 -72 204 ) 
4 183 195 (64 -72 204 ) (64 -72 211 ) (64 -24 211 ) (64 -24 204 ) 
4 183 186 (128 -72 204 ) (64 -72 204 ) (64 -40 204 ) (128 -40 204 ) 
4 183 185 (64 -40 204 ) (64 -24 204 ) (128 -24 204 ) (128 -40 204 ) 
4 184 195 (64 0 197 ) (64 0 113 ) (64 -8 113 ) (64 -8 197 ) 
4 184 187 (64 -8 113 ) (64 0 113 ) (128 0 113 ) (128 -8 113 ) 
4 184 185 (64 -8 113 ) (128 -8 113 ) (128 -8 197 ) (64 -8 197 ) 
4 185 195 (64 -40 204 ) (64 -8 204 ) (64 -8 113 ) (64 -40 113 ) 
4 185 187 (64 -24 113 ) (64 -8 113 ) (128 -8 113 ) (128 -24 113 ) 
4 185 186 (128 -40 120 ) (128 -40 204 ) (64 -40 204 ) (64 -40 120 ) 
4 186 223 (128 -72 120 ) (128 -72 204 ) (64 -72 204 ) (64 -72 120 ) 
4 186 195 (64 -72 120 ) (64 -72 204 ) (64 -40 204 ) (64 -40 120 ) 
4 187 195 (64 -24 113 ) (64 0 113 ) (64 0 106 ) (64 -24 106 ) 
4 187 189 (64 -8 106 ) (64 0 106 ) (128 0 106 ) (128 -8 106 ) 
4 188 228 (128 -72 106 ) (128 -72 112 ) (64 -72 112 ) (64 -72 106 ) 
4 188 195 (64 -72 106 ) (64 -72 113 ) (64 -56 113 ) (64 -56 106 ) 
4 188 190 (128 -72 106 ) (64 -72 106 ) (64 -56 106 ) (128 -56 106 ) 
4 189 195 (64 -8 106 ) (64 0 106 ) (64 0 99 ) (64 -8 99 ) 
4 190 228 (128 -72 99 ) (128 -72 106 ) (64 -72 106 ) (64 -72 99 ) 
4 190 195 (64 -72 99 ) (64 -72 106 ) (64 -40 106 ) (64 -40 99 ) 
4 190 191 (128 -72 99 ) (64 -72 99 ) (64 -40 99 ) (128 -40 99 ) 
4 191 228 (128 -72 92 ) (128 -72 99 ) (64 -72 99 ) (64 -72 92 ) 
4 191 195 (64 -72 92 ) (64 -72 99 ) (64 -24 99 ) (64 -24 92 ) 
4 191 193 (128 -72 92 ) (64 -72 92 ) (64 -24 92 ) (128 -24 92 ) 
4 192 195 (64 0 85 ) (64 0 0 ) (64 -8 0 ) (64 -8 85 ) 
4 192 193 (64 -8 0 ) (128 -8 0 ) (128 -8 85 ) (64 -8 85 ) 
4 193 229 (128 -72 0 ) (128 -72 76 ) (64 -72 76 ) (64 -72 0 ) 
4 193 228 (128 -72 76 ) (128 -72 92 ) (64 -72 92 ) (64 -72 76 ) 
4 193 195 (64 -72 0 ) (64 -72 92 ) (64 -8 92 ) (64 -8 0 ) 
4 194 231 (0 0 692 ) (0 0 688 ) (0 -72 688 ) (0 -72 692 ) 
4 194 196 (0 -72 692 ) (0 -72 688 ) (64 -72 688 ) (64 -72 692 ) 
4 194 195 (64 0 688 ) (64 -72 688 ) (0 -72 688 ) (0 0 688 ) 
4 195 232 (0 0 688 ) (0 0 0 ) (0 -72 0 ) (0 -72 688 ) 
4 195 230 (0 -72 76 ) (0 -72 0 ) (16 -72 0 ) (16 -72 76 ) 
4 195 229 (16 -72 0 ) (64 -72 0 ) (64 -72 76 ) (16 -72 76 ) 
4 195 228 (0 -72 112 ) (0 -72 76 ) (64 -72 76 ) (64 -72 112 ) 
4 195 225 (0 -72 192 ) (0 -72 152 ) (12 -72 152 ) (12 -72 192 ) 
4 195 224 (0 -72 224 ) (0 -72 192 ) (12 -72 192 ) (12 -72 224 ) 
4 195 227 (0 -72 152 ) (0 -72 120 ) (12 -72 120 ) (12 -72 152 ) 
4 195 223 (12 -72 120 ) (64 -72 120 ) (64 -72 224 ) (12 -72 224 ) 
4 195 220 (0 -72 304 ) (0 -72 264 ) (12 -72 264 ) (12 -72 304 ) 
4 195 219 (0 -72 336 ) (0 -72 304 ) (12 -72 304 ) (12 -72 336 ) 
4 195 222 (0 -72 264 ) (0 -72 232 ) (12 -72 232 ) (12 -72 264 ) 
4 195 218 (12 -72 232 ) (64 -72 232 ) (64 -72 336 ) (12 -72 336 ) 
4 195 217 (0 -72 376 ) (0 -72 344 ) (64 -72 344 ) (64 -72 376 ) 
4 195 215 (0 -72 416 ) (0 -72 376 ) (12 -72 376 ) (12 -72 416 ) 
4 195 214 (0 -72 448 ) (0 -72 416 ) (12 -72 416 ) (12 -72 448 ) 
4 195 213 (12 -72 376 ) (64 -72 376 ) (64 -72 448 ) (12 -72 448 ) 
4 195 212 (0 -72 560 ) (0 -72 456 ) (64 -72 456 ) (64 -72 560 ) 
4 195 198 (0 -72 688 ) (0 -72 568 ) (64 -72 568 ) (64 -72 688 ) 
4 196 273 (0 -72 692 ) (0 -72 688 ) (0 -120 688 ) (0 -120 692 ) 
4 196 198 (0 -120 688 ) (0 -72 688 ) (80 -72 688 ) (80 -120 688 ) 
4 196 197 (80 -72 688 ) (128 -72 688 ) (128 -120 688 ) (80 -120 688 ) 
4 197 201 (80 -148 568 ) (128 -148 568 ) (128 -148 688 ) (80 -148 688 ) 
4 197 200 (80 -144 568 ) (80 -148 568 ) (80 -148 569 ) (80 -144 569 ) 
4 197 199 (80 -148 569 ) (80 -148 688 ) (80 -144 688 ) (80 -144 569 ) 
4 197 198 (80 -72 568 ) (80 -144 568 ) (80 -144 688 ) (80 -72 688 ) 
4 198 274 (0 -72 688 ) (0 -72 568 ) (0 -144 568 ) (0 -144 688 ) 
4 198 200 (0 -144 568 ) (80 -144 568 ) (80 -144 569 ) (0 -144 569 ) 
4 198 199 (80 -144 569 ) (80 -144 688 ) (0 -144 688 ) (0 -144 569 ) 
4 199 275 (0 -148 569 ) (0 -148 688 ) (0 -144 688 ) (0 -144 569 ) 
4 199 202 (80 -148 569 ) (80 -148 688 ) (76 -148 688 ) (76 -148 569 ) 
4 199 204 (76 -148 688 ) (0 -148 688 ) (0 -148 569 ) (76 -148 569 ) 
4 199 200 (0 -144 569 ) (80 -144 569 ) (80 -148 569 ) (0 -148 569 ) 
4 200 276 (0 -144 568 ) (0 -148 568 ) (0 -148 569 ) (0 -144 569 ) 
4 200 203 (76 -148 568 ) (80 -148 568 ) (80 -148 569 ) (76 -148 569 ) 
4 200 204 (0 -148 568 ) (76 -148 568 ) (76 -148 569 ) (0 -148 569 ) 
4 201 203 (80 -148 569 ) (80 -148 568 ) (80 -224 568 ) (80 -224 569 ) 
4 201 202 (80 -148 688 ) (80 -148 569 ) (80 -224 569 ) (80 -224 688 ) 
4 202 204 (76 -148 688 ) (76 -148 569 ) (76 -224 569 ) (76 -224 688 ) 
4 202 203 (76 -224 569 ) (76 -148 569 ) (80 -148 569 ) (80 -224 569 ) 
4 203 204 (76 -148 569 ) (76 -148 568 ) (76 -224 568 ) (76 -224 569 ) 
4 204 278 (0 -148 568 ) (0 -224 568 ) (0 -224 688 ) (0 -148 688 ) 
4 204 205 (0 -224 688 ) (0 -224 568 ) (76 -224 568 ) (76 -224 688 ) 
4 205 282 (0 -224 688 ) (0 -224 568 ) (0 -232 568 ) (0 -232 688 ) 
4 205 208 (0 -232 568 ) (76 -232 568 ) (76 -232 664.896973 ) (0 -232 664.896973 ) 
4 205 206 (76 -232 664.896973 ) (76 -232 688 ) (0 -232 688 ) (0 -232 664.896973 ) 
4 206 283 (0 -706 692 ) (0 -232 692 ) (0 -232 664.896973 ) (0 -706 664.896973 ) 
5 206 210 (0 -596.815063 664.896973 ) (0 -453.334717 664.896973 ) (126.059006 -423 664.896973 ) (128 -429.505585 664.896973 ) (128 -566.013306 664.896973 ) 
3 206 209 (126.059006 -423 664.896973 ) (128 -422.532928 664.896973 ) (128 -429.505585 664.896973 ) 
4 206 208 (0 -453.334717 664.896973 ) (0 -232 664.896973 ) (128 -232 664.896973 ) (128 -422.532928 664.896973 ) 
4 206 207 (128 -706 664.896973 ) (0 -706 664.896973 ) (0 -596.815063 664.896973 ) (128 -566.013306 664.896973 ) 
4 206 211 (128 -706 664.896973 ) (128 -706 692 ) (0 -706 692 ) (0 -706 664.896973 ) 
4 207 284 (0 -596.815063 568 ) (0 -706 568 ) (0 -706 664.896973 ) (0 -596.815063 664.896973 ) 
4 207 210 (0 -596.815735 664.896973 ) (128 -566.013977 664.896973 ) (128 -566.013916 568 ) (0 -596.815674 568 ) 
4 207 211 (0 -706 568 ) (128 -706 568 ) (128 -706 664.896973 ) (0 -706 664.896973 ) 
4 208 285 (0 -232 664.896973 ) (0 -232 568 ) (0 -453.334686 568 ) (0 -453.334717 664.896973 ) 
4 208 210 (126.059357 -423.001160 664.896973 ) (0 -453.335938 664.896973 ) (0 -453.335938 568 ) (126.059349 -423.001160 568 ) 
4 208 209 (128 -422.534180 664.896973 ) (126.059357 -423.001160 664.896973 ) (126.059349 -423.001160 568 ) (128 -422.534149 568 ) 
4 209 210 (126.059578 -422.998077 664.896973 ) (126.059578 -422.998077 568 ) (128 -429.501801 568 ) (128 -429.501801 664.896973 ) 
4 210 286 (0 -453.334686 568 ) (0 -596.815063 568 ) (0 -596.815063 664.896973 ) (0 -453.334717 664.896973 ) 
4 211 287 (0 -710 692 ) (0 -706 692 ) (0 -706 568 ) (0 -710 568 ) 
4 212 288 (0 -128 456 ) (0 -128 560 ) (0 -72 560 ) (0 -72 456 ) 
4 213 217 (128 -128 376 ) (12 -128 376 ) (12 -72 376 ) (128 -72 376 ) 
4 213 216 (12 -127 376 ) (12 -128 376 ) (12 -128 416 ) (12 -127 416 ) 
4 213 215 (12 -72 376 ) (12 -127 376 ) (12 -127 416 ) (12 -72 416 ) 
4 213 214 (12 -128 416 ) (12 -128 448 ) (12 -72 448 ) (12 -72 416 ) 
4 214 289 (0 -128 416 ) (0 -128 448 ) (0 -72 448 ) (0 -72 416 ) 
4 214 216 (12 -127 416 ) (12 -128 416 ) (0 -128 416 ) (0 -127 416 ) 
4 214 215 (0 -72 416 ) (12 -72 416 ) (12 -127 416 ) (0 -127 416 ) 
4 215 290 (0 -127 416 ) (0 -72 416 ) (0 -72 376 ) (0 -127 376 ) 
4 215 217 (0 -127 376 ) (0 -72 376 ) (12 -72 376 ) (12 -127 376 ) 
4 215 216 (0 -127 376 ) (12 -127 376 ) (12 -127 416 ) (0 -127 416 ) 
4 216 291 (0 -128 376 ) (0 -128 416 ) (0 -127 416 ) (0 -127 376 ) 
4 216 217 (12 -128 376 ) (0 -128 376 ) (0 -127 376 ) (12 -127 376 ) 
4 217 292 (0 -128 344 ) (0 -128 376 ) (0 -72 376 ) (0 -72 344 ) 
4 218 221 (12 -128 264 ) (12 -128 304 ) (12 -127 304 ) (12 -127 264 ) 
4 218 220 (12 -127 304 ) (12 -72 304 ) (12 -72 264 ) (12 -127 264 ) 
4 218 219 (12 -128 304 ) (12 -128 336 ) (12 -72 336 ) (12 -72 304 ) 
4 218 222 (12 -72 232 ) (12 -128 232 ) (12 -128 264 ) (12 -72 264 ) 
4 219 294 (0 -128 304 ) (0 -128 336 ) (0 -72 336 ) (0 -72 304 ) 
4 219 221 (12 -127 304 ) (12 -128 304 ) (0 -128 304 ) (0 -127 304 ) 
4 219 220 (0 -72 304 ) (12 -72 304 ) (12 -127 304 ) (0 -127 304 ) 
4 220 295 (0 -127 304 ) (0 -72 304 ) (0 -72 264 ) (0 -127 264 ) 
4 220 222 (0 -72 264 ) (12 -72 264 ) (12 -127 264 ) (0 -127 264 ) 
4 220 221 (0 -127 264 ) (12 -127 264 ) (12 -127 304 ) (0 -127 304 ) 
4 221 296 (0 -128 264 ) (0 -128 304 ) (0 -127 304 ) (0 -127 264 ) 
4 221 222 (12 -127 264 ) (12 -128 264 ) (0 -128 264 ) (0 -127 264 ) 
4 222 297 (0 -128 232 ) (0 -128 264 ) (0 -72 264 ) (0 -72 232 ) 
4 223 226 (12 -128 152 ) (12 -128 192 ) (12 -127 192 ) (12 -127 152 ) 
4 223 225 (12 -127 192 ) (12 -72 192 ) (12 -72 152 ) (12 -127 152 ) 
4 223 224 (12 -128 192 ) (12 -128 224 ) (12 -72 224 ) (12 -72 192 ) 
4 223 227 (12 -72 120 ) (12 -128 120 ) (12 -128 152 ) (12 -72 152 ) 
4 224 299 (0 -128 192 ) (0 -128 224 ) (0 -72 224 ) (0 -72 192 ) 
4 224 226 (12 -127 192 ) (12 -128 192 ) (0 -128 192 ) (0 -127 192 ) 
4 224 225 (0 -72 192 ) (12 -72 192 ) (12 -127 192 ) (0 -127 192 ) 
4 225 300 (0 -127 192 ) (0 -72 192 ) (0 -72 152 ) (0 -127 152 ) 
4 225 227 (0 -72 152 ) (12 -72 152 ) (12 -127 152 ) (0 -127 152 ) 
4 225 226 (0 -127 152 ) (12 -127 152 ) (12 -127 192 ) (0 -127 192 ) 
4 226 301 (0 -128 152 ) (0 -128 192 ) (0 -127 192 ) (0 -127 152 ) 
4 226 227 (12 -127 152 ) (12 -128 152 ) (0 -128 152 ) (0 -127 152 ) 
4 227 303 (0 -128 120 ) (0 -128 152 ) (0 -72 152 ) (0 -72 120 ) 
4 228 304 (0 -128 76 ) (0 -128 112 ) (0 -72 112 ) (0 -72 76 ) 
4 228 230 (0 -127 76 ) (0 -72 76 ) (16 -72 76 ) (16 -127 76 ) 
4 228 229 (128 -128 76 ) (16 -128 76 ) (16 -72 76 ) (128 -72 76 ) 
4 229 230 (16 -72 0 ) (16 -127 0 ) (16 -127 76 ) (16 -72 76 ) 
4 230 305 (0 -127 76 ) (0 -72 76 ) (0 -72 0 ) (0 -127 0 ) 
4 231 273 (0 -72 688 ) (0 -72 692 ) (-64 -72 692 ) (-64 -72 688 ) 
4 231 233 (-64 -72 688 ) (-64 -72 692 ) (-64 0 692 ) (-64 0 688 ) 
4 231 232 (0 -72 688 ) (-64 -72 688 ) (-64 0 688 ) (0 0 688 ) 
4 232 305 (0 -72 0 ) (0 -72 76 ) (-16 -72 76 ) (-16 -72 0 ) 
4 232 306 (-16 -72 76 ) (-64 -72 76 ) (-64 -72 0 ) (-16 -72 0 ) 
4 232 303 (0 -72 120 ) (0 -72 152 ) (-64 -72 152 ) (-64 -72 120 ) 
4 232 304 (0 -72 76 ) (0 -72 112 ) (-64 -72 112 ) (-64 -72 76 ) 
4 232 300 (0 -72 152 ) (0 -72 192 ) (-12 -72 192 ) (-12 -72 152 ) 
4 232 302 (-12 -72 192 ) (-64 -72 192 ) (-64 -72 152 ) (-12 -72 152 ) 
4 232 299 (0 -72 192 ) (0 -72 224 ) (-64 -72 224 ) (-64 -72 192 ) 
4 232 295 (0 -72 264 ) (0 -72 304 ) (-12 -72 304 ) (-12 -72 264 ) 
4 232 294 (0 -72 304 ) (0 -72 336 ) (-12 -72 336 ) (-12 -72 304 ) 
4 232 297 (0 -72 232 ) (0 -72 264 ) (-12 -72 264 ) (-12 -72 232 ) 
4 232 298 (-12 -72 336 ) (-64 -72 336 ) (-64 -72 232 ) (-12 -72 232 ) 
4 232 290 (0 -72 376 ) (0 -72 416 ) (-12 -72 416 ) (-12 -72 376 ) 
4 232 289 (0 -72 416 ) (0 -72 448 ) (-12 -72 448 ) (-12 -72 416 ) 
4 232 292 (0 -72 344 ) (0 -72 376 ) (-12 -72 376 ) (-12 -72 344 ) 
4 232 293 (-12 -72 448 ) (-64 -72 448 ) (-64 -72 344 ) (-12 -72 344 ) 
4 232 288 (0 -72 456 ) (0 -72 560 ) (-64 -72 560 ) (-64 -72 456 ) 
4 232 274 (0 -72 568 ) (0 -72 688 ) (-64 -72 688 ) (-64 -72 568 ) 
4 232 272 (-64 -40 8 ) (-64 0 8 ) (-64 0 0 ) (-64 -40 0 ) 
4 232 270 (-64 -24 16 ) (-64 0 16 ) (-64 0 8 ) (-64 -24 8 ) 
4 232 271 (-64 -72 8 ) (-64 -72 16 ) (-64 -56 16 ) (-64 -56 8 ) 
4 232 268 (-64 -8 24 ) (-64 0 24 ) (-64 0 16 ) (-64 -8 16 ) 
4 232 269 (-64 -72 16 ) (-64 -72 24 ) (-64 -40 24 ) (-64 -40 16 ) 
4 232 267 (-64 -72 24 ) (-64 -72 32 ) (-64 -24 32 ) (-64 -24 24 ) 
4 232 266 (-64 -72 32 ) (-64 -72 120 ) (-64 -40 120 ) (-64 -40 32 ) 
4 232 264 (-64 -8 126 ) (-64 0 126 ) (-64 0 40 ) (-64 -8 40 ) 
4 232 265 (-64 -40 126 ) (-64 -8 126 ) (-64 -8 32 ) (-64 -40 32 ) 
4 232 262 (-64 -24 132 ) (-64 0 132 ) (-64 0 126 ) (-64 -24 126 ) 
4 232 263 (-64 -72 126 ) (-64 -72 132 ) (-64 -56 132 ) (-64 -56 126 ) 
4 232 260 (-64 -8 138 ) (-64 0 138 ) (-64 0 132 ) (-64 -8 132 ) 
4 232 261 (-64 -72 132 ) (-64 -72 138 ) (-64 -40 138 ) (-64 -40 132 ) 
4 232 259 (-64 -72 138 ) (-64 -72 144 ) (-64 -24 144 ) (-64 -24 138 ) 
4 232 258 (-64 -72 144 ) (-64 -72 232 ) (-64 -40 232 ) (-64 -40 144 ) 
4 232 256 (-64 -8 239 ) (-64 0 239 ) (-64 0 150 ) (-64 -8 150 ) 
4 232 257 (-64 -40 239 ) (-64 -8 239 ) (-64 -8 144 ) (-64 -40 144 ) 
4 232 254 (-64 -24 246 ) (-64 0 246 ) (-64 0 239 ) (-64 -24 239 ) 
4 232 255 (-64 -72 239 ) (-64 -72 246 ) (-64 -56 246 ) (-64 -56 239 ) 
4 232 252 (-64 -8 253 ) (-64 0 253 ) (-64 0 246 ) (-64 -8 246 ) 
4 232 253 (-64 -72 246 ) (-64 -72 253 ) (-64 -40 253 ) (-64 -40 246 ) 
4 232 251 (-64 -72 253 ) (-64 -72 344 ) (-64 -40 344 ) (-64 -40 253 ) 
4 232 250 (-64 -40 351 ) (-64 -24 351 ) (-64 -24 253 ) (-64 -40 253 ) 
4 232 249 (-64 -72 351 ) (-64 -72 358 ) (-64 -56 358 ) (-64 -56 351 ) 
4 232 247 (-64 -8 358 ) (-64 0 358 ) (-64 0 267 ) (-64 -8 267 ) 
4 232 248 (-64 -24 358 ) (-64 -8 358 ) (-64 -8 260 ) (-64 -24 260 ) 
4 232 245 (-64 -8 365 ) (-64 0 365 ) (-64 0 358 ) (-64 -8 358 ) 
4 232 246 (-64 -72 358 ) (-64 -72 365 ) (-64 -40 365 ) (-64 -40 358 ) 
4 232 244 (-64 -72 365 ) (-64 -72 372 ) (-64 -24 372 ) (-64 -24 365 ) 
4 232 243 (-64 -72 372 ) (-64 -72 456 ) (-64 -40 456 ) (-64 -40 372 ) 
4 232 242 (-64 -40 463 ) (-64 -8 463 ) (-64 -8 372 ) (-64 -40 372 ) 
4 232 241 (-64 -8 463 ) (-64 0 463 ) (-64 0 379 ) (-64 -8 379 ) 
4 232 239 (-64 -24 470 ) (-64 0 470 ) (-64 0 463 ) (-64 -24 463 ) 
4 232 240 (-64 -72 463 ) (-64 -72 470 ) (-64 -56 470 ) (-64 -56 463 ) 
4 232 237 (-64 -8 477 ) (-64 0 477 ) (-64 0 470 ) (-64 -8 470 ) 
4 232 238 (-64 -72 470 ) (-64 -72 477 ) (-64 -40 477 ) (-64 -40 470 ) 
4 232 236 (-64 -72 477 ) (-64 -72 484 ) (-64 -24 484 ) (-64 -24 477 ) 
4 232 235 (-64 -72 484 ) (-64 -72 491 ) (-64 -8 491 ) (-64 -8 484 ) 
4 232 234 (-64 -72 491 ) (-64 -72 688 ) (-64 0 688 ) (-64 0 491 ) 
4 233 273 (-128 -72 692 ) (-128 -72 688 ) (-64 -72 688 ) (-64 -72 692 ) 
4 233 234 (-64 0 688 ) (-64 -72 688 ) (-128 -72 688 ) (-128 0 688 ) 
4 234 288 (-128 -72 560 ) (-128 -72 491 ) (-64 -72 491 ) (-64 -72 560 ) 
4 234 274 (-80 -72 568 ) (-64 -72 568 ) (-64 -72 688 ) (-80 -72 688 ) 
4 234 277 (-128 -72 688 ) (-128 -72 568 ) (-80 -72 568 ) (-80 -72 688 ) 
4 234 235 (-64 -8 491 ) (-64 -72 491 ) (-128 -72 491 ) (-128 -8 491 ) 
4 235 288 (-128 -72 491 ) (-128 -72 484 ) (-64 -72 484 ) (-64 -72 491 ) 
4 235 236 (-64 -24 484 ) (-64 -72 484 ) (-128 -72 484 ) (-128 -24 484 ) 
4 236 288 (-128 -72 484 ) (-128 -72 477 ) (-64 -72 477 ) (-64 -72 484 ) 
4 236 238 (-64 -40 477 ) (-64 -72 477 ) (-128 -72 477 ) (-128 -40 477 ) 
4 237 239 (-64 0 470 ) (-64 -8 470 ) (-128 -8 470 ) (-128 0 470 ) 
4 238 288 (-128 -72 477 ) (-128 -72 470 ) (-64 -72 470 ) (-64 -72 477 ) 
4 238 240 (-64 -56 470 ) (-64 -72 470 ) (-128 -72 470 ) (-128 -56 470 ) 
4 239 242 (-64 -8 463 ) (-64 -24 463 ) (-128 -24 463 ) (-128 -8 463 ) 
4 239 241 (-64 0 463 ) (-64 -8 463 ) (-128 -8 463 ) (-128 0 463 ) 
4 240 288 (-128 -72 470 ) (-128 -72 463 ) (-64 -72 463 ) (-64 -72 470 ) 
4 241 242 (-64 -8 379 ) (-64 -8 463 ) (-128 -8 463 ) (-128 -8 379 ) 
4 242 244 (-64 -24 372 ) (-64 -40 372 ) (-128 -40 372 ) (-128 -24 372 ) 
4 242 243 (-128 -40 372 ) (-64 -40 372 ) (-64 -40 456 ) (-128 -40 456 ) 
4 243 293 (-128 -72 448 ) (-128 -72 372 ) (-64 -72 372 ) (-64 -72 448 ) 
4 243 244 (-64 -40 372 ) (-64 -72 372 ) (-128 -72 372 ) (-128 -40 372 ) 
4 244 293 (-128 -72 372 ) (-128 -72 365 ) (-64 -72 365 ) (-64 -72 372 ) 
4 244 246 (-64 -40 365 ) (-64 -72 365 ) (-128 -72 365 ) (-128 -40 365 ) 
4 245 247 (-64 0 358 ) (-64 -8 358 ) (-128 -8 358 ) (-128 0 358 ) 
4 246 293 (-128 -72 365 ) (-128 -72 358 ) (-64 -72 358 ) (-64 -72 365 ) 
4 246 249 (-64 -56 358 ) (-64 -72 358 ) (-128 -72 358 ) (-128 -56 358 ) 
4 247 248 (-64 -8 267 ) (-64 -8 358 ) (-128 -8 358 ) (-128 -8 267 ) 
4 248 250 (-64 -24 260 ) (-64 -24 351 ) (-128 -24 351 ) (-128 -24 260 ) 
4 249 293 (-128 -72 358 ) (-128 -72 351 ) (-64 -72 351 ) (-64 -72 358 ) 
4 250 251 (-128 -40 253 ) (-64 -40 253 ) (-64 -40 344 ) (-128 -40 344 ) 
4 251 298 (-128 -72 336 ) (-128 -72 253 ) (-64 -72 253 ) (-64 -72 336 ) 
4 251 253 (-64 -40 253 ) (-64 -72 253 ) (-128 -72 253 ) (-128 -40 253 ) 
4 252 254 (-64 0 246 ) (-64 -8 246 ) (-128 -8 246 ) (-128 0 246 ) 
4 253 298 (-128 -72 253 ) (-128 -72 246 ) (-64 -72 246 ) (-64 -72 253 ) 
4 253 255 (-64 -56 246 ) (-64 -72 246 ) (-128 -72 246 ) (-128 -56 246 ) 
4 254 256 (-64 0 239 ) (-64 -8 239 ) (-128 -8 239 ) (-128 0 239 ) 
4 254 257 (-64 -8 239 ) (-64 -24 239 ) (-128 -24 239 ) (-128 -8 239 ) 
4 255 298 (-128 -72 246 ) (-128 -72 239 ) (-64 -72 239 ) (-64 -72 246 ) 
4 256 257 (-64 -8 150 ) (-64 -8 239 ) (-128 -8 239 ) (-128 -8 150 ) 
4 257 259 (-64 -24 144 ) (-64 -40 144 ) (-128 -40 144 ) (-128 -24 144 ) 
4 257 258 (-128 -40 144 ) (-64 -40 144 ) (-64 -40 232 ) (-128 -40 232 ) 
4 258 303 (-128 -72 152 ) (-128 -72 144 ) (-64 -72 144 ) (-64 -72 152 ) 
4 258 302 (-128 -72 192 ) (-128 -72 152 ) (-64 -72 152 ) (-64 -72 192 ) 
4 258 299 (-128 -72 224 ) (-128 -72 192 ) (-64 -72 192 ) (-64 -72 224 ) 
4 258 259 (-64 -40 144 ) (-64 -72 144 ) (-128 -72 144 ) (-128 -40 144 ) 
4 259 303 (-128 -72 144 ) (-128 -72 138 ) (-64 -72 138 ) (-64 -72 144 ) 
4 259 261 (-64 -40 138 ) (-64 -72 138 ) (-128 -72 138 ) (-128 -40 138 ) 
4 260 262 (-64 0 132 ) (-64 -8 132 ) (-128 -8 132 ) (-128 0 132 ) 
4 261 303 (-128 -72 138 ) (-128 -72 132 ) (-64 -72 132 ) (-64 -72 138 ) 
4 261 263 (-64 -56 132 ) (-64 -72 132 ) (-128 -72 132 ) (-128 -56 132 ) 
4 262 264 (-64 0 126 ) (-64 -8 126 ) (-128 -8 126 ) (-128 0 126 ) 
4 262 265 (-64 -8 126 ) (-64 -24 126 ) (-128 -24 126 ) (-128 -8 126 ) 
4 263 303 (-128 -72 132 ) (-128 -72 126 ) (-64 -72 126 ) (-64 -72 132 ) 
4 264 265 (-64 -8 40 ) (-64 -8 126 ) (-128 -8 126 ) (-128 -8 40 ) 
4 265 267 (-64 -24 32 ) (-64 -40 32 ) (-128 -40 32 ) (-128 -24 32 ) 
4 265 266 (-128 -40 32 ) (-64 -40 32 ) (-64 -40 120 ) (-128 -40 120 ) 
4 266 308 (-108 -72 32 ) (-84 -72 32 ) (-84 -72 60 ) (-108 -72 60 ) 
4 266 307 (-84 -72 60 ) (-84 -72 76 ) (-108 -72 76 ) (-108 -72 60 ) 
4 266 311 (-128 -72 76 ) (-128 -72 32 ) (-108 -72 32 ) (-108 -72 76 ) 
4 266 306 (-84 -72 32 ) (-64 -72 32 ) (-64 -72 76 ) (-84 -72 76 ) 
4 266 304 (-128 -72 112 ) (-128 -72 76 ) (-64 -72 76 ) (-64 -72 112 ) 
4 266 267 (-64 -40 32 ) (-64 -72 32 ) (-128 -72 32 ) (-128 -40 32 ) 
4 267 308 (-108 -72 24 ) (-84 -72 24 ) (-84 -72 32 ) (-108 -72 32 ) 
4 267 311 (-128 -72 32 ) (-128 -72 24 ) (-108 -72 24 ) (-108 -72 32 ) 
4 267 306 (-84 -72 24 ) (-64 -72 24 ) (-64 -72 32 ) (-84 -72 32 ) 
4 267 269 (-64 -40 24 ) (-64 -72 24 ) (-128 -72 24 ) (-128 -40 24 ) 
4 268 270 (-64 0 16 ) (-64 -8 16 ) (-128 -8 16 ) (-128 0 16 ) 
4 269 308 (-84 -72 20 ) (-84 -72 24 ) (-108 -72 24 ) (-108 -72 20 ) 
4 269 310 (-108 -72 16 ) (-84 -72 16 ) (-84 -72 20 ) (-108 -72 20 ) 
4 269 311 (-128 -72 24 ) (-128 -72 16 ) (-108 -72 16 ) (-108 -72 24 ) 
4 269 306 (-84 -72 16 ) (-64 -72 16 ) (-64 -72 24 ) (-84 -72 24 ) 
4 269 271 (-64 -56 16 ) (-64 -72 16 ) (-128 -72 16 ) (-128 -56 16 ) 
4 270 272 (-64 0 8 ) (-64 -24 8 ) (-128 -24 8 ) (-128 0 8 ) 
4 271 310 (-108 -72 8 ) (-84 -72 8 ) (-84 -72 16 ) (-108 -72 16 ) 
4 271 311 (-128 -72 16 ) (-128 -72 8 ) (-108 -72 8 ) (-108 -72 16 ) 
4 271 306 (-84 -72 8 ) (-64 -72 8 ) (-64 -72 16 ) (-84 -72 16 ) 
4 273 274 (-80 -72 688 ) (0 -72 688 ) (0 -120 688 ) (-80 -120 688 ) 
4 273 277 (-128 -120 688 ) (-128 -72 688 ) (-80 -72 688 ) (-80 -120 688 ) 
4 274 276 (-80 -144 569 ) (-80 -144 568 ) (0 -144 568 ) (0 -144 569 ) 
4 274 275 (-80 -144 688 ) (-80 -144 569 ) (0 -144 569 ) (0 -144 688 ) 
4 274 277 (-80 -72 568 ) (-80 -144 568 ) (-80 -144 688 ) (-80 -72 688 ) 
4 275 279 (-76 -148 688 ) (-80 -148 688 ) (-80 -148 569 ) (-76 -148 569 ) 
4 275 278 (0 -148 569 ) (0 -148 688 ) (-76 -148 688 ) (-76 -148 569 ) 
4 275 277 (-80 -148 569 ) (-80 -148 688 ) (-80 -144 688 ) (-80 -144 569 ) 
4 275 276 (0 -148 569 ) (-80 -148 569 ) (-80 -144 569 ) (0 -144 569 ) 
4 276 280 (-80 -148 568 ) (-76 -148 568 ) (-76 -148 569 ) (-80 -148 569 ) 
4 276 278 (-76 -148 568 ) (0 -148 568 ) (0 -148 569 ) (-76 -148 569 ) 
4 276 277 (-80 -144 568 ) (-80 -148 568 ) (-80 -148 569 ) (-80 -144 569 ) 
4 277 281 (-128 -148 568 ) (-80 -148 568 ) (-80 -148 688 ) (-128 -148 688 ) 
4 278 282 (-76 -224 568 ) (0 -224 568 ) (0 -224 688 ) (-76 -224 688 ) 
4 278 280 (-76 -148 569 ) (-76 -148 568 ) (-76 -224 568 ) (-76 -224 569 ) 
4 278 279 (-76 -148 688 ) (-76 -148 569 ) (-76 -224 569 ) (-76 -224 688 ) 
4 279 281 (-80 -148 688 ) (-80 -148 569 ) (-80 -224 569 ) (-80 -224 688 ) 
4 279 280 (-80 -224 569 ) (-80 -148 569 ) (-76 -148 569 ) (-76 -224 569 ) 
4 280 281 (-80 -148 569 ) (-80 -148 568 ) (-80 -224 568 ) (-80 -224 569 ) 
4 282 285 (-76 -232 568 ) (0 -232 568 ) (0 -232 664.896973 ) (-76 -232 664.896973 ) 
4 282 283 (0 -232 664.896973 ) (0 -232 688 ) (-76 -232 688 ) (-76 -232 664.896973 ) 
4 283 312 (-128 -704 692 ) (-128 -232 692 ) (-128 -232 664.896973 ) (-128 -704 664.896973 ) 
4 283 286 (-128 -627.616821 664.896973 ) (-128 -484.136475 664.896973 ) (0 -453.334686 664.896973 ) (0 -596.815063 664.896973 ) 
4 283 285 (-128 -484.136475 664.896973 ) (-128 -232 664.896973 ) (0 -232 664.896973 ) (0 -453.334686 664.896973 ) 
4 283 284 (0 -706 664.896973 ) (-128 -706 664.896973 ) (-128 -627.616821 664.896973 ) (0 -596.815063 664.896973 ) 
4 283 287 (0 -706 664.896973 ) (0 -706 692 ) (-128 -706 692 ) (-128 -706 664.896973 ) 
4 284 313 (-128 -627.616821 568 ) (-128 -704 568 ) (-128 -704 664.896973 ) (-128 -627.616821 664.896973 ) 
4 284 286 (-128 -627.617554 664.896973 ) (0 -596.815796 664.896973 ) (0 -596.815674 568 ) (-128 -627.617493 568 ) 
4 284 287 (-128 -706 568 ) (0 -706 568 ) (0 -706 664.896973 ) (-128 -706 664.896973 ) 
4 285 314 (-128 -232 664.896973 ) (-128 -232 568 ) (-128 -484.136475 568 ) (-128 -484.136475 664.896973 ) 
4 285 286 (0 -453.335938 664.896973 ) (-128 -484.137695 664.896973 ) (-128 -484.137695 568 ) (0 -453.335938 568 ) 
4 286 316 (-128 -484.136475 568 ) (-128 -627.616821 568 ) (-128 -627.616821 664.896973 ) (-128 -484.136475 664.896973 ) 
4 289 291 (0 -128 416 ) (-12 -128 416 ) (-12 -127 416 ) (0 -127 416 ) 
4 289 290 (-12 -127 416 ) (-12 -72 416 ) (0 -72 416 ) (0 -127 416 ) 
4 289 293 (-12 -128 416 ) (-12 -128 448 ) (-12 -72 448 ) (-12 -72 416 ) 
4 290 293 (-12 -127 416 ) (-12 -72 416 ) (-12 -72 376 ) (-12 -127 376 ) 
4 290 292 (-12 -127 376 ) (-12 -72 376 ) (0 -72 376 ) (0 -127 376 ) 
4 290 291 (-12 -127 376 ) (0 -127 376 ) (0 -127 416 ) (-12 -127 416 ) 
4 291 293 (-12 -128 376 ) (-12 -128 416 ) (-12 -127 416 ) (-12 -127 376 ) 
4 291 292 (0 -128 376 ) (-12 -128 376 ) (-12 -127 376 ) (0 -127 376 ) 
4 292 293 (-12 -72 344 ) (-12 -128 344 ) (-12 -128 376 ) (-12 -72 376 ) 
4 294 296 (0 -128 304 ) (-12 -128 304 ) (-12 -127 304 ) (0 -127 304 ) 
4 294 295 (-12 -127 304 ) (-12 -72 304 ) (0 -72 304 ) (0 -127 304 ) 
4 294 298 (-12 -128 304 ) (-12 -128 336 ) (-12 -72 336 ) (-12 -72 304 ) 
4 295 298 (-12 -127 304 ) (-12 -72 304 ) (-12 -72 264 ) (-12 -127 264 ) 
4 295 297 (-12 -127 264 ) (-12 -72 264 ) (0 -72 264 ) (0 -127 264 ) 
4 295 296 (-12 -127 264 ) (0 -127 264 ) (0 -127 304 ) (-12 -127 304 ) 
4 296 298 (-12 -128 264 ) (-12 -128 304 ) (-12 -127 304 ) (-12 -127 264 ) 
4 296 297 (0 -128 264 ) (-12 -128 264 ) (-12 -127 264 ) (0 -127 264 ) 
4 297 298 (-12 -72 232 ) (-12 -128 232 ) (-12 -128 264 ) (-12 -72 264 ) 
4 299 301 (0 -128 192 ) (-12 -128 192 ) (-12 -127 192 ) (0 -127 192 ) 
4 299 300 (-12 -127 192 ) (-12 -72 192 ) (0 -72 192 ) (0 -127 192 ) 
4 299 302 (-12 -128 192 ) (-128 -128 192 ) (-128 -72 192 ) (-12 -72 192 ) 
4 300 303 (-12 -127 152 ) (-12 -72 152 ) (0 -72 152 ) (0 -127 152 ) 
4 300 302 (-12 -72 152 ) (-12 -127 152 ) (-12 -127 192 ) (-12 -72 192 ) 
4 300 301 (-12 -127 192 ) (-12 -127 152 ) (0 -127 152 ) (0 -127 192 ) 
4 301 303 (0 -128 152 ) (-12 -128 152 ) (-12 -127 152 ) (0 -127 152 ) 
4 301 302 (-12 -127 152 ) (-12 -128 152 ) (-12 -128 192 ) (-12 -127 192 ) 
4 302 303 (-12 -128 152 ) (-128 -128 152 ) (-128 -72 152 ) (-12 -72 152 ) 
4 304 307 (-84 -128 76 ) (-108 -128 76 ) (-108 -72 76 ) (-84 -72 76 ) 
4 304 311 (-108 -128 76 ) (-128 -128 76 ) (-128 -72 76 ) (-108 -72 76 ) 
4 304 305 (-16 -127 76 ) (-16 -72 76 ) (0 -72 76 ) (0 -127 76 ) 
4 304 306 (-16 -128 76 ) (-84 -128 76 ) (-84 -72 76 ) (-16 -72 76 ) 
4 305 306 (-16 -72 0 ) (-16 -127 0 ) (-16 -127 76 ) (-16 -72 76 ) 
4 306 309 (-84 -128 20 ) (-84 -128 60 ) (-84 -127 60 ) (-84 -127 20 ) 
4 306 308 (-84 -127 60 ) (-84 -72 60 ) (-84 -72 20 ) (-84 -127 20 ) 
4 306 307 (-84 -128 60 ) (-84 -128 76 ) (-84 -72 76 ) (-84 -72 60 ) 
4 306 310 (-84 -72 0 ) (-84 -128 0 ) (-84 -128 20 ) (-84 -72 20 ) 
4 307 309 (-108 -128 60 ) (-108 -127 60 ) (-84 -127 60 ) (-84 -128 60 ) 
4 307 308 (-108 -127 60 ) (-108 -72 60 ) (-84 -72 60 ) (-84 -127 60 ) 
4 307 311 (-108 -128 60 ) (-108 -128 76 ) (-108 -72 76 ) (-108 -72 60 ) 
4 308 311 (-108 -127 60 ) (-108 -72 60 ) (-108 -72 20 ) (-108 -127 20 ) 
4 308 310 (-108 -127 20 ) (-108 -72 20 ) (-84 -72 20 ) (-84 -127 20 ) 
4 308 309 (-108 -127 20 ) (-84 -127 20 ) (-84 -127 60 ) (-108 -127 60 ) 
4 309 311 (-108 -128 20 ) (-108 -128 60 ) (-108 -127 60 ) (-108 -127 20 ) 
4 309 310 (-108 -128 20 ) (-108 -127 20 ) (-84 -127 20 ) (-84 -128 20 ) 
4 310 311 (-108 -72 0 ) (-108 -128 0 ) (-108 -128 20 ) (-108 -72 20 ) 
4 312 316 (-182 -497.130981 664.896973 ) (-128 -484.136475 664.896973 ) (-128 -627.616821 664.896973 ) (-142.059021 -631 664.896973 ) 
4 312 315 (-320 -673.819519 664.896973 ) (-320 -530.339172 664.896973 ) (-182 -497.130981 664.896973 ) (-142.059021 -631 664.896973 ) 
4 312 314 (-320 -530.339172 664.896973 ) (-320 -232 664.896973 ) (-128 -232 664.896973 ) (-128 -484.136475 664.896973 ) 
4 312 313 (-128 -704 664.896973 ) (-320 -704 664.896973 ) (-320 -673.819519 664.896973 ) (-128 -627.616821 664.896973 ) 
4 313 316 (-142.058777 -631 664.896973 ) (-128 -627.617676 664.896973 ) (-128 -627.617676 568 ) (-142.058777 -631 568 ) 
4 313 315 (-320 -673.820313 568 ) (-320 -673.820313 664.896973 ) (-142.058777 -631 664.896973 ) (-142.058777 -631 568 ) 
4 314 316 (-128 -484.136169 664.896973 ) (-182 -497.130707 664.896973 ) (-182 -497.130707 568 ) (-128 -484.136169 568 ) 
4 314 315 (-182 -497.130707 664.896973 ) (-320 -530.338867 664.896973 ) (-320 -530.338867 568 ) (-182 -497.130707 568 ) 
4 315 316 (-142.058502 -631 664.896973 ) (-142.058502 -631 568 ) (-182 -497.128906 568 ) (-182 -497.128906 664.896973 ) 
