PRT1
34
86
4 0 29 (240 0 200 ) (272 0 200 ) (272 0 304 ) (240 0 304 ) 
4 0 30 (0 0 304 ) (0 0 200 ) (240 0 200 ) (240 0 304 ) 
4 0 28 (272 0 200 ) (768 0 200 ) (768 0 304 ) (272 0 304 ) 
4 0 27 (0 0 200 ) (0 0 304 ) (0 240 304 ) (0 240 200 ) 
4 0 25 (0 240 304 ) (0 272 304 ) (0 272 200 ) (0 240 200 ) 
4 0 24 (0 272 304 ) (0 768 304 ) (0 768 200 ) (0 272 200 ) 
4 0 3 (0 272 200 ) (0 768 200 ) (240 768 200 ) (240 272 200 ) 
4 0 4 (0 0 200 ) (0 240 200 ) (240 240 200 ) (240 0 200 ) 
4 0 2 (768 240 200 ) (768 0 200 ) (272 0 200 ) (272 240 200 ) 
4 0 1 (272 768 200 ) (768 768 200 ) (768 272 200 ) (272 272 200 ) 
4 1 8 (272 768 92 ) (404 768 92 ) (404 272 92 ) (272 272 92 ) 
4 1 7 (404 768 92 ) (620 768 92 ) (620 272 92 ) (404 272 92 ) 
4 1 5 (620 768 92 ) (768 768 92 ) (768 272 92 ) (620 272 92 ) 
4 2 28 (272 0 92 ) (768 0 92 ) (768 0 200 ) (272 0 200 ) 
4 2 9 (404 0 92 ) (272 0 92 ) (272 240 92 ) (404 240 92 ) 
4 2 7 (620 0 92 ) (404 0 92 ) (404 240 92 ) (620 240 92 ) 
4 2 6 (768 240 92 ) (768 0 92 ) (620 0 92 ) (620 240 92 ) 
4 3 24 (0 272 200 ) (0 768 200 ) (0 768 92 ) (0 272 92 ) 
4 3 10 (0 768 92 ) (240 768 92 ) (240 272 92 ) (0 272 92 ) 
4 4 30 (0 0 200 ) (0 0 92 ) (240 0 92 ) (240 0 200 ) 
4 4 27 (0 0 92 ) (0 0 200 ) (0 240 200 ) (0 240 92 ) 
4 4 11 (240 240 92 ) (240 0 92 ) (0 0 92 ) (0 240 92 ) 
4 5 12 (620 272 88 ) (620 768 88 ) (768 768 88 ) (768 272 88 ) 
4 5 7 (620 272 92 ) (620 768 92 ) (620 768 88 ) (620 272 88 ) 
4 6 28 (620 0 88 ) (768 0 88 ) (768 0 92 ) (620 0 92 ) 
4 6 13 (768 0 88 ) (620 0 88 ) (620 240 88 ) (768 240 88 ) 
4 6 7 (620 0 92 ) (620 240 92 ) (620 240 88 ) (620 0 88 ) 
4 7 28 (404 0 88 ) (620 0 88 ) (620 0 92 ) (404 0 92 ) 
4 7 14 (620 0 88 ) (404 0 88 ) (404 768 88 ) (620 768 88 ) 
4 7 9 (404 0 92 ) (404 240 92 ) (404 240 88 ) (404 0 88 ) 
4 7 8 (404 272 92 ) (404 768 92 ) (404 768 88 ) (404 272 88 ) 
4 8 18 (404 404 88 ) (404 272 88 ) (272 272 88 ) (272 404 88 ) 
4 8 17 (404 620 88 ) (404 404 88 ) (272 404 88 ) (272 620 88 ) 
4 8 15 (272 768 88 ) (404 768 88 ) (404 620 88 ) (272 620 88 ) 
4 9 28 (272 0 88 ) (404 0 88 ) (404 0 92 ) (272 0 92 ) 
4 9 20 (272 108 88 ) (272 240 88 ) (404 240 88 ) (404 108 88 ) 
4 9 22 (404 0 88 ) (272 0 88 ) (272 108 88 ) (404 108 88 ) 
4 10 24 (0 272 92 ) (0 768 92 ) (0 768 88 ) (0 272 88 ) 
4 10 19 (240 404 88 ) (240 272 88 ) (108 272 88 ) (108 404 88 ) 
4 10 17 (240 620 88 ) (240 404 88 ) (108 404 88 ) (108 620 88 ) 
4 10 16 (108 768 88 ) (240 768 88 ) (240 620 88 ) (108 620 88 ) 
4 10 23 (0 272 88 ) (0 768 88 ) (108 768 88 ) (108 272 88 ) 
4 11 30 (0 0 92 ) (0 0 88 ) (240 0 88 ) (240 0 92 ) 
4 11 27 (0 0 88 ) (0 0 92 ) (0 240 92 ) (0 240 88 ) 
4 11 21 (108 108 88 ) (108 240 88 ) (240 240 88 ) (240 108 88 ) 
4 11 22 (240 0 88 ) (108 0 88 ) (108 108 88 ) (240 108 88 ) 
4 11 23 (108 0 88 ) (0 0 88 ) (0 240 88 ) (108 240 88 ) 
4 12 14 (620 768 88 ) (620 768 8 ) (620 272 8 ) (620 272 88 ) 
4 13 28 (768 0 88 ) (620 0 88 ) (620 0 8 ) (768 0 8 ) 
4 13 14 (620 240 8 ) (620 0 8 ) (620 0 88 ) (620 240 88 ) 
4 14 28 (620 0 88 ) (404 0 88 ) (404 0 8 ) (620 0 8 ) 
4 14 20 (404 240 8 ) (404 108 8 ) (404 108 88 ) (404 240 88 ) 
4 14 18 (404 404 8 ) (404 272 8 ) (404 272 88 ) (404 404 88 ) 
4 14 17 (404 620 8 ) (404 404 8 ) (404 404 88 ) (404 620 88 ) 
4 14 22 (404 108 8 ) (404 0 8 ) (404 0 88 ) (404 108 88 ) 
4 14 15 (404 768 88 ) (404 768 8 ) (404 620 8 ) (404 620 88 ) 
4 15 17 (272 620 8 ) (404 620 8 ) (404 620 88 ) (272 620 88 ) 
4 16 17 (108 620 88 ) (108 620 8 ) (240 620 8 ) (240 620 88 ) 
4 16 23 (108 768 88 ) (108 768 8 ) (108 620 8 ) (108 620 88 ) 
4 17 18 (272 404 8 ) (404 404 8 ) (404 404 88 ) (272 404 88 ) 
4 17 19 (108 404 88 ) (108 404 8 ) (240 404 8 ) (240 404 88 ) 
4 17 23 (108 620 8 ) (108 404 8 ) (108 404 88 ) (108 620 88 ) 
4 19 23 (108 404 8 ) (108 272 8 ) (108 272 88 ) (108 404 88 ) 
4 20 22 (272 108 8 ) (404 108 8 ) (404 108 88 ) (272 108 88 ) 
4 21 22 (108 108 88 ) (108 108 8 ) (240 108 8 ) (240 108 88 ) 
4 21 23 (108 240 8 ) (108 108 8 ) (108 108 88 ) (108 240 88 ) 
4 22 31 (272 0 88 ) (240 0 88 ) (240 0 8 ) (272 0 8 ) 
4 22 32 (240 0 88 ) (108 0 88 ) (108 0 8 ) (240 0 8 ) 
4 22 28 (404 0 88 ) (272 0 88 ) (272 0 8 ) (404 0 8 ) 
4 22 23 (108 108 8 ) (108 0 8 ) (108 0 88 ) (108 108 88 ) 
4 23 32 (108 0 88 ) (0 0 88 ) (0 0 8 ) (108 0 8 ) 
4 23 27 (0 0 8 ) (0 0 88 ) (0 240 88 ) (0 240 8 ) 
4 23 26 (0 240 88 ) (0 272 88 ) (0 272 8 ) (0 240 8 ) 
4 23 24 (0 272 88 ) (0 768 88 ) (0 768 8 ) (0 272 8 ) 
4 24 26 (-108 272 8 ) (0 272 8 ) (0 272 88 ) (-108 272 88 ) 
4 24 25 (-256 272 304 ) (-256 272 200 ) (0 272 200 ) (0 272 304 ) 
4 25 27 (-256 240 304 ) (-256 240 200 ) (0 240 200 ) (0 240 304 ) 
4 26 27 (-108 240 8 ) (0 240 8 ) (0 240 88 ) (-108 240 88 ) 
4 27 33 (0 0 8 ) (0 0 304 ) (-256 0 304 ) (-256 0 8 ) 
4 28 31 (272 0 8 ) (272 -108 8 ) (272 -108 88 ) (272 0 88 ) 
4 28 29 (272 -256 200 ) (272 -256 304 ) (272 0 304 ) (272 0 200 ) 
4 29 30 (240 -256 200 ) (240 -256 304 ) (240 0 304 ) (240 0 200 ) 
4 30 33 (0 0 304 ) (0 0 88 ) (0 -256 88 ) (0 -256 304 ) 
4 30 32 (240 -256 88 ) (0 -256 88 ) (0 0 88 ) (240 0 88 ) 
4 31 32 (240 0 8 ) (240 -108 8 ) (240 -108 88 ) (240 0 88 ) 
4 32 33 (0 0 88 ) (0 0 8 ) (0 -256 8 ) (0 -256 88 ) 
