PRT1
364
969
4 0 25 (1483.550171 1024 1024 ) (1076 1024 1024 ) (1076 1024 256 ) (1483.550171 1024 256 ) 
4 0 3 (1483.550171 1024 256 ) (1076 1024 256 ) (1076 1454.550171 256 ) (1483.550171 1454.550171 256 ) 
4 0 2 (1076 1024 288 ) (1076 1024 1024 ) (1076 1230 1024 ) (1076 1230 288 ) 
4 0 1 (1076 1454.550171 1024 ) (1076 1454.550171 256 ) (1076 1230 256 ) (1076 1230 1024 ) 
4 1 12 (1024 1454.550171 288 ) (1024 1454.550171 256 ) (1024 1230 256 ) (1024 1230 288 ) 
4 1 11 (1024 1230 1024 ) (1024 1454.550171 1024 ) (1024 1454.550171 288 ) (1024 1230 288 ) 
4 1 6 (1024 1230 256 ) (1024 1454.550171 256 ) (1044 1454.550171 256 ) (1044 1230 256 ) 
4 1 4 (1044 1454.550171 256 ) (1076 1454.550171 256 ) (1076 1230 256 ) (1044 1230 256 ) 
4 1 2 (1076 1230 288 ) (1076 1230 1024 ) (1024 1230 1024 ) (1024 1230 288 ) 
4 2 26 (1076 1024 1024 ) (1024 1024 1024 ) (1024 1024 288 ) (1076 1024 288 ) 
4 2 11 (1024 1024 288 ) (1024 1024 1024 ) (1024 1230 1024 ) (1024 1230 288 ) 
4 3 27 (1483.550171 1024 256 ) (1076 1024 256 ) (1076 1024 -256 ) (1483.550171 1024 -256 ) 
4 3 5 (1076 1230 -256 ) (1076 1024 -256 ) (1076 1024 0 ) (1076 1230 0 ) 
4 3 4 (1076 1454.550171 256 ) (1076 1454.550171 -256 ) (1076 1230 -256 ) (1076 1230 256 ) 
4 4 6 (1044 1454.550171 -256 ) (1044 1230 -256 ) (1044 1230 256 ) (1044 1454.550171 256 ) 
4 4 5 (1044 1230 0 ) (1044 1230 -256 ) (1076 1230 -256 ) (1076 1230 0 ) 
4 5 28 (1044 1024 0 ) (1044 1024 -256 ) (1076 1024 -256 ) (1076 1024 0 ) 
4 5 10 (1044 1198 -256 ) (1044 1024 -256 ) (1044 1024 0 ) (1044 1198 0 ) 
4 5 7 (1044 1230 -256 ) (1044 1198 -256 ) (1044 1198 0 ) (1044 1230 0 ) 
4 6 16 (1024 1230 256 ) (1024 1454.550171 256 ) (1024 1454.550171 -256 ) (1024 1230 -256 ) 
4 6 7 (1024 1230 -256 ) (1044 1230 -256 ) (1044 1230 0 ) (1024 1230 0 ) 
4 7 17 (1024 1230 0 ) (1024 1230 -256 ) (1024 1198 -256 ) (1024 1198 0 ) 
4 7 10 (1024 1198 -256 ) (1044 1198 -256 ) (1044 1198 0 ) (1024 1198 0 ) 
4 8 29 (1044 1024 256 ) (1028 1024 256 ) (1028 1024 32 ) (1044 1024 32 ) 
4 8 9 (1028 1182 32 ) (1028 1024 32 ) (1028 1024 256 ) (1028 1182 256 ) 
4 9 29 (1028 1024 256 ) (1024 1024 256 ) (1024 1024 32 ) (1028 1024 32 ) 
4 9 18 (1024 1024 32 ) (1024 1024 256 ) (1024 1198 256 ) (1024 1198 32 ) 
4 10 34 (1024 1024 0 ) (1024 1024 -256 ) (1044 1024 -256 ) (1044 1024 0 ) 
4 10 24 (1024 1024 -256 ) (1024 1024 0 ) (1024 1198 0 ) (1024 1198 -256 ) 
4 11 144 (0 1024 288 ) (0 1024 1024 ) (0 1144 1024 ) (0 1144 288 ) 
4 11 142 (0 1144 1024 ) (0 1230 1024 ) (0 1230 288 ) (0 1144 288 ) 
4 11 141 (0 1230 1024 ) (0 1454.550171 1024 ) (0 1454.550171 288 ) (0 1230 288 ) 
4 11 90 (288 1024 1024 ) (0 1024 1024 ) (0 1024 288 ) (288 1024 288 ) 
4 11 49 (490 1024 1024 ) (288 1024 1024 ) (288 1024 288 ) (490 1024 288 ) 
4 11 36 (842 1024 1024 ) (490 1024 1024 ) (490 1024 288 ) (842 1024 288 ) 
4 11 35 (1024 1024 288 ) (1024 1024 1024 ) (842 1024 1024 ) (842 1024 288 ) 
4 11 13 (128 1024 288 ) (0 1024 288 ) (0 1144 288 ) (128 1144 288 ) 
4 11 12 (0 1230 288 ) (0 1454.550171 288 ) (1024 1454.550171 288 ) (1024 1230 288 ) 
4 12 141 (0 1230 288 ) (0 1454.550171 288 ) (0 1454.550171 256 ) (0 1230 256 ) 
4 12 16 (1024 1454.550171 256 ) (1024 1230 256 ) (0 1230 256 ) (0 1454.550171 256 ) 
4 13 144 (0 1024 280 ) (0 1024 288 ) (0 1144 288 ) (0 1144 280 ) 
4 13 91 (128 1024 288 ) (0 1024 288 ) (0 1024 280 ) (128 1024 280 ) 
4 13 14 (0 1024 280 ) (0 1144 280 ) (128 1144 280 ) (128 1024 280 ) 
4 14 145 (0 1024 264 ) (0 1024 280 ) (0 1144 280 ) (0 1144 264 ) 
4 14 92 (0 1024 280 ) (0 1024 264 ) (128 1024 264 ) (128 1024 280 ) 
4 14 15 (0 1144 264 ) (128 1144 264 ) (128 1024 264 ) (0 1024 264 ) 
4 15 146 (0 1024 256 ) (0 1024 264 ) (0 1144 264 ) (0 1144 256 ) 
4 15 93 (0 1024 264 ) (0 1024 256 ) (128 1024 256 ) (128 1024 264 ) 
4 15 23 (128 1024 256 ) (0 1024 256 ) (0 1124 256 ) (128 1124 256 ) 
4 15 22 (0 1124 256 ) (0 1144 256 ) (128 1144 256 ) (128 1124 256 ) 
4 16 149 (0 1230 256 ) (0 1454.550171 256 ) (0 1454.550171 -256 ) (0 1230 -256 ) 
4 16 17 (0 1230 -256 ) (1024 1230 -256 ) (1024 1230 0 ) (0 1230 0 ) 
4 17 150 (0 1198 -256 ) (0 1198 0 ) (0 1230 0 ) (0 1230 -256 ) 
4 17 24 (0 1198 0 ) (0 1198 -256 ) (1024 1198 -256 ) (1024 1198 0 ) 
4 18 50 (1024 1024 32 ) (1024 1024 256 ) (304 1024 256 ) (304 1024 32 ) 
4 18 19 (304 1182 32 ) (304 1024 32 ) (304 1024 256 ) (304 1182 256 ) 
4 19 81 (294 1024 256 ) (288 1024 256 ) (288 1024 32 ) (294 1024 32 ) 
4 19 50 (304 1024 256 ) (294 1024 256 ) (294 1024 32 ) (304 1024 32 ) 
4 20 98 (256 1024 256 ) (240 1024 256 ) (240 1024 32 ) (256 1024 32 ) 
4 20 21 (240 1182 32 ) (240 1024 32 ) (240 1024 256 ) (240 1182 256 ) 
4 21 98 (240 1024 256 ) (150.333344 1024 256 ) (150.333344 1024 32 ) (240 1024 32 ) 
4 21 23 (150.333344 1024 33 ) (150.333344 1024 256 ) (150.333344 1124 256 ) (150.333344 1124 33 ) 
4 21 22 (150.333344 1198 256 ) (150.333344 1198 32 ) (150.333344 1124 32 ) (150.333344 1124 256 ) 
4 22 152 (0 1124 256 ) (0 1198 256 ) (0 1198 32 ) (0 1124 32 ) 
4 22 23 (150.333344 1124 33 ) (150.333344 1124 256 ) (0 1124 256 ) (0 1124 33 ) 
4 23 153 (0 1024 33 ) (0 1024 256 ) (0 1124 256 ) (0 1124 33 ) 
4 23 101 (150.333344 1024 256 ) (0 1024 256 ) (0 1024 33 ) (150.333344 1024 33 ) 
4 24 156 (0 1024 -256 ) (0 1024 0 ) (0 1198 0 ) (0 1198 -256 ) 
4 24 111 (288 1024 0 ) (0 1024 0 ) (0 1024 -256 ) (288 1024 -256 ) 
4 24 89 (1024 1024 -256 ) (1024 1024 0 ) (288 1024 0 ) (288 1024 -256 ) 
4 25 214 (1483.550171 0 1024 ) (1076 0 1024 ) (1076 0 256 ) (1483.550171 0 256 ) 
4 25 27 (1483.550171 0 256 ) (1076 0 256 ) (1076 1024 256 ) (1483.550171 1024 256 ) 
4 25 26 (1076 0 288 ) (1076 0 1024 ) (1076 1024 1024 ) (1076 1024 288 ) 
4 26 215 (1076 0 1024 ) (1024 0 1024 ) (1024 0 288 ) (1076 0 288 ) 
4 26 35 (1024 1024 1024 ) (1024 1024 288 ) (1024 0 288 ) (1024 0 1024 ) 
4 27 217 (1483.550171 0 256 ) (1076 0 256 ) (1076 0 -256 ) (1483.550171 0 -256 ) 
4 27 28 (1076 1024 -256 ) (1076 0 -256 ) (1076 0 0 ) (1076 1024 0 ) 
4 28 218 (1044 0 0 ) (1044 0 -256 ) (1076 0 -256 ) (1076 0 0 ) 
4 28 34 (1044 1024 0 ) (1044 1024 -256 ) (1044 0 -256 ) (1044 0 0 ) 
4 29 50 (1024 1024 256 ) (1024 1024 32 ) (1024 968 32 ) (1024 968 256 ) 
3 29 30 (1024 968 32 ) (1026 968 32 ) (1024 968 41.739059 ) 
4 30 51 (1024 968 32 ) (1024 904 32 ) (1024 904 41.739067 ) (1024 968 41.739059 ) 
3 30 31 (1024 904 32 ) (1026 904 32 ) (1024 904 41.739059 ) 
4 31 62 (1024 904 32 ) (1024 346 32 ) (1024 346 34 ) (1024 904 34 ) 
4 31 61 (1024 420 73 ) (1024 548 73 ) (1024 555.609802 34 ) (1024 412.390228 34 ) 
4 31 59 (1024 548 73 ) (1024 904 73 ) (1024 904 34 ) (1024 555.609802 34 ) 
4 31 58 (1024 346 34 ) (1024 346 73 ) (1024 420 73 ) (1024 412.390228 34 ) 
4 31 52 (1024 346 73 ) (1024 346 256 ) (1024 904 256 ) (1024 904 73 ) 
3 31 32 (1024 346 32 ) (1026 346 32 ) (1024 346 41.739059 ) 
4 32 66 (1024 346 32 ) (1024 282 32 ) (1024 282 41.739067 ) (1024 346 41.739059 ) 
3 32 33 (1024 282 32 ) (1026 282 32 ) (1024 282 41.739059 ) 
4 33 220 (1044 0 32 ) (1044 0 256 ) (1028 0 256 ) (1028 0 32 ) 
4 33 221 (1028 0 256 ) (1024 0 256 ) (1024 0 32 ) (1028 0 32 ) 
4 33 77 (1024 282 32 ) (1024 0 32 ) (1024 0 33.914101 ) (1024 282 33.914101 ) 
4 33 76 (1024 84.005402 72.914108 ) (1024 212.004990 72.914108 ) (1024 219.614746 33.914101 ) (1024 76.395645 33.914101 ) 
4 33 74 (1024 212.004990 72.914108 ) (1024 282 72.914108 ) (1024 282 33.914101 ) (1024 219.614746 33.914101 ) 
4 33 73 (1024 0 33.914101 ) (1024 0 72.914108 ) (1024 84.005402 72.914108 ) (1024 76.395645 33.914101 ) 
4 33 67 (1024 0 72.914108 ) (1024 0 256 ) (1024 282 256 ) (1024 282 72.914108 ) 
4 34 225 (1044 0 -256 ) (1044 0 0 ) (1024 0 0 ) (1024 0 -256 ) 
4 34 89 (1024 1024 0 ) (1024 1024 -256 ) (1024 0 -256 ) (1024 0 0 ) 
4 35 226 (1024 0 288 ) (1024 0 1024 ) (842 0 1024 ) (842 0 288 ) 
4 35 36 (842 1024 1024 ) (842 1024 288 ) (842 0 288 ) (842 0 1024 ) 
4 36 226 (490 0 1024 ) (490 0 288 ) (842 0 288 ) (842 0 1024 ) 
4 36 49 (490 0 288 ) (490 0 1024 ) (490 1024 1024 ) (490 1024 288 ) 
4 36 46 (490 0 288 ) (490 47 288 ) (842 47 288 ) (842 0 288 ) 
4 36 43 (490 238 288 ) (490 393 288 ) (842 393 288 ) (842 238 288 ) 
4 36 40 (490 562 288 ) (490 717 288 ) (842 717 288 ) (842 562 288 ) 
4 36 37 (490 861 288 ) (490 1016 288 ) (842 1016 288 ) (842 861 288 ) 
4 37 38 (842 861 280 ) (490 861 280 ) (490 1016 280 ) (842 1016 280 ) 
4 38 39 (842 861 264 ) (490 861 264 ) (490 1016 264 ) (842 1016 264 ) 
4 39 53 (652 904 256 ) (700 904 256 ) (700 861 256 ) (652 861 256 ) 
4 39 52 (700 904 256 ) (842 904 256 ) (842 861 256 ) (700 861 256 ) 
4 39 57 (490 861 256 ) (490 904 256 ) (652 904 256 ) (652 861 256 ) 
4 39 51 (490 904 256 ) (490 968 256 ) (842 968 256 ) (842 904 256 ) 
4 39 50 (490 968 256 ) (490 1016 256 ) (842 1016 256 ) (842 968 256 ) 
4 40 41 (842 562 280 ) (490 562 280 ) (490 717 280 ) (842 717 280 ) 
4 41 42 (842 562 264 ) (490 562 264 ) (490 717 264 ) (842 717 264 ) 
4 42 53 (652 717 256 ) (700 717 256 ) (700 562 256 ) (652 562 256 ) 
4 42 52 (700 717 256 ) (842 717 256 ) (842 562 256 ) (700 562 256 ) 
4 42 57 (490 562 256 ) (490 717 256 ) (652 717 256 ) (652 562 256 ) 
4 43 44 (842 238 280 ) (490 238 280 ) (490 393 280 ) (842 393 280 ) 
4 44 45 (842 238 264 ) (490 238 264 ) (490 393 264 ) (842 393 264 ) 
4 45 68 (646 282 256 ) (708 282 256 ) (708 238 256 ) (646 238 256 ) 
4 45 67 (708 282 256 ) (842 282 256 ) (842 238 256 ) (708 238 256 ) 
4 45 72 (490 238 256 ) (490 282 256 ) (646 282 256 ) (646 238 256 ) 
4 45 66 (490 282 256 ) (490 346 256 ) (842 346 256 ) (842 282 256 ) 
4 45 56 (652 393 256 ) (700 393 256 ) (700 346 256 ) (652 346 256 ) 
4 45 52 (700 393 256 ) (842 393 256 ) (842 346 256 ) (700 346 256 ) 
4 45 57 (490 346 256 ) (490 393 256 ) (652 393 256 ) (652 346 256 ) 
4 46 227 (490 0 288 ) (490 0 280 ) (842 0 280 ) (842 0 288 ) 
4 46 47 (490 0 280 ) (490 47 280 ) (842 47 280 ) (842 0 280 ) 
4 47 228 (490 0 280 ) (490 0 264 ) (842 0 264 ) (842 0 280 ) 
4 47 48 (490 0 264 ) (490 47 264 ) (842 47 264 ) (842 0 264 ) 
4 48 229 (490 0 264 ) (490 0 256 ) (842 0 256 ) (842 0 264 ) 
4 48 71 (708 0 256 ) (646 0 256 ) (646 47 256 ) (708 47 256 ) 
4 48 67 (842 0 256 ) (708 0 256 ) (708 47 256 ) (842 47 256 ) 
4 48 72 (646 0 256 ) (490 0 256 ) (490 47 256 ) (646 47 256 ) 
4 49 226 (288 0 1024 ) (288 0 288 ) (490 0 288 ) (490 0 1024 ) 
4 49 112 (288 0 288 ) (288 0 1024 ) (288 288 1024 ) (288 288 288 ) 
4 49 90 (288 288 1024 ) (288 1024 1024 ) (288 1024 288 ) (288 288 288 ) 
4 50 81 (294 1024 32 ) (294 968 32 ) (294 968 256 ) (294 1024 256 ) 
5 50 51 (306 968 32 ) (1024 968 32 ) (1024 968 41.739067 ) (980 968 256 ) (352 968 256 ) 
4 51 63 (596 904 32 ) (752 904 32 ) (752 904 34 ) (596 904 34 ) 
4 51 62 (752 904 32 ) (1024 904 32 ) (1024 904 34 ) (752 904 34 ) 
4 51 65 (306 904 32 ) (596 904 32 ) (596 904 34 ) (306.410706 904 34 ) 
5 51 59 (1024 904 34 ) (1024 904 41.739067 ) (1017.580322 904 73 ) (314.419647 904 73 ) (306.410706 904 34 ) 
4 51 53 (700 904 256 ) (652 904 256 ) (652 904 73 ) (700 904 73 ) 
4 51 52 (1017.580322 904 73 ) (980 904 256 ) (700 904 256 ) (700 904 73 ) 
4 51 57 (652 904 256 ) (352 904 256 ) (314.419647 904 73 ) (652 904 73 ) 
4 52 66 (700 346 73 ) (1017.580322 346 73 ) (980 346 256 ) (700 346 256 ) 
4 52 61 (738 548 73 ) (1024 548 73 ) (1024 420 73 ) (738 420 73 ) 
4 52 59 (700 548 73 ) (700 904 73 ) (1024 904 73 ) (1024 548 73 ) 
4 52 58 (1024 346 73 ) (700 346 73 ) (700 420 73 ) (1024 420 73 ) 
4 52 55 (700 530 73 ) (700 451 73 ) (700 451 205 ) (700 530 205 ) 
4 52 54 (700 451 205 ) (700 451 256 ) (700 530 256 ) (700 530 205 ) 
4 52 53 (700 904 256 ) (700 904 73 ) (700 530 73 ) (700 530 256 ) 
4 52 56 (700 451 73 ) (700 346 73 ) (700 346 256 ) (700 451 256 ) 
4 53 59 (652 548 73 ) (652 904 73 ) (700 904 73 ) (700 548 73 ) 
4 53 55 (652 530 205 ) (652 530 73 ) (700 530 73 ) (700 530 205 ) 
4 53 54 (652 530 256 ) (652 530 205 ) (700 530 205 ) (700 530 256 ) 
4 53 57 (652 904 256 ) (652 904 73 ) (652 530 73 ) (652 530 256 ) 
4 54 57 (652 451 205 ) (652 451 256 ) (652 530 256 ) (652 530 205 ) 
4 54 56 (652 451 256 ) (652 451 205 ) (700 451 205 ) (700 451 256 ) 
4 54 55 (700 451 205 ) (652 451 205 ) (652 530 205 ) (700 530 205 ) 
4 55 57 (652 530 73 ) (652 451 73 ) (652 451 205 ) (652 530 205 ) 
4 55 56 (652 451 205 ) (652 451 73 ) (700 451 73 ) (700 451 205 ) 
4 56 66 (652 346 73 ) (700 346 73 ) (700 346 256 ) (652 346 256 ) 
4 56 58 (700 346 73 ) (652 346 73 ) (652 420 73 ) (700 420 73 ) 
4 56 57 (652 451 73 ) (652 346 73 ) (652 346 256 ) (652 451 256 ) 
4 57 85 (294 346 73 ) (294 346 256 ) (294 502 256 ) (294 502 73 ) 
4 57 84 (294 582 73 ) (294 506 73 ) (294 506 115 ) (294 582 115 ) 
4 57 83 (294 502 256 ) (294 586 256 ) (294 586 118 ) (294 502 118 ) 
4 57 82 (294 586 256 ) (294 904 256 ) (294 904 73 ) (294 586 73 ) 
4 57 66 (314.419647 346 73 ) (652 346 73 ) (652 346 256 ) (352 346 256 ) 
4 57 60 (294 420 73 ) (294 548 73 ) (610 548 73 ) (610 420 73 ) 
4 57 59 (294 548 73 ) (294 904 73 ) (652 904 73 ) (652 548 73 ) 
4 57 58 (652 346 73 ) (294 346 73 ) (294 420 73 ) (652 420 73 ) 
4 58 85 (294 346 34 ) (294 346 73 ) (294 420 73 ) (294 412.390228 34 ) 
5 58 66 (306.410706 346 34 ) (1024 346 34 ) (1024 346 41.738953 ) (1017.580322 346 73 ) (314.419617 346 73 ) 
4 58 64 (752 346 34 ) (596 346 34 ) (596 404 34 ) (752 404 34 ) 
4 58 62 (1024 346 34 ) (752 346 34 ) (752 412.390228 34 ) (1024 412.390228 34 ) 
4 58 65 (596 346 34 ) (294 346 34 ) (294 412.390228 34 ) (596 412.390228 34 ) 
4 58 61 (1024 412.389954 34 ) (743.707336 412.389954 34 ) (738 420 73 ) (1024 420 73 ) 
4 58 60 (604.291809 412.389954 34 ) (294 412.389954 34 ) (294 420 73 ) (610 420 73 ) 
4 59 84 (294 548 73 ) (294 582 73 ) (294 582 34 ) (294 555.609802 34 ) 
4 59 82 (294 586 73 ) (294 904 73 ) (294 904 34 ) (294 586 34 ) 
4 59 63 (596 904 34 ) (752 904 34 ) (752 564 34 ) (596 564 34 ) 
4 59 62 (752 904 34 ) (1024 904 34 ) (1024 555.609802 34 ) (752 555.609802 34 ) 
4 59 65 (294 555.609802 34 ) (294 904 34 ) (596 904 34 ) (596 555.609802 34 ) 
4 59 61 (743.707336 555.610046 34 ) (1024 555.610046 34 ) (1024 548 73 ) (738 548 73 ) 
4 59 60 (294 555.610046 34 ) (604.291870 555.610046 34 ) (610 548 73 ) (294 548 73 ) 
4 60 85 (294 420 73 ) (294 502 73 ) (294 502 34 ) (294 412.390228 34 ) 
4 60 84 (294 506 73 ) (294 548 73 ) (294 555.609802 34 ) (294 506 34 ) 
4 60 65 (294 412.390228 34 ) (294 555.609802 34 ) (596 555.609802 34 ) (596 412.390228 34 ) 
4 61 62 (752 555.609802 34 ) (1024 555.609802 34 ) (1024 412.390228 34 ) (752 412.390228 34 ) 
4 62 66 (752 346 32 ) (1024 346 32 ) (1024 346 34 ) (752 346 34 ) 
4 62 63 (752 564 34 ) (752 904 34 ) (752 904 32 ) (752 564 32 ) 
4 62 64 (752 346 32 ) (752 346 34 ) (752 404 34 ) (752 404 32 ) 
4 63 65 (596 564 34 ) (596 904 34 ) (596 904 32 ) (596 564 32 ) 
4 64 66 (596 346 32 ) (752 346 32 ) (752 346 34 ) (596 346 34 ) 
4 64 65 (596 346 32 ) (596 346 34 ) (596 404 34 ) (596 404 32 ) 
4 65 85 (294 502 32 ) (294 346 32 ) (294 346 34 ) (294 502 34 ) 
4 65 84 (294 582 32 ) (294 506 32 ) (294 506 34 ) (294 582 34 ) 
4 65 82 (294 904 32 ) (294 586 32 ) (294 586 34 ) (294 904 34 ) 
4 65 66 (306 346 32 ) (596 346 32 ) (596 346 34 ) (306.410706 346 34 ) 
4 66 78 (596 282 32 ) (752 282 32 ) (752 282 33.914101 ) (596 282 33.914101 ) 
4 66 77 (752 282 32 ) (1024 282 32 ) (1024 282 33.914101 ) (752 282 33.914101 ) 
4 66 80 (306 282 32 ) (596 282 32 ) (596 282 33.914101 ) (306.393066 282 33.914101 ) 
5 66 74 (1024 282 33.914101 ) (1024 282 41.739067 ) (1017.597961 282 72.914108 ) (314.402008 282 72.914108 ) (306.393066 282 33.914101 ) 
4 66 68 (708 282 256 ) (646 282 256 ) (646 282 72.914108 ) (708 282 72.914108 ) 
4 66 67 (1017.597961 282 72.914108 ) (980 282 256 ) (708 282 256 ) (708 282 72.914108 ) 
4 66 72 (646 282 256 ) (352 282 256 ) (314.402008 282 72.914108 ) (646 282 72.914108 ) 
4 67 239 (1024 0 72.914108 ) (1024 0 114.091003 ) (708 0 114.091003 ) (708 0 72.914108 ) 
4 67 232 (1024 0 114.091003 ) (1024 0 115 ) (708 0 115 ) (708 0 114.091003 ) 
4 67 230 (1024 0 115 ) (1024 0 256 ) (708 0 256 ) (708 0 115 ) 
4 67 76 (737.994995 212.004990 72.914108 ) (1024 212.004990 72.914108 ) (1024 84.005402 72.914108 ) (737.994995 84.005402 72.914108 ) 
4 67 74 (708 212.004990 72.914108 ) (708 282 72.914108 ) (1024 282 72.914108 ) (1024 212.004990 72.914108 ) 
4 67 73 (1024 0 72.914108 ) (708 0 72.914108 ) (708 84.005402 72.914108 ) (1024 84.005402 72.914108 ) 
4 67 70 (708 184 72.914108 ) (708 124 72.914108 ) (708 124 226 ) (708 184 226 ) 
4 67 69 (708 124 226 ) (708 124 256 ) (708 184 256 ) (708 184 226 ) 
4 67 68 (708 282 256 ) (708 282 72.914108 ) (708 184 72.914108 ) (708 184 256 ) 
4 67 71 (708 124 72.914108 ) (708 0 72.914108 ) (708 0 256 ) (708 124 256 ) 
4 68 74 (646 212.005005 72.914108 ) (646 282 72.914108 ) (708 282 72.914108 ) (708 212.005005 72.914108 ) 
4 68 70 (646 184 226 ) (646 184 72.914108 ) (708 184 72.914108 ) (708 184 226 ) 
4 68 69 (646 184 256 ) (646 184 226 ) (708 184 226 ) (708 184 256 ) 
4 68 72 (646 282 256 ) (646 282 72.914108 ) (646 184 72.914108 ) (646 184 256 ) 
4 69 72 (646 124 226 ) (646 124 256 ) (646 184 256 ) (646 184 226 ) 
4 69 71 (646 124 256 ) (646 124 226 ) (708 124 226 ) (708 124 256 ) 
4 69 70 (708 124 226 ) (646 124 226 ) (646 184 226 ) (708 184 226 ) 
4 70 72 (646 184 72.914108 ) (646 124 72.914108 ) (646 124 226 ) (646 184 226 ) 
4 70 71 (646 124 226 ) (646 124 72.914108 ) (708 124 72.914108 ) (708 124 226 ) 
4 71 239 (646 0 114.091003 ) (646 0 72.914108 ) (708 0 72.914108 ) (708 0 114.091003 ) 
4 71 232 (646 0 115 ) (646 0 114.091003 ) (708 0 114.091003 ) (708 0 115 ) 
4 71 230 (708 0 256 ) (646 0 256 ) (646 0 115 ) (708 0 115 ) 
4 71 73 (708 0 72.914108 ) (646 0 72.914108 ) (646 84.005402 72.914108 ) (708 84.005402 72.914108 ) 
4 71 72 (646 124 72.914108 ) (646 0 72.914108 ) (646 0 256 ) (646 124 256 ) 
4 72 243 (294 0 114.091003 ) (294 0 72.914108 ) (304 0 72.914108 ) (304 0 114.091003 ) 
4 72 239 (304 0 72.914108 ) (646 0 72.914108 ) (646 0 114.091003 ) (304 0 114.091003 ) 
4 72 232 (294 0 115 ) (294 0 114.091003 ) (646 0 114.091003 ) (646 0 115 ) 
4 72 230 (646 0 256 ) (294 0 256 ) (294 0 115 ) (646 0 115 ) 
4 72 88 (294 0 72.914108 ) (294 0 115 ) (294 38 115 ) (294 38 72.914108 ) 
4 72 87 (294 0 118 ) (294 0 256 ) (294 42 256 ) (294 42 118 ) 
4 72 86 (294 42 256 ) (294 282 256 ) (294 282 72.914108 ) (294 42 72.914108 ) 
4 72 75 (294 84.005402 72.914108 ) (294 212.004990 72.914108 ) (609.986572 212.004990 72.914108 ) (609.986572 84.005402 72.914108 ) 
4 72 74 (294 212.004990 72.914108 ) (294 282 72.914108 ) (646 282 72.914108 ) (646 212.004990 72.914108 ) 
4 72 73 (646 0 72.914108 ) (294 0 72.914108 ) (294 84.005402 72.914108 ) (646 84.005402 72.914108 ) 
4 73 243 (304 0 72.914108 ) (294 0 72.914108 ) (294 0 33.914101 ) (304 0 33.914101 ) 
4 73 239 (1024 0 33.914101 ) (1024 0 72.914108 ) (304 0 72.914108 ) (304 0 33.914101 ) 
4 73 88 (294 0 33.914101 ) (294 0 72.914108 ) (294 38 72.914108 ) (294 38 33.914101 ) 
4 73 86 (294 42 72.914108 ) (294 84.005402 72.914108 ) (294 76.395645 33.914101 ) (294 42 33.914101 ) 
4 73 79 (752 68 33.914101 ) (752 0 33.914101 ) (596 0 33.914101 ) (596 68 33.914101 ) 
4 73 77 (752 76.395645 33.914101 ) (1024 76.395645 33.914101 ) (1024 0 33.914101 ) (752 0 33.914101 ) 
4 73 80 (294 0 33.914101 ) (294 76.395645 33.914101 ) (596 76.395645 33.914101 ) (596 0 33.914101 ) 
4 73 76 (1024 76.395317 33.914101 ) (743.702332 76.395317 33.914101 ) (737.994995 84.005371 72.914108 ) (1024 84.005363 72.914108 ) 
4 73 75 (604.279236 76.395317 33.914101 ) (294 76.395317 33.914101 ) (294 84.005371 72.914108 ) (609.986572 84.005371 72.914108 ) 
4 74 86 (294 212.004990 72.914108 ) (294 282 72.914108 ) (294 282 33.914101 ) (294 219.614746 33.914101 ) 
4 74 78 (596 282 33.914101 ) (752 282 33.914101 ) (752 228 33.914101 ) (596 228 33.914101 ) 
4 74 77 (752 282 33.914101 ) (1024 282 33.914101 ) (1024 219.614746 33.914101 ) (752 219.614746 33.914101 ) 
4 74 80 (294 219.614746 33.914101 ) (294 282 33.914101 ) (596 282 33.914101 ) (596 219.614746 33.914101 ) 
4 74 76 (743.702332 219.614334 33.914101 ) (1024 219.614334 33.914101 ) (1024 212.004776 72.914108 ) (737.994995 212.004776 72.914108 ) 
4 74 75 (294 219.614334 33.914101 ) (604.279236 219.614334 33.914101 ) (609.986572 212.004776 72.914108 ) (294 212.004776 72.914108 ) 
4 75 86 (294 84.005402 72.914108 ) (294 212.004990 72.914108 ) (294 219.614746 33.914101 ) (294 76.395645 33.914101 ) 
4 75 80 (294 76.395645 33.914101 ) (294 219.614746 33.914101 ) (596 219.614746 33.914101 ) (596 76.395645 33.914101 ) 
4 76 77 (752 219.614746 33.914101 ) (1024 219.614746 33.914101 ) (1024 76.395645 33.914101 ) (752 76.395645 33.914101 ) 
4 77 239 (1024 0 32 ) (1024 0 33.914101 ) (752 0 33.914101 ) (752 0 32 ) 
4 77 78 (752 228 33.914101 ) (752 282 33.914101 ) (752 282 32 ) (752 228 32 ) 
4 77 79 (752 0 33.914101 ) (752 68 33.914101 ) (752 68 32 ) (752 0 32 ) 
4 78 80 (596 228 33.914101 ) (596 282 33.914101 ) (596 282 32 ) (596 228 32 ) 
4 79 239 (752 0 33.914101 ) (596 0 33.914101 ) (596 0 32 ) (752 0 32 ) 
4 79 80 (596 0 33.914101 ) (596 68 33.914101 ) (596 68 32 ) (596 0 32 ) 
4 80 243 (304 0 33.914101 ) (294 0 33.914101 ) (294 0 32 ) (304 0 32 ) 
4 80 239 (596 0 33.914101 ) (304 0 33.914101 ) (304 0 32 ) (596 0 32 ) 
4 80 88 (294 38 32 ) (294 0 32 ) (294 0 33.914101 ) (294 38 33.914101 ) 
4 80 86 (294 282 32 ) (294 42 32 ) (294 42 33.914101 ) (294 282 33.914101 ) 
4 82 83 (294 586 118 ) (294 586 256 ) (288 586 256 ) (288 586 118 ) 
4 83 85 (294 502 118 ) (294 502 256 ) (288 502 256 ) (288 502 118 ) 
4 84 97 (288 582 32 ) (288 506 32 ) (288 506 115 ) (288 582 115 ) 
4 86 87 (294 42 118 ) (294 42 256 ) (288 42 256 ) (288 42 118 ) 
4 87 231 (294 0 256 ) (288 0 256 ) (288 0 118 ) (294 0 118 ) 
4 88 244 (288 0 114.091003 ) (288 0 32 ) (294 0 32 ) (294 0 114.091003 ) 
4 88 233 (288 0 115 ) (288 0 114.091003 ) (294 0 114.091003 ) (294 0 115 ) 
4 88 118 (288 0 32 ) (288 0 115 ) (288 38 115 ) (288 38 32 ) 
4 89 247 (1024 0 -256 ) (1024 0 0 ) (288 0 0 ) (288 0 -256 ) 
4 89 140 (288 0 -256 ) (288 0 0 ) (288 288 0 ) (288 288 -256 ) 
4 89 111 (288 288 0 ) (288 1024 0 ) (288 1024 -256 ) (288 288 -256 ) 
4 90 159 (0 288 288 ) (0 288 1024 ) (0 1024 1024 ) (0 1024 288 ) 
4 90 113 (0 288 1024 ) (0 288 288 ) (176 288 288 ) (176 288 1024 ) 
4 90 112 (176 288 288 ) (288 288 288 ) (288 288 1024 ) (176 288 1024 ) 
4 90 94 (0 364 288 ) (0 716 288 ) (128 716 288 ) (128 364 288 ) 
4 90 91 (0 792 288 ) (0 1024 288 ) (128 1024 288 ) (128 792 288 ) 
4 91 160 (0 792 288 ) (0 1024 288 ) (0 1024 280 ) (0 792 280 ) 
4 91 92 (0 1024 280 ) (128 1024 280 ) (128 792 280 ) (0 792 280 ) 
4 92 161 (0 1024 280 ) (0 1024 264 ) (0 792 264 ) (0 792 280 ) 
4 92 93 (128 1024 264 ) (128 792 264 ) (0 792 264 ) (0 1024 264 ) 
4 93 162 (0 1024 264 ) (0 1024 256 ) (0 792 256 ) (0 792 264 ) 
4 93 101 (0 892 256 ) (0 1024 256 ) (128 1024 256 ) (128 892 256 ) 
4 93 102 (0 792 256 ) (0 892 256 ) (128 892 256 ) (128 792 256 ) 
4 94 163 (0 364 288 ) (0 716 288 ) (0 716 280 ) (0 364 280 ) 
4 94 95 (0 716 280 ) (128 716 280 ) (128 364 280 ) (0 364 280 ) 
4 95 164 (0 716 280 ) (0 716 264 ) (0 364 264 ) (0 364 280 ) 
4 95 96 (0 716 264 ) (128 716 264 ) (128 364 264 ) (0 364 264 ) 
4 96 165 (0 716 264 ) (0 716 256 ) (0 364 256 ) (0 364 264 ) 
4 96 108 (0 364 256 ) (0 502 256 ) (42 502 256 ) (42 364 256 ) 
4 96 107 (42 502 256 ) (128 502 256 ) (128 364 256 ) (42 364 256 ) 
4 96 105 (0 502 256 ) (0 586 256 ) (128 586 256 ) (128 502 256 ) 
4 96 102 (0 586 256 ) (0 716 256 ) (128 716 256 ) (128 586 256 ) 
4 97 104 (256 582 32 ) (256 506 32 ) (256 506 115 ) (256 582 115 ) 
4 98 101 (150.333344 892 33 ) (150.333344 892 256 ) (150.333344 1024 256 ) (150.333344 1024 33 ) 
4 98 102 (150.333344 892 32 ) (150.333344 785 32 ) (150.333344 785 256 ) (150.333344 892 256 ) 
4 98 99 (150.333344 785 256 ) (150.333344 785 32 ) (238 785 32 ) (192 785 256 ) 
4 99 102 (150.333344 785 32 ) (150.333344 721 32 ) (150.333344 721 256 ) (150.333344 785 256 ) 
4 99 100 (150.333344 721 256 ) (150.333344 721 32 ) (238 721 32 ) (192 721 256 ) 
4 100 103 (256 586 118 ) (256 586 256 ) (250 586 256 ) (250 586 118 ) 
4 100 105 (150.333344 586 32 ) (250 586 32 ) (250 586 256 ) (150.333344 586 256 ) 
4 100 102 (150.333344 721 32 ) (150.333344 586 32 ) (150.333344 586 256 ) (150.333344 721 256 ) 
4 101 170 (0 892 256 ) (0 1024 256 ) (0 1024 33 ) (0 892 33 ) 
4 101 102 (150.333344 892 33 ) (150.333344 892 256 ) (0 892 256 ) (0 892 33 ) 
4 102 174 (0 586 256 ) (0 721 256 ) (0 721 32 ) (0 586 32 ) 
4 102 171 (0 721 256 ) (0 892 256 ) (0 892 32 ) (0 721 32 ) 
4 102 105 (0 586 32 ) (150.333344 586 32 ) (150.333344 586 256 ) (0 586 256 ) 
4 103 106 (256 502 118 ) (256 502 256 ) (250 502 256 ) (250 502 118 ) 
4 103 105 (250 586 256 ) (250 586 118 ) (250 502 118 ) (250 502 256 ) 
4 104 105 (250 582 32 ) (250 506 32 ) (250 506 115 ) (250 582 115 ) 
4 105 174 (0 502 256 ) (0 586 256 ) (0 586 32 ) (0 502 32 ) 
4 105 108 (0 502 32 ) (42 502 32 ) (42 502 256 ) (0 502 256 ) 
4 105 106 (240 502 32 ) (250 502 32 ) (250 502 256 ) (240 502 256 ) 
4 105 107 (42 502 32 ) (240 502 32 ) (240 502 256 ) (42 502 256 ) 
4 106 107 (240 502 256 ) (240 502 32 ) (240 304 32 ) (240 304 256 ) 
4 107 109 (42 288 118 ) (42 288 256 ) (42 294 256 ) (42 294 118 ) 
4 107 108 (42 502 256 ) (42 502 32 ) (42 294 32 ) (42 294 256 ) 
4 108 174 (0 294 256 ) (0 502 256 ) (0 502 32 ) (0 294 32 ) 
4 108 110 (0 294 32 ) (38 294 32 ) (38 294 115 ) (0 294 115 ) 
4 108 109 (42 294 118 ) (42 294 256 ) (0 294 256 ) (0 294 118 ) 
4 109 176 (0 288 118 ) (0 288 256 ) (0 294 256 ) (0 294 118 ) 
4 110 177 (0 288 32 ) (0 288 115 ) (0 294 115 ) (0 294 32 ) 
4 110 117 (0 288 115 ) (0 288 32 ) (38 288 32 ) (38 288 115 ) 
4 111 181 (0 288 -256 ) (0 288 0 ) (0 1024 0 ) (0 1024 -256 ) 
4 111 140 (0 288 0 ) (0 288 -256 ) (288 288 -256 ) (288 288 0 ) 
4 112 248 (288 0 288 ) (288 0 1024 ) (176 0 1024 ) (176 0 288 ) 
4 112 114 (176 128 288 ) (176 0 288 ) (176 0 1024 ) (176 128 1024 ) 
4 112 113 (176 288 1024 ) (176 288 288 ) (176 128 288 ) (176 128 1024 ) 
4 113 159 (0 288 1024 ) (0 288 288 ) (0 128 288 ) (0 128 1024 ) 
4 113 114 (0 128 1024 ) (0 128 288 ) (176 128 288 ) (176 128 1024 ) 
4 114 249 (0 0 1024 ) (0 0 280 ) (176 0 280 ) (176 0 1024 ) 
4 114 166 (0 0 280 ) (0 0 288 ) (0 128 288 ) (0 128 280 ) 
4 114 159 (0 0 288 ) (0 0 1024 ) (0 128 1024 ) (0 128 288 ) 
4 114 115 (0 128 280 ) (176 128 280 ) (176 0 280 ) (0 0 280 ) 
4 115 250 (0 0 280 ) (0 0 264 ) (176 0 264 ) (176 0 280 ) 
4 115 167 (0 0 264 ) (0 0 280 ) (0 128 280 ) (0 128 264 ) 
4 115 116 (0 0 264 ) (0 128 264 ) (176 128 264 ) (176 0 264 ) 
4 116 251 (0 0 264 ) (0 0 256 ) (176 0 256 ) (176 0 264 ) 
4 116 168 (0 0 256 ) (0 0 264 ) (0 128 264 ) (0 128 256 ) 
4 116 135 (107 48 256 ) (107 16 256 ) (83 16 256 ) (83 48 256 ) 
4 116 134 (83 80 256 ) (107 80 256 ) (107 48 256 ) (83 48 256 ) 
4 116 137 (107 16 256 ) (107 0 256 ) (83 0 256 ) (83 16 256 ) 
4 116 133 (107 80 256 ) (152 80 256 ) (152 0 256 ) (107 0 256 ) 
4 116 138 (0 0 256 ) (0 80 256 ) (83 80 256 ) (83 0 256 ) 
4 116 131 (0 80 256 ) (0 82 256 ) (152 82 256 ) (152 80 256 ) 
4 116 130 (0 82 256 ) (0 128 256 ) (152 128 256 ) (152 82 256 ) 
4 116 125 (154 82 256 ) (154 0 256 ) (152 0 256 ) (152 82 256 ) 
4 116 124 (152 128 256 ) (154 128 256 ) (154 82 256 ) (152 82 256 ) 
4 116 123 (154 128 256 ) (176 128 256 ) (176 0 256 ) (154 0 256 ) 
4 117 183 (0 288 115 ) (0 288 32 ) (0 256 32 ) (0 256 115 ) 
4 117 129 (0 256 32 ) (38 256 32 ) (38 256 115 ) (0 256 115 ) 
4 118 253 (288 0 32 ) (288 0 115 ) (256 0 115 ) (256 0 32 ) 
4 118 121 (256 38 32 ) (256 0 32 ) (256 0 115 ) (256 38 115 ) 
4 119 122 (250 240 32 ) (250 42 32 ) (250 42 256 ) (250 240 256 ) 
4 119 120 (250 42 256 ) (250 42 118 ) (256 42 118 ) (256 42 256 ) 
4 120 254 (256 0 256 ) (250 0 256 ) (250 0 118 ) (256 0 118 ) 
4 120 122 (250 0 118 ) (250 0 256 ) (250 42 256 ) (250 42 118 ) 
4 121 255 (250 0 115 ) (250 0 32 ) (256 0 32 ) (256 0 115 ) 
4 121 122 (250 38 32 ) (250 0 32 ) (250 0 115 ) (250 38 115 ) 
4 122 257 (250 0 256 ) (240 0 256 ) (240 0 32 ) (250 0 32 ) 
4 122 123 (240 240 32 ) (240 0 32 ) (240 0 256 ) (240 240 256 ) 
4 123 258 (240 0 256 ) (154 0 256 ) (154 0 32 ) (240 0 32 ) 
4 123 125 (154 0 42 ) (154 0 256 ) (154 82 256 ) (154 82 42 ) 
4 123 126 (154 82 32 ) (154 0 32 ) (154 0 32.380798 ) (154 82 32.380798 ) 
4 123 124 (154 256 256 ) (154 256 32 ) (154 82 32 ) (154 82 256 ) 
4 124 130 (152 250 32 ) (152 82 32 ) (152 82 256 ) (152 250 256 ) 
4 124 127 (152 256 256 ) (152 256 32 ) (152 250 32 ) (152 250 256 ) 
4 124 125 (152 82 256 ) (152 82 42 ) (154 82 42 ) (154 82 256 ) 
4 124 126 (152 82 32.380798 ) (152 82 32 ) (154 82 32 ) (154 82 32.380798 ) 
4 125 259 (154 0 256 ) (152 0 256 ) (152 0 42 ) (154 0 42 ) 
4 125 133 (152 0 42 ) (152 0 256 ) (152 80 256 ) (152 80 42 ) 
4 125 131 (152 80 256 ) (152 82 256 ) (152 82 42 ) (152 80 42 ) 
4 126 260 (152 0 32.380798 ) (152 0 32 ) (154 0 32 ) (154 0 32.380798 ) 
4 126 139 (152 80 32 ) (152 0 32 ) (152 0 32.380798 ) (152 80 32.380798 ) 
4 126 132 (152 82 32 ) (152 80 32 ) (152 80 32.380798 ) (152 82 32.380798 ) 
4 127 130 (42 250 32 ) (152 250 32 ) (152 250 256 ) (42 250 256 ) 
4 127 128 (42 256 256 ) (42 256 118 ) (42 250 118 ) (42 250 256 ) 
4 128 187 (0 250 256 ) (0 256 256 ) (0 256 118 ) (0 250 118 ) 
4 128 130 (42 250 118 ) (42 250 256 ) (0 250 256 ) (0 250 118 ) 
4 129 188 (0 256 115 ) (0 256 32 ) (0 250 32 ) (0 250 115 ) 
4 129 130 (0 250 32 ) (38 250 32 ) (38 250 115 ) (0 250 115 ) 
4 130 190 (0 82 256 ) (0 250 256 ) (0 250 32 ) (0 82 32 ) 
4 130 131 (152 82 42 ) (152 82 256 ) (0 82 256 ) (0 82 42 ) 
4 130 132 (0 82 32 ) (152 82 32 ) (152 82 32.380798 ) (0 82 32.380798 ) 
4 131 191 (0 80 256 ) (0 82 256 ) (0 82 42 ) (0 80 42 ) 
4 131 134 (107 80 256 ) (83 80 256 ) (83 80 42 ) (107 80 42 ) 
4 131 133 (152 80 42 ) (152 80 256 ) (107 80 256 ) (107 80 42 ) 
4 131 138 (83 80 256 ) (0 80 256 ) (0 80 42 ) (83 80 42 ) 
4 132 192 (0 82 32.380798 ) (0 82 32 ) (0 80 32 ) (0 80 32.380798 ) 
4 132 139 (0 80 32 ) (152 80 32 ) (152 80 32.380798 ) (0 80 32.380798 ) 
4 133 262 (152 0 256 ) (107 0 256 ) (107 0 35 ) (152 0 35 ) 
4 133 136 (107 48 35 ) (107 16 35 ) (107 16 155 ) (107 48 155 ) 
4 133 135 (107 16 155 ) (107 16 256 ) (107 48 256 ) (107 48 155 ) 
4 133 134 (107 80 256 ) (107 80 35 ) (107 48 35 ) (107 48 256 ) 
4 133 137 (107 16 35 ) (107 0 35 ) (107 0 256 ) (107 16 256 ) 
4 134 136 (83 48 155 ) (83 48 35 ) (107 48 35 ) (107 48 155 ) 
4 134 135 (83 48 256 ) (83 48 155 ) (107 48 155 ) (107 48 256 ) 
4 134 138 (83 80 256 ) (83 80 35 ) (83 48 35 ) (83 48 256 ) 
4 135 138 (83 16 155 ) (83 16 256 ) (83 48 256 ) (83 48 155 ) 
4 135 137 (83 16 256 ) (83 16 155 ) (107 16 155 ) (107 16 256 ) 
4 135 136 (107 16 155 ) (83 16 155 ) (83 48 155 ) (107 48 155 ) 
4 136 138 (83 48 35 ) (83 16 35 ) (83 16 155 ) (83 48 155 ) 
4 136 137 (83 16 155 ) (83 16 35 ) (107 16 35 ) (107 16 155 ) 
4 137 262 (107 0 256 ) (83 0 256 ) (83 0 35 ) (107 0 35 ) 
4 137 138 (83 16 35 ) (83 0 35 ) (83 0 256 ) (83 16 256 ) 
4 138 263 (40 0 256 ) (16 0 256 ) (16 0 35 ) (40 0 35 ) 
4 138 262 (83 0 256 ) (40 0 256 ) (40 0 35 ) (83 0 35 ) 
4 138 267 (16 0 256 ) (0 0 256 ) (0 0 35 ) (16 0 35 ) 
4 138 193 (0 0 35 ) (0 0 256 ) (0 80 256 ) (0 80 35 ) 
4 139 268 (0 0 32.380798 ) (0 0 32 ) (152 0 32 ) (152 0 32.380798 ) 
4 139 199 (0 0 32 ) (0 0 32.380798 ) (0 80 32.380798 ) (0 80 32 ) 
4 140 277 (288 0 -256 ) (288 0 0 ) (0 0 0 ) (0 0 -256 ) 
4 140 209 (0 0 -256 ) (0 0 0 ) (0 256 0 ) (0 256 -256 ) 
4 140 185 (0 256 0 ) (0 288 0 ) (0 288 -256 ) (0 256 -256 ) 
4 141 212 (-1024 1454.550171 256 ) (-1024 1230 256 ) (-1024 1230 1024 ) (-1024 1454.550171 1024 ) 
4 141 149 (-288 1454.550171 256 ) (0 1454.550171 256 ) (0 1230 256 ) (-288 1230 256 ) 
4 141 151 (-1024 1230 256 ) (-1024 1454.550171 256 ) (-288 1454.550171 256 ) (-288 1230 256 ) 
4 141 142 (0 1230 288 ) (0 1230 1024 ) (-288 1230 1024 ) (-288 1230 288 ) 
4 141 143 (-1024 1230 256 ) (-288 1230 256 ) (-288 1230 1024 ) (-1024 1230 1024 ) 
4 142 147 (-128 1144 1024 ) (-288 1144 1024 ) (-288 1144 288 ) (-128 1144 288 ) 
4 142 144 (0 1144 288 ) (0 1144 1024 ) (-128 1144 1024 ) (-128 1144 288 ) 
4 142 143 (-288 1230 1024 ) (-288 1230 288 ) (-288 1144 288 ) (-288 1144 1024 ) 
4 143 212 (-1024 1230 256 ) (-1024 1144 256 ) (-1024 1144 1024 ) (-1024 1230 1024 ) 
4 143 158 (-1024 1144 256 ) (-1024 1198 256 ) (-288 1198 256 ) (-288 1144 256 ) 
4 143 151 (-1024 1198 256 ) (-1024 1230 256 ) (-288 1230 256 ) (-288 1198 256 ) 
4 143 148 (-1024 1144 256 ) (-288 1144 256 ) (-288 1144 288 ) (-1024 1144 288 ) 
4 143 147 (-288 1144 288 ) (-288 1144 1024 ) (-1024 1144 1024 ) (-1024 1144 288 ) 
4 144 160 (0 1024 280 ) (0 1024 288 ) (-128 1024 288 ) (-128 1024 280 ) 
4 144 159 (0 1024 288 ) (0 1024 1024 ) (-128 1024 1024 ) (-128 1024 288 ) 
4 144 147 (-128 1144 1024 ) (-128 1144 288 ) (-128 1024 288 ) (-128 1024 1024 ) 
4 144 145 (0 1024 280 ) (-128 1024 280 ) (-128 1144 280 ) (0 1144 280 ) 
4 145 161 (0 1024 264 ) (0 1024 280 ) (-128 1024 280 ) (-128 1024 264 ) 
4 145 146 (-128 1024 264 ) (-128 1144 264 ) (0 1144 264 ) (0 1024 264 ) 
4 146 162 (0 1024 256 ) (0 1024 264 ) (-128 1024 264 ) (-128 1024 256 ) 
4 146 153 (0 1124 256 ) (0 1024 256 ) (-128 1024 256 ) (-128 1124 256 ) 
4 146 152 (-128 1144 256 ) (0 1144 256 ) (0 1124 256 ) (-128 1124 256 ) 
4 147 212 (-1024 1024 288 ) (-1024 1024 1024 ) (-1024 1144 1024 ) (-1024 1144 288 ) 
4 147 159 (-1024 1024 1024 ) (-1024 1024 288 ) (-128 1024 288 ) (-128 1024 1024 ) 
4 147 148 (-1024 1144 288 ) (-288 1144 288 ) (-288 1024 288 ) (-1024 1024 288 ) 
4 148 212 (-1024 1024 256 ) (-1024 1024 288 ) (-1024 1144 288 ) (-1024 1144 256 ) 
4 148 169 (-1024 1024 288 ) (-1024 1024 256 ) (-288 1024 256 ) (-288 1024 288 ) 
4 148 158 (-1024 1024 256 ) (-1024 1144 256 ) (-288 1144 256 ) (-288 1024 256 ) 
4 149 150 (-288 1230 0 ) (-288 1230 -256 ) (0 1230 -256 ) (0 1230 0 ) 
4 149 151 (-288 1454.550171 256 ) (-288 1454.550171 -256 ) (-288 1230 -256 ) (-288 1230 256 ) 
4 150 157 (-256 1198 0 ) (-288 1198 0 ) (-288 1198 -256 ) (-256 1198 -256 ) 
4 150 156 (0 1198 -256 ) (0 1198 0 ) (-256 1198 0 ) (-256 1198 -256 ) 
4 150 151 (-288 1230 -256 ) (-288 1198 -256 ) (-288 1198 0 ) (-288 1230 0 ) 
4 151 212 (-1024 1198 -256 ) (-1024 1198 256 ) (-1024 1454.550171 256 ) (-1024 1454.550171 -256 ) 
4 151 158 (-288 1198 256 ) (-1024 1198 256 ) (-1024 1198 -256 ) (-288 1198 -256 ) 
4 152 153 (-149.666672 1124 256 ) (-149.666672 1124 33 ) (0 1124 33 ) (0 1124 256 ) 
4 152 154 (-149.666672 1198 256 ) (-149.666672 1198 32 ) (-149.666672 1124 32 ) (-149.666672 1124 256 ) 
4 153 170 (0 1024 33 ) (0 1024 256 ) (-149.666672 1024 256 ) (-149.666672 1024 33 ) 
4 153 154 (-149.666672 1024 33 ) (-149.666672 1024 256 ) (-149.666672 1124 256 ) (-149.666672 1124 33 ) 
4 154 172 (-149.666672 1024 256 ) (-240 1024 256 ) (-240 1024 32 ) (-149.666672 1024 32 ) 
4 154 155 (-240 1182 32 ) (-240 1024 32 ) (-240 1024 256 ) (-240 1182 256 ) 
4 155 172 (-240 1024 256 ) (-256 1024 256 ) (-256 1024 32 ) (-240 1024 32 ) 
4 156 181 (0 1024 -256 ) (0 1024 0 ) (-256 1024 0 ) (-256 1024 -256 ) 
4 156 157 (-256 1198 0 ) (-256 1198 -256 ) (-256 1024 -256 ) (-256 1024 0 ) 
4 157 181 (-256 1024 -256 ) (-256 1024 0 ) (-288 1024 0 ) (-288 1024 -256 ) 
4 157 158 (-288 1198 0 ) (-288 1198 -256 ) (-288 1024 -256 ) (-288 1024 0 ) 
4 158 212 (-1024 1024 -256 ) (-1024 1024 256 ) (-1024 1198 256 ) (-1024 1198 -256 ) 
4 158 181 (-1024 1024 0 ) (-1024 1024 -256 ) (-288 1024 -256 ) (-288 1024 0 ) 
4 158 180 (-1024 1024 32 ) (-1024 1024 0 ) (-288 1024 0 ) (-288 1024 32 ) 
4 158 179 (-288 1024 256 ) (-1024 1024 256 ) (-1024 1024 32 ) (-288 1024 32 ) 
4 159 309 (0 0 288 ) (0 0 1024 ) (-1024 0 1024 ) (-1024 0 288 ) 
4 159 213 (-1024 0 288 ) (-1024 0 1024 ) (-1024 1024 1024 ) (-1024 1024 288 ) 
4 159 166 (0 128 288 ) (0 0 288 ) (-176 0 288 ) (-176 128 288 ) 
4 159 163 (0 716 288 ) (0 364 288 ) (-128 364 288 ) (-128 716 288 ) 
4 159 160 (0 1024 288 ) (0 792 288 ) (-128 792 288 ) (-128 1024 288 ) 
4 159 169 (-288 0 288 ) (-1024 0 288 ) (-1024 1024 288 ) (-288 1024 288 ) 
4 160 161 (0 792 280 ) (-128 792 280 ) (-128 1024 280 ) (0 1024 280 ) 
4 161 162 (0 792 264 ) (-128 792 264 ) (-128 1024 264 ) (0 1024 264 ) 
4 162 170 (-128 1024 256 ) (0 1024 256 ) (0 892 256 ) (-128 892 256 ) 
4 162 171 (0 892 256 ) (0 792 256 ) (-128 792 256 ) (-128 892 256 ) 
4 163 164 (0 364 280 ) (-128 364 280 ) (-128 716 280 ) (0 716 280 ) 
4 164 165 (0 364 264 ) (-128 364 264 ) (-128 716 264 ) (0 716 264 ) 
4 165 174 (-128 716 256 ) (0 716 256 ) (0 364 256 ) (-128 364 256 ) 
4 166 310 (0 0 280 ) (0 0 288 ) (-176 0 288 ) (-176 0 280 ) 
4 166 167 (-176 0 280 ) (-176 128 280 ) (0 128 280 ) (0 0 280 ) 
4 167 311 (0 0 264 ) (0 0 280 ) (-176 0 280 ) (-176 0 264 ) 
4 167 168 (0 0 264 ) (-176 0 264 ) (-176 128 264 ) (0 128 264 ) 
4 168 312 (0 0 256 ) (0 0 264 ) (-176 0 264 ) (-176 0 256 ) 
4 168 201 (-94 0 256 ) (-96 0 256 ) (-96 82 256 ) (-94 82 256 ) 
4 168 200 (-96 82 256 ) (-96 128 256 ) (-94 128 256 ) (-94 82 256 ) 
4 168 203 (-96 0 256 ) (-176 0 256 ) (-176 128 256 ) (-96 128 256 ) 
4 168 195 (-56 16 256 ) (-56 48 256 ) (-32 48 256 ) (-32 16 256 ) 
4 168 194 (-56 48 256 ) (-56 80 256 ) (-32 80 256 ) (-32 48 256 ) 
4 168 197 (-32 0 256 ) (-56 0 256 ) (-56 16 256 ) (-32 16 256 ) 
4 168 193 (0 0 256 ) (-32 0 256 ) (-32 80 256 ) (0 80 256 ) 
4 168 198 (-56 0 256 ) (-94 0 256 ) (-94 80 256 ) (-56 80 256 ) 
4 168 191 (-94 80 256 ) (-94 82 256 ) (0 82 256 ) (0 80 256 ) 
4 168 190 (-94 82 256 ) (-94 128 256 ) (0 128 256 ) (0 82 256 ) 
4 169 320 (-288 0 288 ) (-1024 0 288 ) (-1024 0 256 ) (-288 0 256 ) 
4 169 213 (-1024 0 256 ) (-1024 0 288 ) (-1024 1024 288 ) (-1024 1024 256 ) 
4 169 211 (-288 0 256 ) (-1024 0 256 ) (-1024 256 256 ) (-288 256 256 ) 
4 169 182 (-1024 256 256 ) (-1024 288 256 ) (-288 288 256 ) (-288 256 256 ) 
4 169 179 (-1024 288 256 ) (-1024 1024 256 ) (-288 1024 256 ) (-288 288 256 ) 
4 170 172 (-149.666672 892 33 ) (-149.666672 892 256 ) (-149.666672 1024 256 ) (-149.666672 1024 33 ) 
4 170 171 (-149.666672 892 256 ) (-149.666672 892 33 ) (0 892 33 ) (0 892 256 ) 
4 171 174 (-149.666672 721 32 ) (0 721 32 ) (0 721 256 ) (-149.666672 721 256 ) 
4 171 173 (-149.666672 785 32 ) (-149.666672 721 32 ) (-149.666672 721 256 ) (-149.666672 785 256 ) 
4 171 172 (-149.666672 892 32 ) (-149.666672 785 32 ) (-149.666672 785 256 ) (-149.666672 892 256 ) 
4 172 173 (-238 785 32 ) (-149.666672 785 32 ) (-149.666672 785 256 ) (-192 785 256 ) 
4 173 174 (-238 721 32 ) (-149.666672 721 32 ) (-149.666672 721 256 ) (-192 721 256 ) 
4 174 178 (-240 294 32 ) (-42 294 32 ) (-42 294 256 ) (-240 294 256 ) 
4 174 177 (-38 294 32 ) (0 294 32 ) (0 294 115 ) (-38 294 115 ) 
4 174 176 (0 294 118 ) (0 294 256 ) (-42 294 256 ) (-42 294 118 ) 
4 174 175 (-240 721 256 ) (-240 721 32 ) (-240 304 32 ) (-240 304 256 ) 
4 176 178 (-42 294 256 ) (-42 294 118 ) (-42 288 118 ) (-42 288 256 ) 
4 177 183 (-38 288 32 ) (0 288 32 ) (0 288 115 ) (-38 288 115 ) 
4 179 213 (-1024 288 32 ) (-1024 288 256 ) (-1024 1024 256 ) (-1024 1024 32 ) 
4 179 184 (-1024 288 115 ) (-1024 288 32 ) (-288 288 32 ) (-288 288 115 ) 
4 179 182 (-288 288 256 ) (-1024 288 256 ) (-1024 288 115 ) (-288 288 115 ) 
4 179 180 (-288 288 32 ) (-1024 288 32 ) (-1024 1024 32 ) (-288 1024 32 ) 
4 180 213 (-1024 288 0 ) (-1024 288 32 ) (-1024 1024 32 ) (-1024 1024 0 ) 
4 180 186 (-1024 288 32 ) (-1024 288 0 ) (-288 288 0 ) (-288 288 32 ) 
4 180 181 (-288 288 0 ) (-1024 288 0 ) (-1024 1024 0 ) (-288 1024 0 ) 
4 181 213 (-1024 288 -256 ) (-1024 288 0 ) (-1024 1024 0 ) (-1024 1024 -256 ) 
4 181 185 (-288 288 -256 ) (0 288 -256 ) (0 288 0 ) (-288 288 0 ) 
4 181 186 (-1024 288 0 ) (-1024 288 -256 ) (-288 288 -256 ) (-288 288 0 ) 
4 182 213 (-1024 256 115 ) (-1024 256 256 ) (-1024 288 256 ) (-1024 288 115 ) 
4 182 211 (-288 256 256 ) (-1024 256 256 ) (-1024 256 115 ) (-288 256 115 ) 
4 182 184 (-288 256 115 ) (-1024 256 115 ) (-1024 288 115 ) (-288 288 115 ) 
4 183 188 (0 256 32 ) (0 256 115 ) (-38 256 115 ) (-38 256 32 ) 
4 184 213 (-1024 256 32 ) (-1024 256 115 ) (-1024 288 115 ) (-1024 288 32 ) 
4 184 211 (-288 256 115 ) (-1024 256 115 ) (-1024 256 32 ) (-288 256 32 ) 
4 184 186 (-288 256 32 ) (-1024 256 32 ) (-1024 288 32 ) (-288 288 32 ) 
4 185 210 (-256 256 0 ) (-288 256 0 ) (-288 256 -256 ) (-256 256 -256 ) 
4 185 209 (0 256 -256 ) (0 256 0 ) (-256 256 0 ) (-256 256 -256 ) 
4 185 186 (-288 288 -256 ) (-288 256 -256 ) (-288 256 0 ) (-288 288 0 ) 
4 186 213 (-1024 256 -256 ) (-1024 256 32 ) (-1024 288 32 ) (-1024 288 -256 ) 
4 186 211 (-288 256 32 ) (-1024 256 32 ) (-1024 256 -256 ) (-288 256 -256 ) 
4 187 190 (0 250 118 ) (0 250 256 ) (-42 250 256 ) (-42 250 118 ) 
4 187 189 (-42 256 256 ) (-42 256 118 ) (-42 250 118 ) (-42 250 256 ) 
4 188 190 (-38 250 32 ) (0 250 32 ) (0 250 115 ) (-38 250 115 ) 
4 189 200 (-94 256 256 ) (-94 256 32 ) (-94 250 32 ) (-94 250 256 ) 
4 189 190 (-94 250 256 ) (-94 250 32 ) (-42 250 32 ) (-42 250 256 ) 
4 190 200 (-94 250 32 ) (-94 82 32 ) (-94 82 256 ) (-94 250 256 ) 
4 190 191 (-94 82 256 ) (-94 82 42 ) (0 82 42 ) (0 82 256 ) 
4 190 192 (-94 82 32.380798 ) (-94 82 32 ) (0 82 32 ) (0 82 32.380798 ) 
4 191 201 (-94 80 42 ) (-94 80 256 ) (-94 82 256 ) (-94 82 42 ) 
4 191 194 (-56 80 42 ) (-32 80 42 ) (-32 80 256 ) (-56 80 256 ) 
4 191 193 (-32 80 42 ) (0 80 42 ) (0 80 256 ) (-32 80 256 ) 
4 191 198 (-94 80 256 ) (-94 80 42 ) (-56 80 42 ) (-56 80 256 ) 
4 192 202 (-94 82 32 ) (-94 80 32 ) (-94 80 32.380798 ) (-94 82 32.380798 ) 
4 192 199 (-94 80 32.380798 ) (-94 80 32 ) (0 80 32 ) (0 80 32.380798 ) 
4 193 321 (0 0 35 ) (0 0 256 ) (-32 0 256 ) (-32 0 35 ) 
4 193 196 (-32 48 35 ) (-32 16 35 ) (-32 16 155 ) (-32 48 155 ) 
4 193 195 (-32 16 155 ) (-32 16 256 ) (-32 48 256 ) (-32 48 155 ) 
4 193 194 (-32 80 256 ) (-32 80 35 ) (-32 48 35 ) (-32 48 256 ) 
4 193 197 (-32 16 35 ) (-32 0 35 ) (-32 0 256 ) (-32 16 256 ) 
4 194 196 (-56 48 155 ) (-56 48 35 ) (-32 48 35 ) (-32 48 155 ) 
4 194 195 (-56 48 256 ) (-56 48 155 ) (-32 48 155 ) (-32 48 256 ) 
4 194 198 (-56 80 256 ) (-56 80 35 ) (-56 48 35 ) (-56 48 256 ) 
4 195 198 (-56 16 155 ) (-56 16 256 ) (-56 48 256 ) (-56 48 155 ) 
4 195 197 (-56 16 256 ) (-56 16 155 ) (-32 16 155 ) (-32 16 256 ) 
4 195 196 (-32 16 155 ) (-56 16 155 ) (-56 48 155 ) (-32 48 155 ) 
4 196 198 (-56 48 35 ) (-56 16 35 ) (-56 16 155 ) (-56 48 155 ) 
4 196 197 (-56 16 155 ) (-56 16 35 ) (-32 16 35 ) (-32 16 155 ) 
4 197 321 (-32 0 256 ) (-56 0 256 ) (-56 0 35 ) (-32 0 35 ) 
4 197 198 (-56 16 35 ) (-56 0 35 ) (-56 0 256 ) (-56 16 256 ) 
4 198 321 (-56 0 256 ) (-94 0 256 ) (-94 0 35 ) (-56 0 35 ) 
4 198 201 (-94 0 42 ) (-94 0 256 ) (-94 80 256 ) (-94 80 42 ) 
4 199 322 (0 0 32 ) (0 0 32.380798 ) (-94 0 32.380798 ) (-94 0 32 ) 
4 199 202 (-94 80 32 ) (-94 0 32 ) (-94 0 32.380798 ) (-94 80 32.380798 ) 
4 200 201 (-96 82 256 ) (-96 82 42 ) (-94 82 42 ) (-94 82 256 ) 
4 200 202 (-96 82 32.380798 ) (-96 82 32 ) (-94 82 32 ) (-94 82 32.380798 ) 
4 200 203 (-96 256 256 ) (-96 256 32 ) (-96 82 32 ) (-96 82 256 ) 
4 201 330 (-94 0 256 ) (-96 0 256 ) (-96 0 42 ) (-94 0 42 ) 
4 201 203 (-96 0 42 ) (-96 0 256 ) (-96 82 256 ) (-96 82 42 ) 
4 202 331 (-96 0 32.380798 ) (-96 0 32 ) (-94 0 32 ) (-94 0 32.380798 ) 
4 202 203 (-96 82 32 ) (-96 0 32 ) (-96 0 32.380798 ) (-96 82 32.380798 ) 
4 203 333 (-96 0 256 ) (-240 0 256 ) (-240 0 32 ) (-96 0 32 ) 
4 203 204 (-240 240 32 ) (-240 0 32 ) (-240 0 256 ) (-240 240 256 ) 
4 204 334 (-240 0 256 ) (-250 0 256 ) (-250 0 32 ) (-240 0 32 ) 
4 204 208 (-250 38 32 ) (-250 0 32 ) (-250 0 114.091003 ) (-250 38 114.091003 ) 
4 204 206 (-250 0 118 ) (-250 0 256 ) (-250 42 256 ) (-250 42 118 ) 
4 204 205 (-250 240 32 ) (-250 42 32 ) (-250 42 256 ) (-250 240 256 ) 
4 205 207 (-256 42 256 ) (-256 42 118 ) (-255 42 118 ) (-255 42 256 ) 
4 205 206 (-255 42 118 ) (-250 42 118 ) (-250 42 256 ) (-255 42 256 ) 
4 206 335 (-250 0 256 ) (-255 0 256 ) (-255 0 118 ) (-250 0 118 ) 
4 206 207 (-255 42 256 ) (-255 42 118 ) (-255 40 118 ) (-255 40 256 ) 
4 208 337 (-256 0 114.091003 ) (-256 0 32 ) (-250 0 32 ) (-250 0 114.091003 ) 
4 209 339 (0 0 -256 ) (0 0 0 ) (-256 0 0 ) (-256 0 -256 ) 
4 209 210 (-256 256 0 ) (-256 256 -256 ) (-256 0 -256 ) (-256 0 0 ) 
4 210 341 (-256 0 -256 ) (-256 0 0 ) (-288 0 0 ) (-288 0 -256 ) 
4 210 211 (-288 256 0 ) (-288 256 -256 ) (-288 0 -256 ) (-288 0 0 ) 
4 211 341 (-1024 0 0 ) (-1024 0 -256 ) (-288 0 -256 ) (-288 0 0 ) 
4 211 340 (-288 0 256 ) (-1024 0 256 ) (-1024 0 0 ) (-288 0 0 ) 
4 211 213 (-1024 0 -256 ) (-1024 0 256 ) (-1024 256 256 ) (-1024 256 -256 ) 
4 212 213 (-1024 1024 -256 ) (-1024 1024 1024 ) (-1425.550171 1024 1024 ) (-1425.550171 1024 -256 ) 
4 213 361 (-1024 0 -256 ) (-1024 0 1024 ) (-1425.550171 0 1024 ) (-1425.550171 0 -256 ) 
4 214 307 (1483.550171 -1024 1024 ) (1076 -1024 1024 ) (1076 -1024 256 ) (1483.550171 -1024 256 ) 
4 214 217 (1076 0 256 ) (1483.550171 0 256 ) (1483.550171 -1024 256 ) (1076 -1024 256 ) 
4 214 215 (1076 -288 288 ) (1076 -288 1024 ) (1076 0 1024 ) (1076 0 288 ) 
4 214 216 (1076 -288 256 ) (1076 -1024 256 ) (1076 -1024 1024 ) (1076 -288 1024 ) 
4 215 226 (1024 -288 1024 ) (1024 0 1024 ) (1024 0 288 ) (1024 -288 288 ) 
4 215 216 (1076 -288 288 ) (1076 -288 1024 ) (1024 -288 1024 ) (1024 -288 288 ) 
4 216 307 (1076 -1024 1024 ) (1024 -1024 1024 ) (1024 -1024 256 ) (1076 -1024 256 ) 
4 216 279 (1024 -1024 256 ) (1024 -1024 288 ) (1024 -288 288 ) (1024 -288 256 ) 
4 216 278 (1024 -1024 288 ) (1024 -1024 1024 ) (1024 -288 1024 ) (1024 -288 288 ) 
4 216 222 (1044 -1024 256 ) (1024 -1024 256 ) (1024 -288 256 ) (1044 -288 256 ) 
4 216 219 (1076 -288 256 ) (1076 -1024 256 ) (1044 -1024 256 ) (1044 -288 256 ) 
4 217 307 (1483.550171 -1024 256 ) (1076 -1024 256 ) (1076 -1024 -256 ) (1483.550171 -1024 -256 ) 
4 217 218 (1076 0 -256 ) (1076 -288 -256 ) (1076 -288 0 ) (1076 0 0 ) 
4 217 219 (1076 -288 -256 ) (1076 -1024 -256 ) (1076 -1024 256 ) (1076 -288 256 ) 
4 218 225 (1044 0 0 ) (1044 0 -256 ) (1044 -288 -256 ) (1044 -288 0 ) 
4 218 219 (1044 -288 0 ) (1044 -288 -256 ) (1076 -288 -256 ) (1076 -288 0 ) 
4 219 307 (1076 -1024 256 ) (1044 -1024 256 ) (1044 -1024 -256 ) (1076 -1024 -256 ) 
4 219 225 (1044 -1024 -256 ) (1044 -1024 0 ) (1044 -288 0 ) (1044 -288 -256 ) 
4 219 224 (1044 -1024 0 ) (1044 -1024 32 ) (1044 -288 32 ) (1044 -288 0 ) 
4 219 223 (1044 -1024 32 ) (1044 -1024 114 ) (1044 -288 114 ) (1044 -288 32 ) 
4 219 222 (1044 -1024 114 ) (1044 -1024 256 ) (1044 -288 256 ) (1044 -288 114 ) 
4 220 221 (1028 0 32 ) (1028 -240 32 ) (1028 -240 256 ) (1028 0 256 ) 
4 221 240 (1024 -250 32 ) (1024 -256 32 ) (1024 -256 114.091003 ) (1024 -250 114.091003 ) 
4 221 239 (1024 0 114.091003 ) (1024 0 32 ) (1024 -250 32 ) (1024 -250 114.091003 ) 
4 221 234 (1024 -256 256 ) (1024 -42 256 ) (1024 -42 114.091003 ) (1024 -256 114.091003 ) 
4 221 232 (1024 0 115 ) (1024 0 114.091003 ) (1024 -42 114.091003 ) (1024 -42 115 ) 
4 221 230 (1024 -42 256 ) (1024 0 256 ) (1024 0 115 ) (1024 -42 115 ) 
4 222 307 (1044 -1024 114 ) (1044 -1024 256 ) (1024 -1024 256 ) (1024 -1024 114 ) 
4 222 304 (1024 -1024 114 ) (1024 -1024 256 ) (1024 -708 256 ) (1024 -708 114 ) 
4 222 296 (1024 -708 256 ) (1024 -294 256 ) (1024 -294 114 ) (1024 -708 114 ) 
4 222 287 (1024 -294 256 ) (1024 -288 256 ) (1024 -288 114 ) (1024 -294 114 ) 
4 222 223 (1044 -288 114 ) (1044 -1024 114 ) (1024 -1024 114 ) (1024 -288 114 ) 
4 223 307 (1044 -1024 32 ) (1044 -1024 114 ) (1024 -1024 114 ) (1024 -1024 32 ) 
4 223 304 (1024 -1024 32 ) (1024 -1024 114 ) (1024 -708 114 ) (1024 -708 32 ) 
4 223 296 (1024 -708 114 ) (1024 -294 114 ) (1024 -294 32 ) (1024 -708 32 ) 
4 223 291 (1024 -294 114 ) (1024 -288 114 ) (1024 -288 32 ) (1024 -294 32 ) 
4 223 224 (1044 -288 32 ) (1044 -1024 32 ) (1024 -1024 32 ) (1024 -288 32 ) 
4 224 307 (1044 -1024 0 ) (1044 -1024 32 ) (1024 -1024 32 ) (1024 -1024 0 ) 
4 224 304 (1024 -1024 0 ) (1024 -1024 32 ) (1024 -708 32 ) (1024 -708 0 ) 
4 224 302 (1024 -708 32 ) (1024 -288 32 ) (1024 -288 0 ) (1024 -708 0 ) 
4 224 225 (1024 -1024 0 ) (1024 -288 0 ) (1044 -288 0 ) (1044 -1024 0 ) 
4 225 307 (1044 -1024 -256 ) (1044 -1024 0 ) (1024 -1024 0 ) (1024 -1024 -256 ) 
4 225 306 (1024 -1024 -256 ) (1024 -1024 0 ) (1024 -708 0 ) (1024 -708 -256 ) 
4 225 303 (1024 -708 0 ) (1024 -288 0 ) (1024 -288 -256 ) (1024 -708 -256 ) 
4 225 247 (1024 -288 0 ) (1024 0 0 ) (1024 0 -256 ) (1024 -288 -256 ) 
4 226 281 (488 -288 1024 ) (288 -288 1024 ) (288 -288 288 ) (488 -288 288 ) 
4 226 278 (1024 -288 288 ) (1024 -288 1024 ) (488 -288 1024 ) (488 -288 288 ) 
4 226 248 (288 -288 288 ) (288 -288 1024 ) (288 0 1024 ) (288 0 288 ) 
4 226 227 (490 -108 288 ) (490 0 288 ) (842 0 288 ) (842 -108 288 ) 
4 227 228 (842 -108 280 ) (490 -108 280 ) (490 0 280 ) (842 0 280 ) 
4 228 229 (842 -108 264 ) (490 -108 264 ) (490 0 264 ) (842 0 264 ) 
4 229 234 (490 -108 256 ) (490 -42 256 ) (842 -42 256 ) (842 -108 256 ) 
4 229 230 (490 -42 256 ) (490 0 256 ) (842 0 256 ) (842 -42 256 ) 
4 230 238 (304 -42 256 ) (294 -42 256 ) (294 -42 115 ) (304 -42 115 ) 
4 230 237 (376 -42 256 ) (304 -42 256 ) (304 -42 115 ) (376 -42 115 ) 
4 230 235 (460 -42 256 ) (376 -42 256 ) (376 -42 115 ) (460 -42 115 ) 
4 230 234 (1024 -42 115 ) (1024 -42 256 ) (460 -42 256 ) (460 -42 115 ) 
4 230 232 (1024 -42 115 ) (294 -42 115 ) (294 0 115 ) (1024 0 115 ) 
4 230 231 (294 -42 118 ) (294 -42 256 ) (294 0 256 ) (294 0 118 ) 
4 231 238 (294 -42 256 ) (288 -42 256 ) (288 -42 118 ) (294 -42 118 ) 
4 232 243 (294 0 114.091003 ) (304 0 114.091003 ) (304 -42 114.091003 ) (294 -42 114.091003 ) 
4 232 239 (304 0 114.091003 ) (1024 0 114.091003 ) (1024 -42 114.091003 ) (304 -42 114.091003 ) 
4 232 238 (294 -42 114.091003 ) (304 -42 114.091003 ) (304 -42 115 ) (294 -42 115 ) 
4 232 237 (304 -42 114.091003 ) (376 -42 114.091003 ) (376 -42 115 ) (304 -42 115 ) 
4 232 235 (376 -42 114.091003 ) (460 -42 114.091003 ) (460 -42 115 ) (376 -42 115 ) 
4 232 234 (460 -42 114.091003 ) (1024 -42 114.091003 ) (1024 -42 115 ) (460 -42 115 ) 
4 232 233 (294 0 114.091003 ) (294 -38 114.091003 ) (294 -38 115 ) (294 0 115 ) 
4 233 253 (288 0 115 ) (288 0 114.091003 ) (288 -38 114.091003 ) (288 -38 115 ) 
4 233 244 (288 -38 114.091003 ) (288 0 114.091003 ) (294 0 114.091003 ) (294 -38 114.091003 ) 
4 234 240 (1024 -256 114.091003 ) (460 -256 114.091003 ) (460 -250 114.091003 ) (1024 -250 114.091003 ) 
4 234 239 (460 -250 114.091003 ) (460 -42 114.091003 ) (1024 -42 114.091003 ) (1024 -250 114.091003 ) 
4 234 236 (460 -256 118 ) (460 -256 256 ) (460 -250 256 ) (460 -250 118 ) 
4 234 235 (460 -42 256 ) (460 -42 114.091003 ) (460 -250 114.091003 ) (460 -250 256 ) 
4 235 239 (376 -250 114.091003 ) (376 -42 114.091003 ) (460 -42 114.091003 ) (460 -250 114.091003 ) 
4 235 237 (376 -42 256 ) (376 -42 114.091003 ) (376 -250 114.091003 ) (376 -250 256 ) 
4 235 236 (376 -250 256 ) (376 -250 118 ) (460 -250 118 ) (460 -250 256 ) 
4 236 237 (376 -256 118 ) (376 -256 256 ) (376 -250 256 ) (376 -250 118 ) 
4 237 242 (376 -256 114.091003 ) (304 -256 114.091003 ) (304 -250 114.091003 ) (376 -250 114.091003 ) 
4 237 239 (304 -250 114.091003 ) (304 -42 114.091003 ) (376 -42 114.091003 ) (376 -250 114.091003 ) 
4 237 238 (304 -42 256 ) (304 -42 114.091003 ) (304 -240 114.091003 ) (304 -240 256 ) 
4 238 245 (288 -240 114.091003 ) (288 -42 114.091003 ) (304 -42 114.091003 ) (304 -240 114.091003 ) 
4 239 245 (304 -42 32 ) (304 -240 32 ) (304 -240 114.091003 ) (304 -42 114.091003 ) 
4 239 243 (304 0 32 ) (304 -42 32 ) (304 -42 114.091003 ) (304 0 114.091003 ) 
4 239 242 (304 -250 114.091003 ) (304 -250 32 ) (376 -250 32 ) (376 -250 114.091003 ) 
4 239 240 (460 -250 32 ) (1024 -250 32 ) (1024 -250 114.091003 ) (460 -250 114.091003 ) 
4 239 241 (380 -250 32 ) (456 -250 32 ) (456 -250 114.091003 ) (380 -250 114.091003 ) 
4 241 246 (380 -256 32 ) (456 -256 32 ) (456 -256 114.091003 ) (380 -256 114.091003 ) 
4 243 245 (294 -42 32 ) (304 -42 32 ) (304 -42 114.091003 ) (294 -42 114.091003 ) 
4 243 244 (294 0 32 ) (294 -38 32 ) (294 -38 114.091003 ) (294 0 114.091003 ) 
4 244 253 (288 0 114.091003 ) (288 0 32 ) (288 -38 32 ) (288 -38 114.091003 ) 
4 246 293 (456 -288 114 ) (380 -288 114 ) (380 -288 32 ) (456 -288 32 ) 
4 247 303 (1024 -288 -256 ) (1024 -288 0 ) (288 -288 0 ) (288 -288 -256 ) 
4 247 277 (288 -288 -256 ) (288 -288 0 ) (288 0 0 ) (288 0 -256 ) 
4 248 281 (288 -288 288 ) (288 -288 1024 ) (176 -288 1024 ) (176 -288 288 ) 
4 248 252 (176 -128 288 ) (176 -288 288 ) (176 -288 1024 ) (176 -128 1024 ) 
4 248 249 (176 0 1024 ) (176 0 288 ) (176 -128 288 ) (176 -128 1024 ) 
4 249 310 (0 0 288 ) (0 0 280 ) (0 -128 280 ) (0 -128 288 ) 
4 249 309 (0 0 1024 ) (0 0 288 ) (0 -128 288 ) (0 -128 1024 ) 
4 249 252 (176 -128 288 ) (176 -128 1024 ) (0 -128 1024 ) (0 -128 288 ) 
4 249 250 (176 -128 280 ) (0 -128 280 ) (0 0 280 ) (176 0 280 ) 
4 250 311 (0 0 280 ) (0 0 264 ) (0 -128 264 ) (0 -128 280 ) 
4 250 251 (176 -128 264 ) (0 -128 264 ) (0 0 264 ) (176 0 264 ) 
4 251 312 (0 0 264 ) (0 0 256 ) (0 -128 256 ) (0 -128 264 ) 
4 251 269 (152 -80 256 ) (152 -82 256 ) (0 -82 256 ) (0 -80 256 ) 
4 251 271 (152 -82 256 ) (152 -128 256 ) (0 -128 256 ) (0 -82 256 ) 
4 251 264 (40 -16 256 ) (40 -48 256 ) (16 -48 256 ) (16 -16 256 ) 
4 251 263 (16 0 256 ) (40 0 256 ) (40 -16 256 ) (16 -16 256 ) 
4 251 266 (40 -48 256 ) (40 -80 256 ) (16 -80 256 ) (16 -48 256 ) 
4 251 262 (40 0 256 ) (152 0 256 ) (152 -80 256 ) (40 -80 256 ) 
4 251 267 (0 0 256 ) (16 0 256 ) (16 -80 256 ) (0 -80 256 ) 
4 251 259 (152 0 256 ) (154 0 256 ) (154 -82 256 ) (152 -82 256 ) 
4 251 261 (154 -82 256 ) (154 -128 256 ) (152 -128 256 ) (152 -82 256 ) 
4 251 258 (154 0 256 ) (176 0 256 ) (176 -128 256 ) (154 -128 256 ) 
4 252 309 (0 -288 288 ) (0 -288 1024 ) (0 -128 1024 ) (0 -128 288 ) 
4 252 281 (0 -288 1024 ) (0 -288 288 ) (176 -288 288 ) (176 -288 1024 ) 
4 253 255 (256 0 32 ) (256 -38 32 ) (256 -38 115 ) (256 0 115 ) 
4 254 257 (250 -42 118 ) (250 -42 256 ) (250 0 256 ) (250 0 118 ) 
4 254 256 (250 -42 256 ) (250 -42 118 ) (256 -42 118 ) (256 -42 256 ) 
4 255 257 (250 0 32 ) (250 -38 32 ) (250 -38 115 ) (250 0 115 ) 
4 256 257 (250 -42 32 ) (250 -240 32 ) (250 -240 256 ) (250 -42 256 ) 
4 257 258 (240 0 32 ) (240 -240 32 ) (240 -240 256 ) (240 0 256 ) 
4 258 259 (154 -82 42 ) (154 -82 256 ) (154 0 256 ) (154 0 42 ) 
4 258 260 (154 0 32 ) (154 -82 32 ) (154 -82 32.380798 ) (154 0 32.380798 ) 
4 258 261 (154 -82 32 ) (154 -256 32 ) (154 -256 256 ) (154 -82 256 ) 
4 259 269 (152 -82 42 ) (152 -82 256 ) (152 -80 256 ) (152 -80 42 ) 
4 259 262 (152 -80 256 ) (152 0 256 ) (152 0 42 ) (152 -80 42 ) 
4 259 261 (152 -82 256 ) (152 -82 42 ) (154 -82 42 ) (154 -82 256 ) 
4 260 270 (152 -80 32 ) (152 -82 32 ) (152 -82 32.380798 ) (152 -80 32.380798 ) 
4 260 268 (152 0 32 ) (152 -80 32 ) (152 -80 32.380798 ) (152 0 32.380798 ) 
4 260 261 (152 -82 32.380798 ) (152 -82 32 ) (154 -82 32 ) (154 -82 32.380798 ) 
4 261 274 (152 -250 32 ) (152 -256 32 ) (152 -256 114.091003 ) (152 -250 114.091003 ) 
4 261 272 (152 -256 114.091003 ) (152 -256 256 ) (152 -250 256 ) (152 -250 114.091003 ) 
4 261 271 (152 -82 32 ) (152 -250 32 ) (152 -250 256 ) (152 -82 256 ) 
4 262 269 (152 -80 42 ) (152 -80 256 ) (40 -80 256 ) (40 -80 42 ) 
4 262 265 (40 -16 35 ) (40 -48 35 ) (40 -48 155 ) (40 -16 155 ) 
4 262 264 (40 -48 155 ) (40 -48 256 ) (40 -16 256 ) (40 -16 155 ) 
4 262 263 (40 0 35 ) (40 -16 35 ) (40 -16 256 ) (40 0 256 ) 
4 262 266 (40 -48 35 ) (40 -80 35 ) (40 -80 256 ) (40 -48 256 ) 
4 263 265 (16 -16 155 ) (16 -16 35 ) (40 -16 35 ) (40 -16 155 ) 
4 263 264 (16 -16 256 ) (16 -16 155 ) (40 -16 155 ) (40 -16 256 ) 
4 263 267 (16 0 35 ) (16 -16 35 ) (16 -16 256 ) (16 0 256 ) 
4 264 267 (16 -48 155 ) (16 -48 256 ) (16 -16 256 ) (16 -16 155 ) 
4 264 266 (16 -48 256 ) (16 -48 155 ) (40 -48 155 ) (40 -48 256 ) 
4 264 265 (40 -48 155 ) (16 -48 155 ) (16 -16 155 ) (40 -16 155 ) 
4 265 267 (16 -16 35 ) (16 -48 35 ) (16 -48 155 ) (16 -16 155 ) 
4 265 266 (16 -48 155 ) (16 -48 35 ) (40 -48 35 ) (40 -48 155 ) 
4 266 269 (40 -80 256 ) (16 -80 256 ) (16 -80 42 ) (40 -80 42 ) 
4 266 267 (16 -48 35 ) (16 -80 35 ) (16 -80 256 ) (16 -48 256 ) 
4 267 321 (0 0 256 ) (0 0 35 ) (0 -80 35 ) (0 -80 256 ) 
4 267 269 (16 -80 256 ) (0 -80 256 ) (0 -80 42 ) (16 -80 42 ) 
4 268 322 (0 0 32.380798 ) (0 0 32 ) (0 -80 32 ) (0 -80 32.380798 ) 
4 268 270 (0 -80 32 ) (152 -80 32 ) (152 -80 32.380798 ) (0 -80 32.380798 ) 
4 269 323 (0 -82 42 ) (0 -82 256 ) (0 -80 256 ) (0 -80 42 ) 
4 269 271 (152 -82 42 ) (152 -82 256 ) (0 -82 256 ) (0 -82 42 ) 
4 270 324 (0 -80 32 ) (0 -82 32 ) (0 -82 32.380798 ) (0 -80 32.380798 ) 
4 270 271 (0 -82 32 ) (152 -82 32 ) (152 -82 32.380798 ) (0 -82 32.380798 ) 
4 271 325 (0 -82 32 ) (0 -250 32 ) (0 -250 256 ) (0 -82 256 ) 
4 271 274 (41 -250 32 ) (152 -250 32 ) (152 -250 114.091003 ) (41 -250 114.091003 ) 
4 271 275 (0 -250 32 ) (37 -250 32 ) (37 -250 114.091003 ) (0 -250 114.091003 ) 
4 271 273 (41 -250 256 ) (0 -250 256 ) (0 -250 118 ) (41 -250 118 ) 
4 271 272 (152 -250 114.091003 ) (152 -250 256 ) (41 -250 256 ) (41 -250 114.091003 ) 
4 272 274 (41 -250 114.091003 ) (152 -250 114.091003 ) (152 -256 114.091003 ) (41 -256 114.091003 ) 
4 272 273 (41 -250 256 ) (41 -250 118 ) (41 -256 118 ) (41 -256 256 ) 
4 273 326 (0 -256 118 ) (0 -256 256 ) (0 -250 256 ) (0 -250 118 ) 
4 275 328 (0 -250 32 ) (0 -256 32 ) (0 -256 114.091003 ) (0 -250 114.091003 ) 
4 275 276 (0 -256 32 ) (37 -256 32 ) (37 -256 114.091003 ) (0 -256 114.091003 ) 
4 276 343 (0 -256 32 ) (0 -288 32 ) (0 -288 114 ) (0 -256 114 ) 
4 276 295 (0 -288 114 ) (0 -288 32 ) (37 -288 32 ) (37 -288 114 ) 
4 277 345 (0 -256 -256 ) (0 -288 -256 ) (0 -288 0 ) (0 -256 0 ) 
4 277 339 (0 0 0 ) (0 0 -256 ) (0 -256 -256 ) (0 -256 0 ) 
4 277 303 (0 -288 0 ) (0 -288 -256 ) (288 -288 -256 ) (288 -288 0 ) 
4 278 308 (1024 -1024 288 ) (1024 -1024 1024 ) (488 -1024 1024 ) (488 -1024 288 ) 
4 278 281 (488 -288 1024 ) (488 -288 288 ) (488 -1024 288 ) (488 -1024 1024 ) 
4 278 280 (696 -1024 288 ) (488 -1024 288 ) (488 -740 288 ) (696 -740 288 ) 
4 278 279 (1024 -1024 288 ) (696 -1024 288 ) (696 -288 288 ) (1024 -288 288 ) 
4 279 308 (1024 -1024 256 ) (1024 -1024 288 ) (696 -1024 288 ) (696 -1024 256 ) 
4 279 304 (1024 -1024 256 ) (696 -1024 256 ) (696 -708 256 ) (1024 -708 256 ) 
4 279 296 (696 -708 256 ) (696 -294 256 ) (1024 -294 256 ) (1024 -708 256 ) 
4 279 287 (696 -294 256 ) (696 -288 256 ) (1024 -288 256 ) (1024 -294 256 ) 
4 279 280 (696 -740 256 ) (696 -1024 256 ) (696 -1024 288 ) (696 -740 288 ) 
4 280 308 (696 -1024 288 ) (488 -1024 288 ) (488 -1024 256 ) (696 -1024 256 ) 
4 280 305 (696 -1024 256 ) (488 -1024 256 ) (488 -740 256 ) (696 -740 256 ) 
4 280 286 (488 -740 256 ) (488 -1024 256 ) (488 -1024 288 ) (488 -740 288 ) 
4 281 309 (0 -1024 288 ) (0 -1024 1024 ) (0 -288 1024 ) (0 -288 288 ) 
4 281 308 (0 -1024 1024 ) (0 -1024 288 ) (488 -1024 288 ) (488 -1024 1024 ) 
4 281 286 (488 -740 288 ) (488 -1024 288 ) (0 -1024 288 ) (0 -740 288 ) 
4 281 283 (488 -397 288 ) (488 -599 288 ) (0 -599 288 ) (0 -397 288 ) 
4 281 282 (488 -396 288 ) (488 -397 288 ) (0 -397 288 ) (0 -396 288 ) 
4 282 313 (0 -397 288 ) (0 -396 288 ) (0 -396 256 ) (0 -397 256 ) 
4 282 298 (0 -397 256 ) (0 -396 256 ) (488 -396 256 ) (488 -397 256 ) 
4 282 284 (488 -397 264 ) (488 -397 280 ) (0 -397 280 ) (0 -397 264 ) 
4 282 283 (488 -397 280 ) (488 -397 288 ) (0 -397 288 ) (0 -397 280 ) 
4 282 285 (0 -397 256 ) (488 -397 256 ) (488 -397 264 ) (0 -397 264 ) 
4 283 314 (0 -599 288 ) (0 -397 288 ) (0 -397 280 ) (0 -599 280 ) 
4 283 284 (488 -599 280 ) (0 -599 280 ) (0 -397 280 ) (488 -397 280 ) 
4 284 315 (0 -397 280 ) (0 -397 264 ) (0 -599 264 ) (0 -599 280 ) 
4 284 285 (488 -599 264 ) (0 -599 264 ) (0 -397 264 ) (488 -397 264 ) 
4 285 316 (0 -397 264 ) (0 -397 256 ) (0 -599 256 ) (0 -599 264 ) 
4 285 299 (0 -599 256 ) (0 -579 256 ) (488 -579 256 ) (488 -599 256 ) 
4 285 298 (0 -579 256 ) (0 -397 256 ) (488 -397 256 ) (488 -579 256 ) 
4 286 317 (0 -1024 256 ) (0 -1024 288 ) (0 -740 288 ) (0 -740 256 ) 
4 286 308 (0 -1024 288 ) (0 -1024 256 ) (488 -1024 256 ) (488 -1024 288 ) 
4 286 305 (488 -1024 256 ) (0 -1024 256 ) (0 -740 256 ) (488 -740 256 ) 
4 287 296 (1024 -294 114.091003 ) (1024 -294 256 ) (696 -294 256 ) (696 -294 114.091003 ) 
4 287 291 (1024 -294 114.091003 ) (696 -294 114.091003 ) (696 -288 114.091003 ) (1024 -288 114.091003 ) 
4 288 298 (648.026978 -294 256 ) (460 -294 256 ) (460 -294 114.091003 ) (648.026978 -294 114.091003 ) 
4 288 292 (648.026978 -294 114.091003 ) (460 -294 114.091003 ) (460 -288 114.091003 ) (648.026978 -288 114.091003 ) 
4 288 289 (460 -294 118 ) (460 -294 256 ) (460 -288 256 ) (460 -288 118 ) 
4 289 347 (0 -294 256 ) (0 -288 256 ) (0 -288 118 ) (0 -294 118 ) 
4 289 298 (460 -294 256 ) (0 -294 256 ) (0 -294 118 ) (460 -294 118 ) 
4 289 290 (41 -288 118 ) (376 -288 118 ) (376 -294 118 ) (41 -294 118 ) 
4 290 298 (41 -294 114.091003 ) (376 -294 114.091003 ) (376 -294 118 ) (41 -294 118 ) 
4 290 294 (376 -294 114.091003 ) (41 -294 114.091003 ) (41 -288 114.091003 ) (376 -288 114.091003 ) 
4 291 302 (696 -288 32 ) (1024 -288 32 ) (1024 -294 32 ) (696 -294 32 ) 
4 291 296 (696 -294 32 ) (1024 -294 32 ) (1024 -294 114.091003 ) (696 -294 114.091003 ) 
4 292 298 (460 -294 32 ) (648.026978 -294 32 ) (648.026978 -294 114.091003 ) (460 -294 114.091003 ) 
4 293 298 (380 -294 32 ) (456 -294 32 ) (456 -294 114.091003 ) (380 -294 114.091003 ) 
4 294 298 (41 -294 32 ) (376 -294 32 ) (376 -294 114.091003 ) (41 -294 114.091003 ) 
4 295 348 (0 -288 114.091003 ) (0 -288 32 ) (0 -294 32 ) (0 -294 114.091003 ) 
4 295 298 (0 -294 32 ) (37 -294 32 ) (37 -294 114.091003 ) (0 -294 114.091003 ) 
4 296 304 (1024 -708 32 ) (1024 -708 256 ) (696 -708 256 ) (696 -708 32 ) 
4 296 302 (1024 -708 32 ) (696 -708 32 ) (696 -294 32 ) (1024 -294 32 ) 
4 297 299 (664 -579 34.441299 ) (664 -579 256 ) (648.026978 -579 256 ) (648.026978 -579 34.441299 ) 
4 297 298 (648.026978 -303.842010 32 ) (648.026978 -579 32 ) (648.026978 -579 256 ) (648.026978 -303.842010 256 ) 
4 298 351 (0 -579 256 ) (0 -303.842010 256 ) (0 -303.842010 32 ) (0 -579 32 ) 
4 298 350 (0 -303.842010 256 ) (0 -294 256 ) (0 -294 32 ) (0 -303.842010 32 ) 
4 298 299 (648.026978 -579 34.441299 ) (648.026978 -579 256 ) (0 -579 256 ) (0 -579 34.441299 ) 
4 299 352 (0 -692 256 ) (0 -579 256 ) (0 -579 34.441299 ) (0 -692 34.441299 ) 
4 299 300 (648 -692 256 ) (0 -692 256 ) (0 -692 34.441299 ) (648 -692 34.441299 ) 
4 300 353 (0 -708 34.441299 ) (0 -708 256 ) (0 -692 256 ) (0 -692 34.441299 ) 
4 300 301 (648 -707.239014 34.441299 ) (648 -708 34.441299 ) (0 -708 34.441299 ) (0 -707.239014 34.441299 ) 
4 301 354 (0 -708 32 ) (0 -708 34.441299 ) (0 -707.239014 34.441299 ) (0 -707.239014 32 ) 
4 302 304 (1024 -708 0 ) (1024 -708 32 ) (696 -708 32 ) (696 -708 0 ) 
4 302 303 (1024 -708 0 ) (696 -708 0 ) (696 -288 0 ) (1024 -288 0 ) 
4 303 357 (0 -708 -256 ) (0 -708 0 ) (0 -288 0 ) (0 -288 -256 ) 
4 303 306 (1024 -708 -256 ) (1024 -708 0 ) (0 -708 0 ) (0 -708 -256 ) 
4 304 308 (1024 -1024 0 ) (1024 -1024 256 ) (696 -1024 256 ) (696 -1024 0 ) 
4 304 306 (1024 -1024 0 ) (696 -1024 0 ) (696 -708 0 ) (1024 -708 0 ) 
4 304 305 (696 -740 0 ) (696 -1024 0 ) (696 -1024 256 ) (696 -740 256 ) 
4 305 359 (0 -1024 0 ) (0 -1024 256 ) (0 -740 256 ) (0 -740 0 ) 
4 305 308 (696 -1024 256 ) (0 -1024 256 ) (0 -1024 0 ) (696 -1024 0 ) 
4 305 306 (696 -1024 0 ) (0 -1024 0 ) (0 -740 0 ) (696 -740 0 ) 
4 306 358 (0 -740 0 ) (0 -708 0 ) (0 -708 -256 ) (0 -740 -256 ) 
4 306 359 (0 -1024 -256 ) (0 -1024 0 ) (0 -740 0 ) (0 -740 -256 ) 
4 306 308 (1024 -1024 -256 ) (1024 -1024 0 ) (0 -1024 0 ) (0 -1024 -256 ) 
4 307 308 (1024 -1024 1024 ) (1024 -1024 -256 ) (1024 -1454.550171 -256 ) (1024 -1454.550171 1024 ) 
4 308 362 (0 -1454.550171 1024 ) (0 -1024 1024 ) (0 -1024 -256 ) (0 -1454.550171 -256 ) 
4 309 362 (0 -1024 288 ) (0 -1024 1024 ) (-1024 -1024 1024 ) (-1024 -1024 288 ) 
4 309 361 (-1024 0 1024 ) (-1024 0 288 ) (-1024 -1024 288 ) (-1024 -1024 1024 ) 
4 309 319 (-176 -740 288 ) (-176 -1024 288 ) (-288 -1024 288 ) (-288 -740 288 ) 
4 309 320 (-1024 -1024 288 ) (-1024 0 288 ) (-288 0 288 ) (-288 -1024 288 ) 
4 309 318 (-84 -1024 288 ) (-176 -1024 288 ) (-176 -740 288 ) (-84 -740 288 ) 
4 309 317 (0 -740 288 ) (0 -1024 288 ) (-84 -1024 288 ) (-84 -740 288 ) 
4 309 314 (0 -397 288 ) (0 -599 288 ) (-84 -599 288 ) (-84 -397 288 ) 
4 309 313 (0 -396 288 ) (0 -397 288 ) (-84 -397 288 ) (-84 -396 288 ) 
4 309 310 (-176 0 288 ) (0 0 288 ) (0 -128 288 ) (-176 -128 288 ) 
4 310 311 (0 -128 280 ) (-176 -128 280 ) (-176 0 280 ) (0 0 280 ) 
4 311 312 (0 -128 264 ) (-176 -128 264 ) (-176 0 264 ) (0 0 264 ) 
4 312 333 (-176 -128 256 ) (-176 0 256 ) (-96 0 256 ) (-96 -128 256 ) 
4 312 330 (-96 0 256 ) (-94 0 256 ) (-94 -82 256 ) (-96 -82 256 ) 
4 312 332 (-94 -82 256 ) (-94 -128 256 ) (-96 -128 256 ) (-96 -82 256 ) 
4 312 323 (0 -80 256 ) (0 -82 256 ) (-94 -82 256 ) (-94 -80 256 ) 
4 312 325 (0 -82 256 ) (0 -128 256 ) (-94 -128 256 ) (-94 -82 256 ) 
4 312 321 (-94 0 256 ) (0 0 256 ) (0 -80 256 ) (-94 -80 256 ) 
4 313 351 (-84 -397 256 ) (-84 -396 256 ) (0 -396 256 ) (0 -397 256 ) 
4 313 315 (-84 -397 280 ) (-84 -397 264 ) (0 -397 264 ) (0 -397 280 ) 
4 313 314 (-84 -397 288 ) (-84 -397 280 ) (0 -397 280 ) (0 -397 288 ) 
4 313 316 (-84 -397 264 ) (-84 -397 256 ) (0 -397 256 ) (0 -397 264 ) 
4 314 315 (0 -599 280 ) (-84 -599 280 ) (-84 -397 280 ) (0 -397 280 ) 
4 315 316 (0 -599 264 ) (-84 -599 264 ) (-84 -397 264 ) (0 -397 264 ) 
4 316 352 (-84 -599 256 ) (-84 -579 256 ) (0 -579 256 ) (0 -599 256 ) 
4 316 351 (-84 -579 256 ) (-84 -397 256 ) (0 -397 256 ) (0 -579 256 ) 
4 317 362 (0 -1024 256 ) (0 -1024 288 ) (-84 -1024 288 ) (-84 -1024 256 ) 
4 317 359 (0 -1024 256 ) (-84 -1024 256 ) (-84 -740 256 ) (0 -740 256 ) 
4 317 318 (-84 -740 256 ) (-84 -1024 256 ) (-84 -1024 288 ) (-84 -740 288 ) 
4 318 362 (-84 -1024 288 ) (-176 -1024 288 ) (-176 -1024 256 ) (-84 -1024 256 ) 
4 318 359 (-84 -1024 256 ) (-176 -1024 256 ) (-176 -740 256 ) (-84 -740 256 ) 
4 318 319 (-176 -740 256 ) (-176 -1024 256 ) (-176 -1024 288 ) (-176 -740 288 ) 
4 319 362 (-176 -1024 288 ) (-288 -1024 288 ) (-288 -1024 256 ) (-176 -1024 256 ) 
4 319 359 (-176 -1024 256 ) (-288 -1024 256 ) (-288 -740 256 ) (-176 -740 256 ) 
4 319 320 (-288 -740 256 ) (-288 -1024 256 ) (-288 -1024 288 ) (-288 -740 288 ) 
4 320 362 (-288 -1024 288 ) (-1024 -1024 288 ) (-1024 -1024 256 ) (-288 -1024 256 ) 
4 320 361 (-1024 0 288 ) (-1024 0 256 ) (-1024 -1024 256 ) (-1024 -1024 288 ) 
4 320 360 (-288 -1024 256 ) (-1024 -1024 256 ) (-1024 -708 256 ) (-288 -708 256 ) 
4 320 355 (-1024 -708 256 ) (-1024 -288 256 ) (-288 -288 256 ) (-288 -708 256 ) 
4 320 342 (-1024 -288 256 ) (-1024 -256 256 ) (-288 -256 256 ) (-288 -288 256 ) 
4 320 340 (-1024 -256 256 ) (-1024 0 256 ) (-288 0 256 ) (-288 -256 256 ) 
4 321 330 (-94 -80 42 ) (-94 -80 256 ) (-94 0 256 ) (-94 0 42 ) 
4 321 323 (-94 -80 256 ) (-94 -80 42 ) (0 -80 42 ) (0 -80 256 ) 
4 322 331 (-94 0 32 ) (-94 -80 32 ) (-94 -80 32.380798 ) (-94 0 32.380798 ) 
4 322 324 (-94 -80 32.380798 ) (-94 -80 32 ) (0 -80 32 ) (0 -80 32.380798 ) 
4 323 330 (-94 -82 42 ) (-94 -82 256 ) (-94 -80 256 ) (-94 -80 42 ) 
4 323 325 (-94 -82 256 ) (-94 -82 42 ) (0 -82 42 ) (0 -82 256 ) 
4 324 331 (-94 -80 32 ) (-94 -82 32 ) (-94 -82 32.380798 ) (-94 -80 32.380798 ) 
4 324 325 (-94 -82 32.380798 ) (-94 -82 32 ) (0 -82 32 ) (0 -82 32.380798 ) 
4 325 332 (-94 -82 32 ) (-94 -250 32 ) (-94 -250 256 ) (-94 -82 256 ) 
4 325 328 (-39 -250 32 ) (0 -250 32 ) (0 -250 114.091003 ) (-39 -250 114.091003 ) 
4 325 329 (-94 -250 114.091003 ) (-94 -250 32 ) (-43 -250 32 ) (-43 -250 114.091003 ) 
4 325 326 (0 -250 118 ) (0 -250 256 ) (-43 -250 256 ) (-43 -250 118 ) 
4 325 327 (-94 -250 256 ) (-94 -250 114.091003 ) (-43 -250 114.091003 ) (-43 -250 256 ) 
4 326 327 (-43 -250 256 ) (-43 -250 118 ) (-43 -256 118 ) (-43 -256 256 ) 
4 327 332 (-94 -256 114.091003 ) (-94 -256 256 ) (-94 -250 256 ) (-94 -250 114.091003 ) 
4 327 329 (-43 -256 114.091003 ) (-94 -256 114.091003 ) (-94 -250 114.091003 ) (-43 -250 114.091003 ) 
4 328 343 (-39 -256 32 ) (0 -256 32 ) (0 -256 114.091003 ) (-39 -256 114.091003 ) 
4 329 332 (-94 -250 32 ) (-94 -256 32 ) (-94 -256 114.091003 ) (-94 -250 114.091003 ) 
4 330 333 (-96 -82 42 ) (-96 -82 256 ) (-96 0 256 ) (-96 0 42 ) 
4 330 332 (-96 -82 256 ) (-96 -82 42 ) (-94 -82 42 ) (-94 -82 256 ) 
4 331 333 (-96 0 32 ) (-96 -82 32 ) (-96 -82 32.380798 ) (-96 0 32.380798 ) 
4 331 332 (-96 -82 32.380798 ) (-96 -82 32 ) (-94 -82 32 ) (-94 -82 32.380798 ) 
4 332 333 (-96 -82 32 ) (-96 -256 32 ) (-96 -256 256 ) (-96 -82 256 ) 
4 333 334 (-240 0 32 ) (-240 -240 32 ) (-240 -240 256 ) (-240 0 256 ) 
4 334 338 (-250 -42 32 ) (-250 -240 32 ) (-250 -240 256 ) (-250 -42 256 ) 
4 334 337 (-250 0 32 ) (-250 -38 32 ) (-250 -38 114.091003 ) (-250 0 114.091003 ) 
4 334 335 (-250 -42 118 ) (-250 -42 256 ) (-250 0 256 ) (-250 0 118 ) 
4 335 338 (-255 -42 118 ) (-250 -42 118 ) (-250 -42 256 ) (-255 -42 256 ) 
4 335 336 (-255 -40 118 ) (-255 -42 118 ) (-255 -42 256 ) (-255 -40 256 ) 
4 336 338 (-256 -42 256 ) (-256 -42 118 ) (-255 -42 118 ) (-255 -42 256 ) 
4 339 345 (-256 -256 0 ) (-256 -256 -256 ) (0 -256 -256 ) (0 -256 0 ) 
4 339 341 (-256 -256 -256 ) (-256 -256 0 ) (-256 0 0 ) (-256 0 -256 ) 
4 340 361 (-1024 0 256 ) (-1024 0 0 ) (-1024 -256 0 ) (-1024 -256 256 ) 
4 340 346 (-1024 -256 32 ) (-1024 -256 0 ) (-288 -256 0 ) (-288 -256 32 ) 
4 340 344 (-1024 -256 114 ) (-1024 -256 32 ) (-288 -256 32 ) (-288 -256 114 ) 
4 340 342 (-288 -256 256 ) (-1024 -256 256 ) (-1024 -256 114 ) (-288 -256 114 ) 
4 340 341 (-288 -256 0 ) (-1024 -256 0 ) (-1024 0 0 ) (-288 0 0 ) 
4 341 361 (-1024 0 0 ) (-1024 0 -256 ) (-1024 -256 -256 ) (-1024 -256 0 ) 
4 341 345 (-288 -256 -256 ) (-256 -256 -256 ) (-256 -256 0 ) (-288 -256 0 ) 
4 341 346 (-1024 -256 0 ) (-1024 -256 -256 ) (-288 -256 -256 ) (-288 -256 0 ) 
4 342 361 (-1024 -288 114 ) (-1024 -288 256 ) (-1024 -256 256 ) (-1024 -256 114 ) 
4 342 355 (-288 -288 256 ) (-1024 -288 256 ) (-1024 -288 114 ) (-288 -288 114 ) 
4 342 344 (-288 -288 114 ) (-1024 -288 114 ) (-1024 -256 114 ) (-288 -256 114 ) 
4 343 348 (0 -288 32 ) (0 -288 114 ) (-39 -288 114 ) (-39 -288 32 ) 
4 344 361 (-1024 -288 32 ) (-1024 -288 114 ) (-1024 -256 114 ) (-1024 -256 32 ) 
4 344 355 (-288 -288 114 ) (-1024 -288 114 ) (-1024 -288 32 ) (-288 -288 32 ) 
4 344 346 (-288 -288 32 ) (-1024 -288 32 ) (-1024 -256 32 ) (-288 -256 32 ) 
4 345 357 (0 -288 -256 ) (0 -288 0 ) (-288 -288 0 ) (-288 -288 -256 ) 
4 345 346 (-288 -256 -256 ) (-288 -288 -256 ) (-288 -288 0 ) (-288 -256 0 ) 
4 346 361 (-1024 -288 -256 ) (-1024 -288 32 ) (-1024 -256 32 ) (-1024 -256 -256 ) 
4 346 357 (-1024 -288 0 ) (-1024 -288 -256 ) (-288 -288 -256 ) (-288 -288 0 ) 
4 346 356 (-288 -288 32 ) (-1024 -288 32 ) (-1024 -288 0 ) (-288 -288 0 ) 
4 347 350 (0 -294 118 ) (0 -294 256 ) (-43 -294 256 ) (-43 -294 118 ) 
4 347 349 (-43 -288 256 ) (-43 -288 118 ) (-43 -294 118 ) (-43 -294 256 ) 
4 348 350 (-39 -294 32 ) (0 -294 32 ) (0 -294 114.091003 ) (-39 -294 114.091003 ) 
4 349 350 (-239.973007 -294 32 ) (-43 -294 32 ) (-43 -294 256 ) (-239.973007 -294 256 ) 
4 350 351 (-239.973007 -303.842010 32 ) (0 -303.842010 32 ) (0 -303.842010 256 ) (-239.973007 -303.842010 256 ) 
4 351 352 (-256 -579 256 ) (-256 -579 34.441299 ) (0 -579 34.441299 ) (0 -579 256 ) 
4 352 353 (-240 -692 34.441299 ) (0 -692 34.441299 ) (0 -692 256 ) (-240 -692 256 ) 
4 353 354 (0 -708 34.441299 ) (-240 -708 34.441299 ) (-240 -707.239014 34.441299 ) (0 -707.239014 34.441299 ) 
4 355 361 (-1024 -708 32 ) (-1024 -708 256 ) (-1024 -288 256 ) (-1024 -288 32 ) 
4 355 360 (-288 -708 256 ) (-1024 -708 256 ) (-1024 -708 32 ) (-288 -708 32 ) 
4 355 356 (-288 -708 32 ) (-1024 -708 32 ) (-1024 -288 32 ) (-288 -288 32 ) 
4 356 361 (-1024 -708 0 ) (-1024 -708 32 ) (-1024 -288 32 ) (-1024 -288 0 ) 
4 356 360 (-1024 -708 32 ) (-1024 -708 0 ) (-288 -708 0 ) (-288 -708 32 ) 
4 356 357 (-288 -708 0 ) (-1024 -708 0 ) (-1024 -288 0 ) (-288 -288 0 ) 
4 357 361 (-1024 -708 -256 ) (-1024 -708 0 ) (-1024 -288 0 ) (-1024 -288 -256 ) 
4 357 358 (-288 -708 -256 ) (0 -708 -256 ) (0 -708 0 ) (-288 -708 0 ) 
4 357 360 (-1024 -708 0 ) (-1024 -708 -256 ) (-288 -708 -256 ) (-288 -708 0 ) 
4 358 359 (-288 -740 0 ) (-288 -740 -256 ) (0 -740 -256 ) (0 -740 0 ) 
4 358 360 (-288 -708 0 ) (-288 -708 -256 ) (-288 -740 -256 ) (-288 -740 0 ) 
4 359 362 (0 -1024 -256 ) (0 -1024 256 ) (-288 -1024 256 ) (-288 -1024 -256 ) 
4 359 360 (-288 -740 -256 ) (-288 -1024 -256 ) (-288 -1024 256 ) (-288 -740 256 ) 
4 360 362 (-288 -1024 256 ) (-1024 -1024 256 ) (-1024 -1024 -256 ) (-288 -1024 -256 ) 
4 360 361 (-1024 -1024 -256 ) (-1024 -1024 256 ) (-1024 -708 256 ) (-1024 -708 -256 ) 
4 361 363 (-1024 -1024 -256 ) (-1024 -1024 1024 ) (-1425.550171 -1024 1024 ) (-1425.550171 -1024 -256 ) 
4 362 363 (-1024 -1024 1024 ) (-1024 -1024 -256 ) (-1024 -1454.550171 -256 ) (-1024 -1454.550171 1024 ) 
